03-02 12:22:42.305 22070 22070 F DEBUG   :       #135 pc 000000000066ab6c  /apex/com.android.art/lib64/libart.so (bool art::interpreter::DoCall<false>(art::ArtMethod*, art::Thread*, art::ShadowFrame&, art::Instruction const*, unsigned short, bool, art::JValue*)+2068) (BuildId: eb4ec0f1d1c7267591d83fa87cb36390)
03-02 12:22:42.305 22070 22070 F DEBUG   :       #136 pc 0000000000671998  /apex/com.android.art/lib64/libart.so (void art::interpreter::ExecuteSwitchImplCpp<false>(art::interpreter::SwitchImplContext*)+1280) (BuildId: eb4ec0f1d1c7267591d83fa87cb36390)
03-02 12:22:42.305 22070 22070 F DEBUG   :       #137 pc 00000000002ff738  /apex/com.android.art/lib64/libart.so (ExecuteSwitchImplAsm+8) (BuildId: eb4ec0f1d1c7267591d83fa87cb36390)
03-02 12:22:42.305 22070 22070 F DEBUG   :       #138 pc 00000000001dfc08  /system/framework/framework.jar (offset 0x7000) (android.app.ActivityThread.main+0)
03-02 12:22:42.305 22070 22070 F DEBUG   :       #139 pc 0000000000300b2c  /apex/com.android.art/lib64/libart.so (art::interpreter::Execute(art::Thread*, art::CodeItemDataAccessor const&, art::ShadowFrame&, art::JValue, bool, bool) (.__uniq.112435418011751916792819755956732575238.llvm.4837409187647361565)+332) (BuildId: eb4ec0f1d1c7267591d83fa87cb36390)
03-02 12:22:42.305 22070 22070 F DEBUG   :       #140 pc 0000000000300360  /apex/com.android.art/lib64/libart.so (artQuickToInterpreterBridge+888) (BuildId: eb4ec0f1d1c7267591d83fa87cb36390)
03-02 12:22:42.305 22070 22070 F DEBUG   :       #141 pc 000000000032e638  /apex/com.android.art/lib64/libart.so (art_quick_to_interpreter_bridge+88) (BuildId: eb4ec0f1d1c7267591d83fa87cb36390)
03-02 12:22:42.305 22070 22070 F DEBUG   :       #142 pc 0000000000317460  /apex/com.android.art/lib64/libart.so (art_quick_invoke_static_stub+640) (BuildId: eb4ec0f1d1c7267591d83fa87cb36390)
03-02 12:22:42.305 22070 22070 F DEBUG   :       #143 pc 0000000000311508  /apex/com.android.art/lib64/libart.so (_jobject* art::InvokeMethod<(art::PointerSize)8>(art::ScopedObjectAccessAlreadyRunnable const&, _jobject*, _jobject*, _jobject*, unsigned long)+544) (BuildId: eb4ec0f1d1c7267591d83fa87cb36390)
03-02 12:22:42.305 22070 22070 F DEBUG   :       #144 pc 00000000005c82c8  /apex/com.android.art/lib64/libart.so (art::Method_invoke(_JNIEnv*, _jobject*, _jobject*, _jobjectArray*) (.__uniq.165753521025965369065708152063621506277)+32) (BuildId: eb4ec0f1d1c7267591d83fa87cb36390)
03-02 12:22:42.305 22070 22070 F DEBUG   :       #145 pc 000000000032e500  /apex/com.android.art/lib64/libart.so (art_quick_generic_jni_trampoline+144) (BuildId: eb4ec0f1d1c7267591d83fa87cb36390)
03-02 12:22:42.305 22070 22070 F DEBUG   :       #146 pc 0000000000317194  /apex/com.android.art/lib64/libart.so (art_quick_invoke_stub+612) (BuildId: eb4ec0f1d1c7267591d83fa87cb36390)
03-02 12:22:42.305 22070 22070 F DEBUG   :       #147 pc 000000000066a984  /apex/com.android.art/lib64/libart.so (bool art::interpreter::DoCall<false>(art::ArtMethod*, art::Thread*, art::ShadowFrame&, art::Instruction const*, unsigned short, bool, art::JValue*)+1580) (BuildId: eb4ec0f1d1c7267591d83fa87cb36390)
03-02 12:22:42.305 22070 22070 F DEBUG   :       #148 pc 00000000006717fc  /apex/com.android.art/lib64/libart.so (void art::interpreter::ExecuteSwitchImplCpp<false>(art::interpreter::SwitchImplContext*)+868) (BuildId: eb4ec0f1d1c7267591d83fa87cb36390)
03-02 12:22:42.305 22070 22070 F DEBUG   :       #149 pc 00000000002ff738  /apex/com.android.art/lib64/libart.so (ExecuteSwitchImplAsm+8) (BuildId: eb4ec0f1d1c7267591d83fa87cb36390)
03-02 12:22:42.305 22070 22070 F DEBUG   :       #150 pc 0000000000360a34  /system/framework/framework.jar (offset 0x2420000) (com.android.internal.os.RuntimeInit$MethodAndArgsCaller.run+0)
03-02 12:22:42.305 22070 22070 F DEBUG   :       #151 pc 0000000000300b2c  /apex/com.android.art/lib64/libart.so (art::interpreter::Execute(art::Thread*, art::CodeItemDataAccessor const&, art::ShadowFrame&, art::JValue, bool, bool) (.__uniq.112435418011751916792819755956732575238.llvm.4837409187647361565)+332) (BuildId: eb4ec0f1d1c7267591d83fa87cb36390)
03-02 12:22:42.305 22070 22070 F DEBUG   :       #152 pc 0000000000300360  /apex/com.android.art/lib64/libart.so (artQuickToInterpreterBridge+888) (BuildId: eb4ec0f1d1c7267591d83fa87cb36390)
03-02 12:22:42.305 22070 22070 F DEBUG   :       #153 pc 000000000032e638  /apex/com.android.art/lib64/libart.so (art_quick_to_interpreter_bridge+88) (BuildId: eb4ec0f1d1c7267591d83fa87cb36390)
03-02 12:22:42.305 22070 22070 F DEBUG   :       #154 pc 0000000000e7a704  /data/misc/apexdata/com.android.art/dalvik-cache/arm64/boot.oat (com.android.internal.os.ZygoteInit.main+3908)
03-02 12:22:42.305 22070 22070 F DEBUG   :       #155 pc 0000000000317460  /apex/com.android.art/lib64/libart.so (art_quick_invoke_static_stub+640) (BuildId: eb4ec0f1d1c7267591d83fa87cb36390)
03-02 12:22:42.305 22070 22070 F DEBUG   :       #156 pc 0000000000316100  /apex/com.android.art/lib64/libart.so (art::JValue art::InvokeWithVarArgs<_jmethodID*>(art::ScopedObjectAccessAlreadyRunnable const&, _jobject*, _jmethodID*, std::__va_list)+800) (BuildId: eb4ec0f1d1c7267591d83fa87cb36390)
03-02 12:22:42.305 22070 22070 F DEBUG   :       #157 pc 0000000000639868  /apex/com.android.art/lib64/libart.so (art::JNI<true>::CallStaticVoidMethodV(_JNIEnv*, _jclass*, _jmethodID*, std::__va_list)+156) (BuildId: eb4ec0f1d1c7267591d83fa87cb36390)
03-02 12:22:42.305 22070 22070 F DEBUG   :       #158 pc 000000000010b568  /system/lib64/libandroid_runtime.so (_JNIEnv::CallStaticVoidMethod(_jclass*, _jmethodID*, ...)+104) (BuildId: 959200b052439d1e59c3c245c98f9d96)
03-02 12:22:42.305 22070 22070 F DEBUG   :       #159 pc 00000000001390f4  /system/lib64/libandroid_runtime.so (android::AndroidRuntime::start(char const*, android::Vector<android::String8> const&, bool)+1204) (BuildId: 959200b052439d1e59c3c245c98f9d96)
03-02 12:22:42.305 22070 22070 F DEBUG   :       #160 pc 0000000000004698  /system/bin/app_process64 (main+1464) (BuildId: 8298230449e9ce4665160e74afe511e7)
03-02 12:22:42.305 22070 22070 F DEBUG   :       #161 pc 000000000006c1c8  /apex/com.android.runtime/lib64/bionic/libc.so (__libc_init+120) (BuildId: bb3194b7811ae2cf4021b5d37f3bd860)
03-02 12:22:42.379 22073 22073 F libc    : FORTIFY: vsnprintf: size 18446744073709551599 > SSIZE_MAX
03-02 16:07:13.402 25488 25488 E AndroidRuntime: FATAL EXCEPTION: main
03-02 16:07:13.402 25488 25488 E AndroidRuntime: Process: com.emberlock.app, PID: 25488
03-02 16:07:13.402 25488 25488 E AndroidRuntime: java.lang.NullPointerException: java.lang.NullPointerException
03-02 16:07:13.402 25488 25488 E AndroidRuntime: 	at com.facebook.react.devsupport.CxxInspectorPackagerConnection$WebSocketDelegate.didReceiveMessage(Native Method)
03-02 16:07:13.402 25488 25488 E AndroidRuntime: 	at com.facebook.react.devsupport.CxxInspectorPackagerConnection$DelegateImpl$connectWebSocket$webSocket$1.onMessage$lambda$1(CxxInspectorPackagerConnection.kt:111)
03-02 16:07:13.402 25488 25488 E AndroidRuntime: 	at com.facebook.react.devsupport.CxxInspectorPackagerConnection$DelegateImpl$connectWebSocket$webSocket$1.$r8$lambda$O31gJ9mPudNC5xHMm3nPJgxbPDI(Unknown Source:0)
03-02 16:07:13.402 25488 25488 E AndroidRuntime: 	at com.facebook.react.devsupport.CxxInspectorPackagerConnection$DelegateImpl$connectWebSocket$webSocket$1$$ExternalSyntheticLambda3.run(D8$$SyntheticClass:0)
03-02 16:07:13.402 25488 25488 E AndroidRuntime: 	at android.os.Handler.handleCallback(Handler.java:995)
03-02 16:07:13.402 25488 25488 E AndroidRuntime: 	at android.os.Handler.dispatchMessage(Handler.java:103)
03-02 16:07:13.402 25488 25488 E AndroidRuntime: 	at android.os.Looper.loopOnce(Looper.java:267)
03-02 16:07:13.402 25488 25488 E AndroidRuntime: 	at android.os.Looper.loop(Looper.java:360)
03-02 16:07:13.402 25488 25488 E AndroidRuntime: 	at android.app.ActivityThread.main(ActivityThread.java:10054)
03-02 16:07:13.402 25488 25488 E AndroidRuntime: 	at java.lang.reflect.Method.invoke(Native Method)
03-02 16:07:13.402 25488 25488 E AndroidRuntime: 	at com.android.internal.os.RuntimeInit$MethodAndArgsCaller.run(RuntimeInit.java:616)
03-02 16:07:13.402 25488 25488 E AndroidRuntime: 	at com.android.internal.os.ZygoteInit.main(ZygoteInit.java:1115)
--------- beginning of system
03-03 16:40:04.710  1859  3255 E DeviceGuardManagerService: bindLockRemoteService result = null
03-03 16:40:09.717  1859  3255 E DeviceGuardManagerService: bindLockRemoteService result = null
03-03 16:40:14.418  1859  2843 E JobScheduler.Background: Couldn't determine stopped state for unknown package: com.google.android.apps.turbo
03-03 16:40:14.418  1859  2843 E JobScheduler.Background: Couldn't determine stopped state for unknown package: com.google.android.apps.turbo
03-03 16:40:14.418  1859  2843 E JobScheduler.Background: Couldn't determine stopped state for unknown package: com.google.android.apps.turbo
03-03 16:40:14.418  1859  2843 E JobScheduler.Background: Couldn't determine stopped state for unknown package: com.google.android.apps.turbo
03-03 16:40:14.418  1859  2843 E JobScheduler.Background: Couldn't determine stopped state for unknown package: com.google.android.apps.turbo
03-03 16:40:14.421  1859  1878 E IMiCharge: MiCharge method 9 val = 277
03-03 16:40:14.421  1859  1878 E IMiCharge: MiCharge method 10 val = 0
03-03 16:40:14.720  1859  3255 E DeviceGuardManagerService: bindLockRemoteService result = null
03-03 16:40:16.920  1859  3646 E VibratorManagerServiceImpl: vibrationThreadSetParameters
03-03 16:40:16.977  1859  3646 E TransitionChain: Can't collect into a chain with no transition
03-03 16:40:19.722  1859  3255 E DeviceGuardManagerService: bindLockRemoteService result = null
03-03 16:40:22.215  1859  2083 E BatteryStatsService: note track volume change AudioToPower BatteryStatsservices 10442 15358 201193 1.0 1.0
03-03 16:40:22.216  1859  2083 E BatteryStatsService: note track volume change AudioToPower BatteryStatsservices 10442 15358 201193 1.0 1.0
03-03 16:40:22.250  1859  3652 E AppOps  : attributionTag  not declared in manifest of com.whatsapp
03-03 16:40:22.251  1859  3652 E AppOps  : attributionTag  not declared in manifest of com.whatsapp
03-03 16:40:22.256  1859  2083 E BatteryStatsService: note StartAudioToPower BatteryStatsservices10442 15358 201193 24710 2
03-03 16:40:22.258  1859  3652 E AppOps  : attributionTag  not declared in manifest of com.whatsapp
03-03 16:40:22.260  1859  4409 E AppOps  : attributionTag  not declared in manifest of com.whatsapp
03-03 16:40:22.270  1859  2083 E BatteryStatsService: note device change AudioToPower BatteryStatsservices 10442 15358 201193 2
03-03 16:40:22.368  1859  2083 E BatteryStatsService: note final volume change AudioToPower BatteryStatsservices 10442 15358 201193 0.00501193
03-03 16:40:22.495  1859  2083 E BatteryStatsService: note StopAudioToPower BatteryStatsservices10442 15358 201193 24710 2
03-03 16:40:23.118  1859  3646 E VibratorManagerServiceImpl: vibrationThreadSetParameters
03-03 16:40:23.213  1859  4408 E AppOps  : Bad call made by uid 1001. Package "com.android.phone" does not belong to uid 10160.
03-03 16:40:23.214  1859  4408 E AppOps  : Cannot getAppOpMode
03-03 16:40:23.214  1859  4408 E AppOps  : java.lang.SecurityException: Specified package "com.android.phone" under uid 10160 but it is not
03-03 16:40:23.214  1859  4408 E AppOps  : 	at com.android.server.appop.AppOpsService.verifyAndGetBypass(AppOpsService.java:5235)
03-03 16:40:23.214  1859  4408 E AppOps  : 	at com.android.server.appop.AppOpsService.verifyAndGetBypass(AppOpsService.java:5096)
03-03 16:40:23.214  1859  4408 E AppOps  : 	at com.android.server.appop.AppOpsService.verifyAndGetBypass(AppOpsService.java:5088)
03-03 16:40:23.214  1859  4408 E AppOps  : 	at com.android.server.appop.AppOpsService.getAppOpMode(AppOpsService.java:3185)
03-03 16:40:23.214  1859  4408 E AppOps  : 	at com.android.server.appop.AppOpsService.checkOperationImpl(AppOpsService.java:3097)
03-03 16:40:23.214  1859  4408 E AppOps  : 	at com.android.server.appop.AppOpsService.-$$Nest$mcheckOperationImpl(Unknown Source:0)
03-03 16:40:23.214  1859  4408 E AppOps  : 	at com.android.server.appop.AppOpsService$CheckOpsDelegateDispatcher.$r8$lambda$p7Z0eGBUU1-Gt7vHG9S-93UhGlY(Unknown Source:0)
03-03 16:40:23.214  1859  4408 E AppOps  : 	at com.android.server.appop.AppOpsService$CheckOpsDelegateDispatcher$$ExternalSyntheticLambda12.apply(D8$$SyntheticClass:0)
03-03 16:40:23.214  1859  4408 E AppOps  : 	at com.android.server.policy.AppOpsPolicy.checkOperation(AppOpsPolicy.java:237)
03-03 16:40:23.214  1859  4408 E AppOps  : 	at com.android.server.appop.AppOpsService$CheckOpsDelegateDispatcher.checkOperation(AppOpsService.java:8027)
03-03 16:40:23.214  1859  4408 E AppOps  : 	at com.android.server.appop.AppOpsService.checkOperationRawForDevice(AppOpsService.java:3037)
03-03 16:40:23.214  1859  4408 E AppOps  : 	at com.android.internal.app.IAppOpsService$Stub.onTransact(IAppOpsService.java:1303)
03-03 16:40:23.214  1859  4408 E AppOps  : 	at android.os.Binder.execTransactInternal(Binder.java:1433)
03-03 16:40:23.214  1859  4408 E AppOps  : 	at android.os.Binder.execTransact(Binder.java:1372)
03-03 16:40:23.214  1859  4408 E AppOps  : Bad call made by uid 1001. Package "com.android.phone" does not belong to uid 10160.
03-03 16:40:23.214  1859  4408 E AppOps  : Cannot noteOperation
03-03 16:40:23.214  1859  4408 E AppOps  : java.lang.SecurityException: Specified package "com.android.phone" under uid 10160 but it is not
03-03 16:40:23.214  1859  4408 E AppOps  : 	at com.android.server.appop.AppOpsService.verifyAndGetBypass(AppOpsService.java:5235)
03-03 16:40:23.214  1859  4408 E AppOps  : 	at com.android.server.appop.AppOpsService.verifyAndGetBypass(AppOpsService.java:5096)
03-03 16:40:23.214  1859  4408 E AppOps  : 	at com.android.server.appop.AppOpsService.noteOperationUnchecked(AppOpsService.java:3490)
03-03 16:40:23.214  1859  4408 E AppOps  : 	at com.android.server.appop.AppOpsService.noteOperationImpl(AppOpsService.java:3477)
03-03 16:40:23.214  1859  4408 E AppOps  : 	at com.android.server.appop.AppOpsService.-$$Nest$mnoteOperationImpl(Unknown Source:0)
03-03 16:40:23.214  1859  4408 E AppOps  : 	at com.android.server.appop.AppOpsService$CheckOpsDelegateDispatcher.$r8$lambda$eTKLGbByFLiOzK62QHhpSvtx4do(Unknown Source:0)
03-03 16:40:23.214  1859  4408 E AppOps  : 	at com.android.server.appop.AppOpsService$CheckOpsDelegateDispatcher$$ExternalSyntheticLambda0.apply(D8$$SyntheticClass:0)
03-03 16:40:23.214  1859  4408 E AppOps  : 	at com.android.server.policy.AppOpsPolicy.noteOperation(AppOpsPolicy.java:254)
03-03 16:40:23.214  1859  4408 E AppOps  : 	at com.android.server.appop.AppOpsService$CheckOpsDelegateDispatcher.noteOperation(AppOpsService.java:8075)
03-03 16:40:23.214  1859  4408 E AppOps  : 	at com.android.server.appop.AppOpsService.noteOperation(AppOpsService.java:3424)
03-03 16:40:23.214  1859  4408 E AppOps  : 	at com.android.internal.app.IAppOpsService$Stub.onTransact(IAppOpsService.java:586)
03-03 16:40:23.214  1859  4408 E AppOps  : 	at android.os.Binder.execTransactInternal(Binder.java:1433)
03-03 16:40:23.214  1859  4408 E AppOps  : 	at android.os.Binder.execTransact(Binder.java:1372)
03-03 16:40:23.366  1859  4408 E TransitionChain: Can't collect into a chain with no transition
03-03 16:40:24.724  1859  3255 E DeviceGuardManagerService: bindLockRemoteService result = null
03-03 16:40:26.683  1859  4409 E VibratorManagerServiceImpl: vibrationThreadSetParameters
03-03 16:40:26.705  1859  2818 E TransitionChain: Mismatch between current collecting (TransitionRecord{3a4d4fe id=22642 type=CLOSE flags=0x0 c=[
03-03 16:40:26.705  1859  2818 E TransitionChain:    ChangeInfo{596c77b container=ActivityRecord{93327836 u0 com.whatsapp/.home.ui.HomeActivity t7838} flags=0x0}
03-03 16:40:26.705  1859  2818 E TransitionChain:    ChangeInfo{88445f container=Display{#0 state=ON size=1220x2712 ROTATION_0} flags=0x0}
03-03 16:40:26.705  1859  2818 E TransitionChain:    ChangeInfo{f543eac container=ActivityRecord{141111007 u0 com.whatsapp/.Conversation t7838 f}} flags=0x0}
03-03 16:40:26.705  1859  2818 E TransitionChain:    ChangeInfo{6ff4775 container=Task{88af925 #7838 type=standard A=10442:com.whatsapp} flags=0x0}
03-03 16:40:26.705  1859  2818 E TransitionChain:    ChangeInfo{bf5430a container=DefaultTaskDisplayArea@164064817 flags=0x0}
03-03 16:40:26.705  1859  2818 E TransitionChain: ]
03-03 16:40:26.705  1859  2818 E TransitionChain: }) and chain (TransitionRecord{3a4d4fe id=22642 type=CLOSE flags=0x0 c=[
03-03 16:40:26.705  1859  2818 E TransitionChain:    ChangeInfo{596c77b container=ActivityRecord{93327836 u0 com.whatsapp/.home.ui.HomeActivity t7838} flags=0x0}
03-03 16:40:26.705  1859  2818 E TransitionChain:    ChangeInfo{88445f container=Display{#0 state=ON size=1220x2712 ROTATION_0} flags=0x0}
03-03 16:40:26.705  1859  2818 E TransitionChain:    ChangeInfo{f543eac container=ActivityRecord{141111007 u0 com.whatsapp/.Conversation t7838 f}} flags=0x0}
03-03 16:40:26.705  1859  2818 E TransitionChain:    ChangeInfo{6ff4775 container=Task{88af925 #7838 type=standard A=10442:com.whatsapp} flags=0x0}
03-03 16:40:26.705  1859  2818 E TransitionChain:    ChangeInfo{bf5430a container=DefaultTaskDisplayArea@164064817 flags=0x0}
03-03 16:40:26.705  1859  2818 E TransitionChain: ]
03-03 16:40:26.705  1859  2818 E TransitionChain: })
03-03 16:40:28.241  1859  3876 E TransitionChain: Mismatch between current collecting (TransitionRecord{b681a10 id=22643 type=OPEN flags=0x0 c=[
03-03 16:40:28.241  1859  3876 E TransitionChain:    ChangeInfo{ee249e6 container=ActivityRecord{93327836 u0 com.whatsapp/.home.ui.HomeActivity t7838} flags=0x0}
03-03 16:40:28.241  1859  3876 E TransitionChain:    ChangeInfo{fbe61a container=Display{#0 state=ON size=1220x2712 ROTATION_0} flags=0x0}
03-03 16:40:28.241  1859  3876 E TransitionChain:    ChangeInfo{d79154b container=Task{88af925 #7838 type=standard A=10442:com.whatsapp} flags=0x0}
03-03 16:40:28.241  1859  3876 E TransitionChain:    ChangeInfo{40d1b28 container=DefaultTaskDisplayArea@164064817 flags=0x0}
03-03 16:40:28.241  1859  3876 E TransitionChain:    ChangeInfo{caf041 container=ActivityRecord{195307785 u0 com.whatsapp/.Conversation t7838} flags=0x0}
03-03 16:40:28.241  1859  3876 E TransitionChain: ]
03-03 16:40:28.241  1859  3876 E TransitionChain: }) and chain (TransitionRecord{b681a10 id=22643 type=OPEN flags=0x0 c=[
03-03 16:40:28.241  1859  3876 E TransitionChain:    ChangeInfo{ee249e6 container=ActivityRecord{93327836 u0 com.whatsapp/.home.ui.HomeActivity t7838} flags=0x0}
03-03 16:40:28.241  1859  3876 E TransitionChain:    ChangeInfo{fbe61a container=Display{#0 state=ON size=1220x2712 ROTATION_0} flags=0x0}
03-03 16:40:28.241  1859  3876 E TransitionChain:    ChangeInfo{d79154b container=Task{88af925 #7838 type=standard A=10442:com.whatsapp} flags=0x0}
03-03 16:40:28.241  1859  3876 E TransitionChain:    ChangeInfo{40d1b28 container=DefaultTaskDisplayArea@164064817 flags=0x0}
03-03 16:40:28.241  1859  3876 E TransitionChain:    ChangeInfo{caf041 container=ActivityRecord{195307785 u0 com.whatsapp/.Conversation t7838} flags=0x0}
03-03 16:40:28.241  1859  3876 E TransitionChain: ]
03-03 16:40:28.241  1859  3876 E TransitionChain: })
03-03 16:40:28.243  1859  3876 E TransitionChain: Mismatch between current collecting (TransitionRecord{b681a10 id=22643 type=OPEN flags=0x0 c=[
03-03 16:40:28.243  1859  3876 E TransitionChain:    ChangeInfo{ee249e6 container=ActivityRecord{93327836 u0 com.whatsapp/.home.ui.HomeActivity t7838} flags=0x0}
03-03 16:40:28.243  1859  3876 E TransitionChain:    ChangeInfo{fbe61a container=Display{#0 state=ON size=1220x2712 ROTATION_0} flags=0x0}
03-03 16:40:28.243  1859  3876 E TransitionChain:    ChangeInfo{d79154b container=Task{88af925 #7838 type=standard A=10442:com.whatsapp} flags=0x0}
03-03 16:40:28.243  1859  3876 E TransitionChain:    ChangeInfo{40d1b28 container=DefaultTaskDisplayArea@164064817 flags=0x0}
03-03 16:40:28.243  1859  3876 E TransitionChain:    ChangeInfo{caf041 container=ActivityRecord{195307785 u0 com.whatsapp/.Conversation t7838} flags=0x0}
03-03 16:40:28.243  1859  3876 E TransitionChain: ]
03-03 16:40:28.243  1859  3876 E TransitionChain: }) and chain (TransitionRecord{b681a10 id=22643 type=OPEN flags=0x0 c=[
03-03 16:40:28.243  1859  3876 E TransitionChain:    ChangeInfo{ee249e6 container=ActivityRecord{93327836 u0 com.whatsapp/.home.ui.HomeActivity t7838} flags=0x0}
03-03 16:40:28.243  1859  3876 E TransitionChain:    ChangeInfo{fbe61a container=Display{#0 state=ON size=1220x2712 ROTATION_0} flags=0x0}
03-03 16:40:28.243  1859  3876 E TransitionChain:    ChangeInfo{d79154b container=Task{88af925 #7838 type=standard A=10442:com.whatsapp} flags=0x0}
03-03 16:40:28.243  1859  3876 E TransitionChain:    ChangeInfo{40d1b28 container=DefaultTaskDisplayArea@164064817 flags=0x0}
03-03 16:40:28.243  1859  3876 E TransitionChain:    ChangeInfo{caf041 container=ActivityRecord{195307785 u0 com.whatsapp/.Conversation t7838} flags=0x0}
03-03 16:40:28.243  1859  3876 E TransitionChain: ]
03-03 16:40:28.243  1859  3876 E TransitionChain: })
03-03 16:40:28.348  1859  6793 E TransitionChain: Can't collect into a chain with no transition
03-03 16:40:29.728  1859  3255 E DeviceGuardManagerService: bindLockRemoteService result = null
03-03 16:40:30.793  1859  3875 E TransitionChain: Mismatch between current collecting (TransitionRecord{2d6d1ce id=22644 type=OPEN flags=0x0 c=[
03-03 16:40:30.793  1859  3875 E TransitionChain:    ChangeInfo{fba66e7 container=Display{#0 state=ON size=1220x2712 ROTATION_0} flags=0x0}
03-03 16:40:30.793  1859  3875 E TransitionChain:    ChangeInfo{b626294 container=DefaultTaskDisplayArea@164064817 flags=0x0}
03-03 16:40:30.793  1859  3875 E TransitionChain:    ChangeInfo{565413d container=Task{c8fc685 #7839 type=standard I=com.android.chrome/com.google.android.apps.chrome.IntentDispatcher} flags=0x0}
03-03 16:40:30.793  1859  3875 E TransitionChain:    ChangeInfo{82b8d32 container=ActivityRecord{213403887 u0 com.android.chrome/com.google.android.apps.chrome.IntentDispatcher t7839} flags=0x0}
03-03 16:40:30.793  1859  3875 E TransitionChain: ]
03-03 16:40:30.793  1859  3875 E TransitionChain: }) and chain (TransitionRecord{2d6d1ce id=22644 type=OPEN flags=0x0 c=[
03-03 16:40:30.793  1859  3875 E TransitionChain:    ChangeInfo{fba66e7 container=Display{#0 state=ON size=1220x2712 ROTATION_0} flags=0x0}
03-03 16:40:30.793  1859  3875 E TransitionChain:    ChangeInfo{b626294 container=DefaultTaskDisplayArea@164064817 flags=0x0}
03-03 16:40:30.793  1859  3875 E TransitionChain:    ChangeInfo{565413d container=Task{c8fc685 #7839 type=standard I=com.android.chrome/com.google.android.apps.chrome.IntentDispatcher} flags=0x0}
03-03 16:40:30.793  1859  3875 E TransitionChain:    ChangeInfo{82b8d32 container=ActivityRecord{213403887 u0 com.android.chrome/com.google.android.apps.chrome.IntentDispatcher t7839} flags=0x0}
03-03 16:40:30.793  1859  3875 E TransitionChain: ]
03-03 16:40:30.793  1859  3875 E TransitionChain: })
03-03 16:40:30.855  1859  3812 E WindowManager:  source = Task{88af925 #7838 type=standard A=10442:com.whatsapp} excludeMiuiNavBar = true excludeMiuiStatusBar = true excludeIme = false excludeNavBar = true miuiNavSurfaceControl = Surface(name=NavigationBar Container of Task = 7838#426554)/@0x2b38afa miuiStatusSurfaceControl = Surface(name=StatusBar Container of Task = 7838#426555)/@0x74e7b08
03-03 16:40:30.857  1859  3304 E BarFollowAnimation: navBarVisible throw Exception
03-03 16:40:30.866  1859  5178 E TransitionChain: Can't collect into a chain with no transition
03-03 16:40:30.875  1859  2818 E TransitionChain: Can't collect into a chain with no transition
03-03 16:40:30.891  1859  3646 E TransitionChain: Can't collect into a chain with no transition
03-03 16:40:30.988  1859  3812 E TransitionChain: Can't collect into a chain with no transition
03-03 16:40:31.021 15111 15111 E MQSEventManagerDelegate: failed to get MQSService.
03-03 16:40:31.028 15111 15124 E MQSEventManagerDelegate: failed to get MQSService.
03-03 16:40:31.029 15111 15123 E ForceDarkHelperStubImpl: getForceDarkOriginState transact failed , mService: null
03-03 16:40:31.080 14149 14149 E TurboSchedMonitor: failed to find setSchedAffinity method com.android.chrome
03-03 16:40:31.083 14149 14149 E TurboSchedMonitor: failed to find setSchedAffinity method com.android.chrome
03-03 16:40:31.123 15130 15130 E MiuiPreloadClassImpl: invoke error.
03-03 16:40:31.631  1859  2843 E JobScheduler.Background: Couldn't determine stopped state for unknown package: com.google.android.apps.turbo
03-03 16:40:31.631  1859  2843 E JobScheduler.Background: Couldn't determine stopped state for unknown package: com.google.android.apps.turbo
03-03 16:40:31.632  1859  2843 E JobScheduler.Background: Couldn't determine stopped state for unknown package: com.google.android.apps.turbo
03-03 16:40:31.632  1859  2843 E JobScheduler.Background: Couldn't determine stopped state for unknown package: com.google.android.apps.turbo
03-03 16:40:31.632  1859  2843 E JobScheduler.Background: Couldn't determine stopped state for unknown package: com.google.android.apps.turbo
03-03 16:40:31.700 14149 14149 E TurboSchedMonitor: failed to find setSchedAffinity method com.android.chrome
03-03 16:40:31.701 14149 14149 E TurboSchedMonitor: failed to find setSchedAffinity method com.android.chrome
03-03 16:40:31.701 14149 14149 E TurboSchedMonitor: failed to find setSchedAffinity method com.android.chrome
03-03 16:40:31.702 14149 14149 E TurboSchedMonitor: failed to find setSchedAffinity method com.android.chrome
03-03 16:40:31.702 14149 14149 E TurboSchedMonitor: failed to find setSchedAffinity method com.android.chrome
03-03 16:40:31.703 14149 14149 E TurboSchedMonitor: failed to find setSchedAffinity method com.android.chrome
03-03 16:40:34.733  1859  3255 E DeviceGuardManagerService: bindLockRemoteService result = null
03-03 16:40:39.740  1859  3255 E DeviceGuardManagerService: bindLockRemoteService result = null
03-03 16:40:44.429  1859  2843 E JobScheduler.Background: Couldn't determine stopped state for unknown package: com.google.android.apps.turbo
03-03 16:40:44.429  1859  2843 E JobScheduler.Background: Couldn't determine stopped state for unknown package: com.google.android.apps.turbo
03-03 16:40:44.429  1859  2843 E JobScheduler.Background: Couldn't determine stopped state for unknown package: com.google.android.apps.turbo
03-03 16:40:44.429  1859  1878 E IMiCharge: MiCharge method 9 val = 279
03-03 16:40:44.430  1859  2843 E JobScheduler.Background: Couldn't determine stopped state for unknown package: com.google.android.apps.turbo
03-03 16:40:44.430  1859  2843 E JobScheduler.Background: Couldn't determine stopped state for unknown package: com.google.android.apps.turbo
03-03 16:40:44.432  1859  1878 E IMiCharge: MiCharge method 10 val = 0
03-03 16:40:44.746  1859  3255 E DeviceGuardManagerService: bindLockRemoteService result = null
03-03 16:40:49.748  1859  3255 E DeviceGuardManagerService: bindLockRemoteService result = null
03-03 16:40:54.431  1859  2843 E JobScheduler.Background: Couldn't determine stopped state for unknown package: com.google.android.apps.turbo
03-03 16:40:54.431  1859  2843 E JobScheduler.Background: Couldn't determine stopped state for unknown package: com.google.android.apps.turbo
03-03 16:40:54.431  1859  2843 E JobScheduler.Background: Couldn't determine stopped state for unknown package: com.google.android.apps.turbo
03-03 16:40:54.432  1859  2843 E JobScheduler.Background: Couldn't determine stopped state for unknown package: com.google.android.apps.turbo
03-03 16:40:54.432  1859  2843 E JobScheduler.Background: Couldn't determine stopped state for unknown package: com.google.android.apps.turbo
03-03 16:40:54.753  1859  3255 E DeviceGuardManagerService: bindLockRemoteService result = null
03-03 16:40:59.757  1859  3255 E DeviceGuardManagerService: bindLockRemoteService result = null
03-03 16:41:04.760  1859  3255 E DeviceGuardManagerService: bindLockRemoteService result = null
03-03 16:41:05.006  1485  1566 E NetlinkEvent: NetlinkEvent::FindParam(): Parameter 'INTERFACE' not found
03-03 16:41:05.006  1485  1566 E NetlinkEvent: NetlinkEvent::FindParam(): Parameter 'STATE' not found
03-03 16:41:05.006  1485  1566 E NetlinkEvent: NetlinkEvent::FindParam(): Parameter 'TIME_NS' not found
03-03 16:41:05.006  1485  1566 E NetlinkEvent: NetlinkEvent::FindParam(): Parameter 'UID' not found
03-03 16:41:09.766  1859  3255 E DeviceGuardManagerService: bindLockRemoteService result = null
03-03 16:41:14.439  1859  2843 E JobScheduler.Background: Couldn't determine stopped state for unknown package: com.google.android.apps.turbo
03-03 16:41:14.440  1859  2843 E JobScheduler.Background: Couldn't determine stopped state for unknown package: com.google.android.apps.turbo
03-03 16:41:14.440  1859  2843 E JobScheduler.Background: Couldn't determine stopped state for unknown package: com.google.android.apps.turbo
03-03 16:41:14.440  1859  2843 E JobScheduler.Background: Couldn't determine stopped state for unknown package: com.google.android.apps.turbo
03-03 16:41:14.441  1859  2843 E JobScheduler.Background: Couldn't determine stopped state for unknown package: com.google.android.apps.turbo
03-03 16:41:14.441  1859  1878 E IMiCharge: MiCharge method 9 val = 281
03-03 16:41:14.444  1859  1878 E IMiCharge: MiCharge method 10 val = 0
03-03 16:41:14.772  1859  3255 E DeviceGuardManagerService: bindLockRemoteService result = null
03-03 16:41:18.598 15317 15317 E MQSEventManagerDelegate: failed to get MQSService.
03-03 16:41:18.612  1859  3304 E BarFollowAnimation: navBarVisible throw Exception
03-03 16:41:18.613  1859  3812 E WindowManager:  source = Task{ec9303a #7840 type=standard A=10197:com.android.chrome} excludeMiuiNavBar = true excludeMiuiStatusBar = true excludeIme = false excludeNavBar = true miuiNavSurfaceControl = Surface(name=NavigationBar Container of Task = 7840#426639)/@0x417c248 miuiStatusSurfaceControl = Surface(name=StatusBar Container of Task = 7840#426641)/@0xe0a1606
03-03 16:41:18.625 15317 15344 E MQSEventManagerDelegate: failed to get MQSService.
03-03 16:41:18.629 15317 15337 E ForceDarkHelperStubImpl: getForceDarkOriginState transact failed , mService: null
03-03 16:41:18.632  1859  2821 E TransitionChain: Can't collect into a chain with no transition
03-03 16:41:18.634  1859  2821 E TransitionChain: Can't collect into a chain with no transition
03-03 16:41:18.640  1859  3816 E TransitionChain: Can't collect into a chain with no transition
03-03 16:41:18.700  1859  3799 E TransitionChain: Mismatch between current collecting (TransitionRecord{544ec6 id=22646 type=OPEN flags=0x0 c=[
03-03 16:41:18.700  1859  3799 E TransitionChain:    ChangeInfo{a06f8aa container=ActivityRecord{1449965 u0 com.reddit.frontpage/.RedditDeepLinkActivity t7841 f}} flags=0x0}
03-03 16:41:18.700  1859  3799 E TransitionChain:    ChangeInfo{237dc9b container=Window{3469d1b u0 Splash Screen com.reddit.frontpage} flags=0x0}
03-03 16:41:18.700  1859  3799 E TransitionChain:    ChangeInfo{1e25838 container=Display{#0 state=ON size=1220x2712 ROTATION_0} flags=0x0}
03-03 16:41:18.700  1859  3799 E TransitionChain:    ChangeInfo{790d011 container=ActivityRecord{118099591 u0 com.reddit.frontpage/com.reddit.launch.main.MainActivity t7841} flags=0x0}
03-03 16:41:18.700  1859  3799 E TransitionChain:    ChangeInfo{633f576 container=DefaultTaskDisplayArea@164064817 flags=0x0}
03-03 16:41:18.700  1859  3799 E TransitionChain:    ChangeInfo{82da777 container=Task{cd3c670 #7841 type=standard A=10399:com.reddit.frontpage} flags=0x0}
03-03 16:41:18.700  1859  3799 E TransitionChain: ]
03-03 16:41:18.700  1859  3799 E TransitionChain: }) and chain (TransitionRecord{544ec6 id=22646 type=OPEN flags=0x0 c=[
03-03 16:41:18.700  1859  3799 E TransitionChain:    ChangeInfo{a06f8aa container=ActivityRecord{1449965 u0 com.reddit.frontpage/.RedditDeepLinkActivity t7841 f}} flags=0x0}
03-03 16:41:18.700  1859  3799 E TransitionChain:    ChangeInfo{237dc9b container=Window{3469d1b u0 Splash Screen com.reddit.frontpage} flags=0x0}
03-03 16:41:18.700  1859  3799 E TransitionChain:    ChangeInfo{1e25838 container=Display{#0 state=ON size=1220x2712 ROTATION_0} flags=0x0}
03-03 16:41:18.700  1859  3799 E TransitionChain:    ChangeInfo{790d011 container=ActivityRecord{118099591 u0 com.reddit.frontpage/com.reddit.launch.main.MainActivity t7841} flags=0x0}
03-03 16:41:18.700  1859  3799 E TransitionChain:    ChangeInfo{633f576 container=DefaultTaskDisplayArea@164064817 flags=0x0}
03-03 16:41:18.700  1859  3799 E TransitionChain:    ChangeInfo{82da777 container=Task{cd3c670 #7841 type=standard A=10399:com.reddit.frontpage} flags=0x0}
03-03 16:41:18.700  1859  3799 E TransitionChain: ]
03-03 16:41:18.700  1859  3799 E TransitionChain: })
03-03 16:41:18.718  1859  2818 E TransitionChain: Can't collect into a chain with no transition
03-03 16:41:18.772 11827 15469 E FramePredict: registerContentObserver fail
03-03 16:41:19.777  1859  3255 E DeviceGuardManagerService: bindLockRemoteService result = null
03-03 16:41:21.925 15564 15564 E MQSEventManagerDelegate: failed to get MQSService.
03-03 16:41:21.940 15564 15577 E MQSEventManagerDelegate: failed to get MQSService.
03-03 16:41:21.943 15564 15576 E ForceDarkHelperStubImpl: getForceDarkOriginState transact failed , mService: null
03-03 16:41:24.442  1859  2843 E JobScheduler.Background: Couldn't determine stopped state for unknown package: com.google.android.apps.turbo
03-03 16:41:24.442  1859  2843 E JobScheduler.Background: Couldn't determine stopped state for unknown package: com.google.android.apps.turbo
03-03 16:41:24.442  1859  2843 E JobScheduler.Background: Couldn't determine stopped state for unknown package: com.google.android.apps.turbo
03-03 16:41:24.443  1859  2843 E JobScheduler.Background: Couldn't determine stopped state for unknown package: com.google.android.apps.turbo
03-03 16:41:24.443  1859  2843 E JobScheduler.Background: Couldn't determine stopped state for unknown package: com.google.android.apps.turbo
03-03 16:41:24.780  1859  3255 E DeviceGuardManagerService: bindLockRemoteService result = null
03-03 16:41:29.784  1859  3255 E DeviceGuardManagerService: bindLockRemoteService result = null
03-03 16:41:34.790  1859  3255 E DeviceGuardManagerService: bindLockRemoteService result = null
03-03 16:41:39.795  1859  3255 E DeviceGuardManagerService: bindLockRemoteService result = null
03-03 16:41:44.444  1859  2843 E JobScheduler.Background: Couldn't determine stopped state for unknown package: com.google.android.apps.turbo
03-03 16:41:44.444  1859  2843 E JobScheduler.Background: Couldn't determine stopped state for unknown package: com.google.android.apps.turbo
03-03 16:41:44.444  1859  2843 E JobScheduler.Background: Couldn't determine stopped state for unknown package: com.google.android.apps.turbo
03-03 16:41:44.444  1859  2843 E JobScheduler.Background: Couldn't determine stopped state for unknown package: com.google.android.apps.turbo
03-03 16:41:44.444  1859  2843 E JobScheduler.Background: Couldn't determine stopped state for unknown package: com.google.android.apps.turbo
03-03 16:41:44.446  1859  1878 E IMiCharge: MiCharge method 9 val = 283
03-03 16:41:44.447  1859  1878 E IMiCharge: MiCharge method 10 val = 0
03-03 16:41:44.800  1859  3255 E DeviceGuardManagerService: bindLockRemoteService result = null
03-03 16:41:49.806  1859  3255 E DeviceGuardManagerService: bindLockRemoteService result = null
03-03 16:41:54.447  1859  2843 E JobScheduler.Background: Couldn't determine stopped state for unknown package: com.google.android.apps.turbo
03-03 16:41:54.447  1859  2843 E JobScheduler.Background: Couldn't determine stopped state for unknown package: com.google.android.apps.turbo
03-03 16:41:54.447  1859  2843 E JobScheduler.Background: Couldn't determine stopped state for unknown package: com.google.android.apps.turbo
03-03 16:41:54.447  1859  2843 E JobScheduler.Background: Couldn't determine stopped state for unknown package: com.google.android.apps.turbo
03-03 16:41:54.447  1859  2843 E JobScheduler.Background: Couldn't determine stopped state for unknown package: com.google.android.apps.turbo
03-03 16:41:54.812  1859  3255 E DeviceGuardManagerService: bindLockRemoteService result = null
03-03 16:41:57.580 15662 15662 E MiuiPreloadClassImpl: invoke error.
03-03 16:41:58.584  1859  2843 E JobScheduler.Background: Couldn't determine stopped state for unknown package: com.google.android.apps.turbo
03-03 16:41:58.584  1859  2843 E JobScheduler.Background: Couldn't determine stopped state for unknown package: com.google.android.apps.turbo
03-03 16:41:58.584  1859  2843 E JobScheduler.Background: Couldn't determine stopped state for unknown package: com.google.android.apps.turbo
03-03 16:41:58.584  1859  2843 E JobScheduler.Background: Couldn't determine stopped state for unknown package: com.google.android.apps.turbo
03-03 16:41:58.584  1859  2843 E JobScheduler.Background: Couldn't determine stopped state for unknown package: com.google.android.apps.turbo
03-03 16:41:59.816  1859  3255 E DeviceGuardManagerService: bindLockRemoteService result = null
03-03 16:42:03.102 15662 15662 E TurboSchedMonitor: failed to find setSchedAffinity method com.facebook.katana
03-03 16:42:03.105 15662 15662 E TurboSchedMonitor: failed to find setSchedAffinity method com.facebook.katana
03-03 16:42:03.897 15662 15771 E ActivityThread: Failed to find provider info for com.android.launcher3.cornermark.unreadbadge
03-03 16:42:04.820  1859  3255 E DeviceGuardManagerService: bindLockRemoteService result = null
03-03 16:42:09.824  1859  3255 E DeviceGuardManagerService: bindLockRemoteService result = null
03-03 16:42:14.045  1859  2843 E JobScheduler.SSRU: Job is being prepared but doesn't have a pre-existing accountToJobMap
03-03 16:42:14.453  1859  2843 E JobScheduler.Background: Couldn't determine stopped state for unknown package: com.google.android.apps.turbo
03-03 16:42:14.453  1859  2843 E JobScheduler.Background: Couldn't determine stopped state for unknown package: com.google.android.apps.turbo
03-03 16:42:14.453  1859  2843 E JobScheduler.Background: Couldn't determine stopped state for unknown package: com.google.android.apps.turbo
03-03 16:42:14.454  1859  2843 E JobScheduler.Background: Couldn't determine stopped state for unknown package: com.google.android.apps.turbo
03-03 16:42:14.454  1859  2843 E JobScheduler.Background: Couldn't determine stopped state for unknown package: com.google.android.apps.turbo
03-03 16:42:14.455  1859  1878 E IMiCharge: MiCharge method 9 val = 286
03-03 16:42:14.457  1859  1878 E IMiCharge: MiCharge method 10 val = 0
03-03 16:42:14.828  1859  3255 E DeviceGuardManagerService: bindLockRemoteService result = null
03-03 16:42:19.832  1859  3255 E DeviceGuardManagerService: bindLockRemoteService result = null
03-03 16:42:24.836  1859  3255 E DeviceGuardManagerService: bindLockRemoteService result = null
03-03 16:42:26.811  1859  3646 E VibratorManagerServiceImpl: vibrationThreadSetParameters
03-03 16:42:27.913  1859  4409 E VibratorManagerServiceImpl: vibrationThreadSetParameters
03-03 16:42:28.381  1859  2083 E BatteryStatsService: note track volume change AudioToPower BatteryStatsservices 10399 11827 201209 1.0 1.0
03-03 16:42:28.596  1859  2843 E JobScheduler.Background: Couldn't determine stopped state for unknown package: com.google.android.apps.turbo
03-03 16:42:28.597  1859  2843 E JobScheduler.Background: Couldn't determine stopped state for unknown package: com.google.android.apps.turbo
03-03 16:42:28.597  1859  2843 E JobScheduler.Background: Couldn't determine stopped state for unknown package: com.google.android.apps.turbo
03-03 16:42:28.597  1859  2843 E JobScheduler.Background: Couldn't determine stopped state for unknown package: com.google.android.apps.turbo
03-03 16:42:28.597  1859  2843 E JobScheduler.Background: Couldn't determine stopped state for unknown package: com.google.android.apps.turbo
03-03 16:42:28.966  1859  2083 E BatteryStatsService: note track volume change AudioToPower BatteryStatsservices 10399 11827 201209 0.0 0.0
03-03 16:42:29.047  1859  3646 E AppOps  : attributionTag  not declared in manifest of com.reddit.frontpage
03-03 16:42:29.050  1859  3646 E AppOps  : attributionTag  not declared in manifest of com.reddit.frontpage
03-03 16:42:29.052  1859  2083 E BatteryStatsService: note StartAudioToPower BatteryStatsservices10399 11827 201209 24711 2
03-03 16:42:29.067  1859  2083 E BatteryStatsService: note device change AudioToPower BatteryStatsservices 10399 11827 201209 2
03-03 16:42:29.452  1859  1937 E TransitionController: Set visible without transition WallpaperWindowToken{1960830 showWhenLocked=true} playing=true caller=com.android.server.wm.WallpaperControllerImpl.updateWallpaperTokens:181 
03-03 16:42:29.463  1859  3875 E TransitionChain: Can't collect into a chain with no transition
03-03 16:42:29.488  1859  1937 E TransitionController: Set visible without transition WallpaperWindowToken{1960830 showWhenLocked=true} playing=true caller=com.android.server.wm.WallpaperControllerImpl.updateWallpaperTokens:181 
03-03 16:42:29.490  1859  1937 E TransitionController: Set visible without transition WallpaperWindowToken{1960830 showWhenLocked=true} playing=true caller=com.android.server.wm.WallpaperControllerImpl.updateWallpaperTokens:181 
03-03 16:42:29.499  1859  3652 E WindowManager:  source = Task{cd3c670 #7841 type=standard A=10399:com.reddit.frontpage} excludeMiuiNavBar = true excludeMiuiStatusBar = true excludeIme = false excludeNavBar = true miuiNavSurfaceControl = Surface(name=NavigationBar Container of Task = 7841#426674)/@0xef7da6e miuiStatusSurfaceControl = Surface(name=StatusBar Container of Task = 7841#426676)/@0xbbac034
03-03 16:42:29.517  1859  3799 E WindowManager:  source = Task{cd3c670 #7841 type=standard A=10399:com.reddit.frontpage} excludeMiuiNavBar = true excludeMiuiStatusBar = true excludeIme = false excludeNavBar = true miuiNavSurfaceControl = Surface(name=NavigationBar Container of Task = 7841#426674)/@0xef7da6e miuiStatusSurfaceControl = Surface(name=StatusBar Container of Task = 7841#426676)/@0xbbac034
03-03 16:42:29.536  1859  5954 E TransitionChain: Can't collect into a chain with no transition
03-03 16:42:29.550  1859  2909 E HandwritingModeController: Cannot get requestId: Handwriting was not initialized.
03-03 16:42:29.837  1859  3255 E DeviceGuardManagerService: bindLockRemoteService result = null
03-03 16:42:30.005  1859  2843 E JobScheduler.Background: Couldn't determine stopped state for unknown package: com.google.android.apps.turbo
03-03 16:42:30.005  1859  2843 E JobScheduler.Background: Couldn't determine stopped state for unknown package: com.google.android.apps.turbo
03-03 16:42:30.005  1859  2843 E JobScheduler.Background: Couldn't determine stopped state for unknown package: com.google.android.apps.turbo
03-03 16:42:30.006  1859  2843 E JobScheduler.Background: Couldn't determine stopped state for unknown package: com.google.android.apps.turbo
03-03 16:42:30.006  1859  2843 E JobScheduler.Background: Couldn't determine stopped state for unknown package: com.google.android.apps.turbo
03-03 16:42:30.417  1859  3875 E WindowManager:  source = Task{cd3c670 #7841 type=standard A=10399:com.reddit.frontpage} excludeMiuiNavBar = true excludeMiuiStatusBar = true excludeIme = false excludeNavBar = true miuiNavSurfaceControl = Surface(name=NavigationBar Container of Task = 7841#426674)/@0xef7da6e miuiStatusSurfaceControl = Surface(name=StatusBar Container of Task = 7841#426676)/@0xbbac034
03-03 16:42:30.494  1859  3646 E AppOps  : attributionTag  not declared in manifest of com.reddit.frontpage
03-03 16:42:30.494  1859  5972 E AppOps  : attributionTag  not declared in manifest of com.reddit.frontpage
03-03 16:42:30.773  1859  2083 E BatteryStatsService: note StopAudioToPower BatteryStatsservices10399 11827 201209 24711 2
03-03 16:42:31.206  1859  2843 E JobScheduler.Background: Couldn't determine stopped state for unknown package: com.google.android.apps.turbo
03-03 16:42:31.207  1859  2843 E JobScheduler.Background: Couldn't determine stopped state for unknown package: com.google.android.apps.turbo
03-03 16:42:31.207  1859  2843 E JobScheduler.Background: Couldn't determine stopped state for unknown package: com.google.android.apps.turbo
03-03 16:42:31.207  1859  2843 E JobScheduler.Background: Couldn't determine stopped state for unknown package: com.google.android.apps.turbo
03-03 16:42:31.207  1859  2843 E JobScheduler.Background: Couldn't determine stopped state for unknown package: com.google.android.apps.turbo
03-03 16:42:31.230 16056 16056 E MiuiPreloadClassImpl: invoke error.
03-03 16:42:31.244 16056 16056 E TurboSchedMonitor: failed to find setSchedAffinity method com.coinmarketcap.android
03-03 16:42:31.245 16056 16056 E TurboSchedMonitor: failed to find setSchedAffinity method com.coinmarketcap.android
03-03 16:42:31.252 16056 16056 E TurboSchedMonitor: failed to find setSchedAffinity method com.coinmarketcap.android
03-03 16:42:31.252 16056 16056 E TurboSchedMonitor: failed to find setSchedAffinity method com.coinmarketcap.android
03-03 16:42:31.283 16056 16056 E TurboSchedMonitor: failed to find setSchedAffinity method com.coinmarketcap.android
03-03 16:42:31.285 16056 16056 E TurboSchedMonitor: failed to find setSchedAffinity method com.coinmarketcap.android
03-03 16:42:31.322 16056 16056 E TurboSchedMonitor: failed to find setSchedAffinity method com.coinmarketcap.android
03-03 16:42:31.323 16056 16056 E TurboSchedMonitor: failed to find setSchedAffinity method com.coinmarketcap.android
03-03 16:42:31.326 16056 16056 E TurboSchedMonitor: failed to find setSchedAffinity method com.coinmarketcap.android
03-03 16:42:31.328 16056 16056 E TurboSchedMonitor: failed to find setSchedAffinity method com.coinmarketcap.android
03-03 16:42:31.733  1859  2843 E JobScheduler.Background: Couldn't determine stopped state for unknown package: com.google.android.apps.turbo
03-03 16:42:31.733  1859  2843 E JobScheduler.Background: Couldn't determine stopped state for unknown package: com.google.android.apps.turbo
03-03 16:42:31.733  1859  2843 E JobScheduler.Background: Couldn't determine stopped state for unknown package: com.google.android.apps.turbo
03-03 16:42:31.733  1859  2843 E JobScheduler.Background: Couldn't determine stopped state for unknown package: com.google.android.apps.turbo
03-03 16:42:31.733  1859  2843 E JobScheduler.Background: Couldn't determine stopped state for unknown package: com.google.android.apps.turbo
03-03 16:42:32.811  1859  3243 E PerfShielderService: onScenarioChanged start type: 296 time:3098720430
03-03 16:42:32.823  1859  3814 E WindowOrganizerController: Trying to start a transition that isn't collecting. This probably means Shell took too long to respond to a request. WM State may be incorrect now, please file a bug
03-03 16:42:32.826  1859  4409 E TransitionChain: Can't collect into a chain with no transition
03-03 16:42:32.862  1859  3243 E PerfShielderService: onScenarioChanged end type: 296 time:3098720460, startTime : 3098720430
03-03 16:42:33.510 16235 16235 E MiuiPreloadClassImpl: invoke error.
03-03 16:42:33.842  1859  3876 E TransitionChain: Can't collect into a chain with no transition
03-03 16:42:33.907 16235 16313 E FramePredict: registerContentObserver fail
03-03 16:42:33.912 16286 16286 E MiuiPreloadClassImpl: invoke error.
03-03 16:42:33.923  1859  3469 E TransitionChain: Can't collect into a chain with no transition
03-03 16:42:33.939 16286 16286 E TurboSchedMonitor: failed to find setSchedAffinity method com.xiaomi.discover
03-03 16:42:33.941 16286 16286 E TurboSchedMonitor: failed to find setSchedAffinity method com.xiaomi.discover
03-03 16:42:34.840  1859  3255 E DeviceGuardManagerService: bindLockRemoteService result = null
03-03 16:42:36.130  1859  3875 E TransitionChain: Can't collect into a chain with no transition
03-03 16:42:36.133  1859  3875 E TransitionChain: Can't collect into a chain with no transition
03-03 16:42:36.138  1859  4408 E TransitionChain: Can't collect into a chain with no transition
03-03 16:42:36.146 16235 16235 E TurboSchedMonitor: failed to find setSchedAffinity method com.emberlock.app
03-03 16:42:36.146 16235 16235 E TurboSchedMonitor: failed to find setSchedAffinity method com.emberlock.app
03-03 16:42:36.547  1859  3813 E TransitionChain: Can't collect into a chain with no transition
03-03 16:42:37.839  3661 14110 E ActivityThread: Failed to find provider info for com.miui.personalassistant.servicedeliver.system.provider
03-03 16:42:38.113  1859  1937 E TransitionController: Set visible without transition WallpaperWindowToken{1960830 showWhenLocked=true} playing=true caller=com.android.server.wm.WallpaperControllerImpl.updateWallpaperTokens:181 
03-03 16:42:38.116  1859  3799 E TransitionChain: Can't collect into a chain with no transition
03-03 16:42:38.120  1859  1937 E TransitionController: Set visible without transition WallpaperWindowToken{1960830 showWhenLocked=true} playing=true caller=com.android.server.wm.WallpaperControllerImpl.updateWallpaperTokens:181 
03-03 16:42:38.121  1859  1937 E TransitionController: Set visible without transition WallpaperWindowToken{1960830 showWhenLocked=true} playing=true caller=com.android.server.wm.WallpaperControllerImpl.updateWallpaperTokens:181 
03-03 16:42:38.127  1859  3469 E WindowManager:  source = Task{96e889c #7842 type=standard A=10580:com.emberlock.app} excludeMiuiNavBar = true excludeMiuiStatusBar = true excludeIme = false excludeNavBar = true miuiNavSurfaceControl = Surface(name=NavigationBar Container of Task = 7842#426738)/@0xb7571ef miuiStatusSurfaceControl = Surface(name=StatusBar Container of Task = 7842#426739)/@0x79284fc
