03-02 12:22:42.305 22070 22070 F DEBUG   :       #135 pc 000000000066ab6c  /apex/com.android.art/lib64/libart.so (bool art::interpreter::DoCall<false>(art::ArtMethod*, art::Thread*, art::ShadowFrame&, art::Instruction const*, unsigned short, bool, art::JValue*)+2068) (BuildId: eb4ec0f1d1c7267591d83fa87cb36390)
03-02 12:22:42.305 22070 22070 F DEBUG   :       #136 pc 0000000000671998  /apex/com.android.art/lib64/libart.so (void art::interpreter::ExecuteSwitchImplCpp<false>(art::interpreter::SwitchImplContext*)+1280) (BuildId: eb4ec0f1d1c7267591d83fa87cb36390)
03-02 12:22:42.305 22070 22070 F DEBUG   :       #137 pc 00000000002ff738  /apex/com.android.art/lib64/libart.so (ExecuteSwitchImplAsm+8) (BuildId: eb4ec0f1d1c7267591d83fa87cb36390)
03-02 12:22:42.305 22070 22070 F DEBUG   :       #138 pc 00000000001dfc08  /system/framework/framework.jar (offset 0x7000) (android.app.ActivityThread.main+0)
03-02 12:22:42.305 22070 22070 F DEBUG   :       #139 pc 0000000000300b2c  /apex/com.android.art/lib64/libart.so (art::interpreter::Execute(art::Thread*, art::CodeItemDataAccessor const&, art::ShadowFrame&, art::JValue, bool, bool) (.__uniq.112435418011751916792819755956732575238.llvm.4837409187647361565)+332) (BuildId: eb4ec0f1d1c7267591d83fa87cb36390)
03-02 12:22:42.305 22070 22070 F DEBUG   :       #140 pc 0000000000300360  /apex/com.android.art/lib64/libart.so (artQuickToInterpreterBridge+888) (BuildId: eb4ec0f1d1c7267591d83fa87cb36390)
03-02 12:22:42.305 22070 22070 F DEBUG   :       #141 pc 000000000032e638  /apex/com.android.art/lib64/libart.so (art_quick_to_interpreter_bridge+88) (BuildId: eb4ec0f1d1c7267591d83fa87cb36390)
03-02 12:22:42.305 22070 22070 F DEBUG   :       #142 pc 0000000000317460  /apex/com.android.art/lib64/libart.so (art_quick_invoke_static_stub+640) (BuildId: eb4ec0f1d1c7267591d83fa87cb36390)
03-02 12:22:42.305 22070 22070 F DEBUG   :       #143 pc 0000000000311508  /apex/com.android.art/lib64/libart.so (_jobject* art::InvokeMethod<(art::PointerSize)8>(art::ScopedObjectAccessAlreadyRunnable const&, _jobject*, _jobject*, _jobject*, unsigned long)+544) (BuildId: eb4ec0f1d1c7267591d83fa87cb36390)
03-02 12:22:42.305 22070 22070 F DEBUG   :       #144 pc 00000000005c82c8  /apex/com.android.art/lib64/libart.so (art::Method_invoke(_JNIEnv*, _jobject*, _jobject*, _jobjectArray*) (.__uniq.165753521025965369065708152063621506277)+32) (BuildId: eb4ec0f1d1c7267591d83fa87cb36390)
03-02 12:22:42.305 22070 22070 F DEBUG   :       #145 pc 000000000032e500  /apex/com.android.art/lib64/libart.so (art_quick_generic_jni_trampoline+144) (BuildId: eb4ec0f1d1c7267591d83fa87cb36390)
03-02 12:22:42.305 22070 22070 F DEBUG   :       #146 pc 0000000000317194  /apex/com.android.art/lib64/libart.so (art_quick_invoke_stub+612) (BuildId: eb4ec0f1d1c7267591d83fa87cb36390)
03-02 12:22:42.305 22070 22070 F DEBUG   :       #147 pc 000000000066a984  /apex/com.android.art/lib64/libart.so (bool art::interpreter::DoCall<false>(art::ArtMethod*, art::Thread*, art::ShadowFrame&, art::Instruction const*, unsigned short, bool, art::JValue*)+1580) (BuildId: eb4ec0f1d1c7267591d83fa87cb36390)
03-02 12:22:42.305 22070 22070 F DEBUG   :       #148 pc 00000000006717fc  /apex/com.android.art/lib64/libart.so (void art::interpreter::ExecuteSwitchImplCpp<false>(art::interpreter::SwitchImplContext*)+868) (BuildId: eb4ec0f1d1c7267591d83fa87cb36390)
03-02 12:22:42.305 22070 22070 F DEBUG   :       #149 pc 00000000002ff738  /apex/com.android.art/lib64/libart.so (ExecuteSwitchImplAsm+8) (BuildId: eb4ec0f1d1c7267591d83fa87cb36390)
03-02 12:22:42.305 22070 22070 F DEBUG   :       #150 pc 0000000000360a34  /system/framework/framework.jar (offset 0x2420000) (com.android.internal.os.RuntimeInit$MethodAndArgsCaller.run+0)
03-02 12:22:42.305 22070 22070 F DEBUG   :       #151 pc 0000000000300b2c  /apex/com.android.art/lib64/libart.so (art::interpreter::Execute(art::Thread*, art::CodeItemDataAccessor const&, art::ShadowFrame&, art::JValue, bool, bool) (.__uniq.112435418011751916792819755956732575238.llvm.4837409187647361565)+332) (BuildId: eb4ec0f1d1c7267591d83fa87cb36390)
03-02 12:22:42.305 22070 22070 F DEBUG   :       #152 pc 0000000000300360  /apex/com.android.art/lib64/libart.so (artQuickToInterpreterBridge+888) (BuildId: eb4ec0f1d1c7267591d83fa87cb36390)
03-02 12:22:42.305 22070 22070 F DEBUG   :       #153 pc 000000000032e638  /apex/com.android.art/lib64/libart.so (art_quick_to_interpreter_bridge+88) (BuildId: eb4ec0f1d1c7267591d83fa87cb36390)
03-02 12:22:42.305 22070 22070 F DEBUG   :       #154 pc 0000000000e7a704  /data/misc/apexdata/com.android.art/dalvik-cache/arm64/boot.oat (com.android.internal.os.ZygoteInit.main+3908)
03-02 12:22:42.305 22070 22070 F DEBUG   :       #155 pc 0000000000317460  /apex/com.android.art/lib64/libart.so (art_quick_invoke_static_stub+640) (BuildId: eb4ec0f1d1c7267591d83fa87cb36390)
03-02 12:22:42.305 22070 22070 F DEBUG   :       #156 pc 0000000000316100  /apex/com.android.art/lib64/libart.so (art::JValue art::InvokeWithVarArgs<_jmethodID*>(art::ScopedObjectAccessAlreadyRunnable const&, _jobject*, _jmethodID*, std::__va_list)+800) (BuildId: eb4ec0f1d1c7267591d83fa87cb36390)
03-02 12:22:42.305 22070 22070 F DEBUG   :       #157 pc 0000000000639868  /apex/com.android.art/lib64/libart.so (art::JNI<true>::CallStaticVoidMethodV(_JNIEnv*, _jclass*, _jmethodID*, std::__va_list)+156) (BuildId: eb4ec0f1d1c7267591d83fa87cb36390)
03-02 12:22:42.305 22070 22070 F DEBUG   :       #158 pc 000000000010b568  /system/lib64/libandroid_runtime.so (_JNIEnv::CallStaticVoidMethod(_jclass*, _jmethodID*, ...)+104) (BuildId: 959200b052439d1e59c3c245c98f9d96)
03-02 12:22:42.305 22070 22070 F DEBUG   :       #159 pc 00000000001390f4  /system/lib64/libandroid_runtime.so (android::AndroidRuntime::start(char const*, android::Vector<android::String8> const&, bool)+1204) (BuildId: 959200b052439d1e59c3c245c98f9d96)
03-02 12:22:42.305 22070 22070 F DEBUG   :       #160 pc 0000000000004698  /system/bin/app_process64 (main+1464) (BuildId: 8298230449e9ce4665160e74afe511e7)
03-02 12:22:42.305 22070 22070 F DEBUG   :       #161 pc 000000000006c1c8  /apex/com.android.runtime/lib64/bionic/libc.so (__libc_init+120) (BuildId: bb3194b7811ae2cf4021b5d37f3bd860)
03-02 12:22:42.379 22073 22073 F libc    : FORTIFY: vsnprintf: size 18446744073709551599 > SSIZE_MAX
03-02 16:07:13.402 25488 25488 E AndroidRuntime: FATAL EXCEPTION: main
03-02 16:07:13.402 25488 25488 E AndroidRuntime: Process: com.emberlock.app, PID: 25488
03-02 16:07:13.402 25488 25488 E AndroidRuntime: java.lang.NullPointerException: java.lang.NullPointerException
03-02 16:07:13.402 25488 25488 E AndroidRuntime: 	at com.facebook.react.devsupport.CxxInspectorPackagerConnection$WebSocketDelegate.didReceiveMessage(Native Method)
03-02 16:07:13.402 25488 25488 E AndroidRuntime: 	at com.facebook.react.devsupport.CxxInspectorPackagerConnection$DelegateImpl$connectWebSocket$webSocket$1.onMessage$lambda$1(CxxInspectorPackagerConnection.kt:111)
03-02 16:07:13.402 25488 25488 E AndroidRuntime: 	at com.facebook.react.devsupport.CxxInspectorPackagerConnection$DelegateImpl$connectWebSocket$webSocket$1.$r8$lambda$O31gJ9mPudNC5xHMm3nPJgxbPDI(Unknown Source:0)
03-02 16:07:13.402 25488 25488 E AndroidRuntime: 	at com.facebook.react.devsupport.CxxInspectorPackagerConnection$DelegateImpl$connectWebSocket$webSocket$1$$ExternalSyntheticLambda3.run(D8$$SyntheticClass:0)
03-02 16:07:13.402 25488 25488 E AndroidRuntime: 	at android.os.Handler.handleCallback(Handler.java:995)
03-02 16:07:13.402 25488 25488 E AndroidRuntime: 	at android.os.Handler.dispatchMessage(Handler.java:103)
03-02 16:07:13.402 25488 25488 E AndroidRuntime: 	at android.os.Looper.loopOnce(Looper.java:267)
03-02 16:07:13.402 25488 25488 E AndroidRuntime: 	at android.os.Looper.loop(Looper.java:360)
03-02 16:07:13.402 25488 25488 E AndroidRuntime: 	at android.app.ActivityThread.main(ActivityThread.java:10054)
03-02 16:07:13.402 25488 25488 E AndroidRuntime: 	at java.lang.reflect.Method.invoke(Native Method)
03-02 16:07:13.402 25488 25488 E AndroidRuntime: 	at com.android.internal.os.RuntimeInit$MethodAndArgsCaller.run(RuntimeInit.java:616)
03-02 16:07:13.402 25488 25488 E AndroidRuntime: 	at com.android.internal.os.ZygoteInit.main(ZygoteInit.java:1115)
--------- beginning of system
03-03 16:40:04.710  1859  3255 E DeviceGuardManagerService: bindLockRemoteService result = null
03-03 16:40:04.877  1859  3652 W ContextImpl: Calling a method in the system process without a qualified user: android.app.ContextImpl.sendBroadcastMultiplePermissions:1363 android.content.Context.sendBroadcastMultiplePermissions:2543 android.content.Context.sendBroadcastMultiplePermissions:2531 com.android.server.TelephonyRegistry.broadcastDataConnectionStateChanged:4507 com.android.server.TelephonyRegistry.notifyDataConnectionForSubscriber:2420 
03-03 16:40:04.917  1859  2818 W ContextImpl: Calling a method in the system process without a qualified user: android.app.ContextImpl.sendBroadcastMultiplePermissions:1363 android.content.Context.sendBroadcastMultiplePermissions:2543 android.content.Context.sendBroadcastMultiplePermissions:2531 com.android.server.TelephonyRegistry.broadcastDataConnectionStateChanged:4507 com.android.server.TelephonyRegistry.notifyDataConnectionForSubscriber:2420 
03-03 16:40:05.302  1859  2818 W FillRequestEventLogger: Shouldn't be logging AutofillFillRequestReported again for same event
03-03 16:40:05.305  1859  2818 W FillResponseEventLogger: Shouldn't be logging AutofillFillRequestReported again for same event
03-03 16:40:05.305  1859  2818 W PresentationStatsEventLogger: Empty dataset. Autofill ignoring log
03-03 16:40:05.982  1859  2818 W ActivityTaskManager: MANAGE_ACTIVITY_STACKS is deprecated, please use alternative permission: MANAGE_ACTIVITY_TASKS
03-03 16:40:06.990  1859  2818 W ActivityTaskManager: MANAGE_ACTIVITY_STACKS is deprecated, please use alternative permission: MANAGE_ACTIVITY_TASKS
03-03 16:40:09.717  1859  3255 E DeviceGuardManagerService: bindLockRemoteService result = null
03-03 16:40:14.418  1859  2843 E JobScheduler.Background: Couldn't determine stopped state for unknown package: com.google.android.apps.turbo
03-03 16:40:14.418  1859  2843 E JobScheduler.Background: Couldn't determine stopped state for unknown package: com.google.android.apps.turbo
03-03 16:40:14.418  1859  2843 E JobScheduler.Background: Couldn't determine stopped state for unknown package: com.google.android.apps.turbo
03-03 16:40:14.418  1859  2843 E JobScheduler.Background: Couldn't determine stopped state for unknown package: com.google.android.apps.turbo
03-03 16:40:14.418  1859  2843 E JobScheduler.Background: Couldn't determine stopped state for unknown package: com.google.android.apps.turbo
03-03 16:40:14.421  1859  1878 E IMiCharge: MiCharge method 9 val = 277
03-03 16:40:14.421  1859  1878 E IMiCharge: MiCharge method 10 val = 0
03-03 16:40:14.720  1859  3255 E DeviceGuardManagerService: bindLockRemoteService result = null
03-03 16:40:15.854  1859  3646 W ActivityTaskManager: MANAGE_ACTIVITY_STACKS is deprecated, please use alternative permission: MANAGE_ACTIVITY_TASKS
03-03 16:40:16.920  1859  3646 E VibratorManagerServiceImpl: vibrationThreadSetParameters
03-03 16:40:16.977  1859  3646 E TransitionChain: Can't collect into a chain with no transition
03-03 16:40:17.238  1859  2818 W FillRequestEventLogger: Shouldn't be logging AutofillFillRequestReported again for same event
03-03 16:40:17.238  1859  2818 W FillResponseEventLogger: Shouldn't be logging AutofillFillRequestReported again for same event
03-03 16:40:17.238  1859  2818 W PresentationStatsEventLogger: Empty dataset. Autofill ignoring log
03-03 16:40:17.459  1859  4409 W ActivityTaskManager: MANAGE_ACTIVITY_STACKS is deprecated, please use alternative permission: MANAGE_ACTIVITY_TASKS
03-03 16:40:17.797  1859  3652 W PresentationStatsEventLogger: Bad view state for: -1, state: ViewState: [id=1073741824@1231785720, state:TRIGGERED_AUGMENTED_AUTOFILL, currentValue:android.view.autofill.AutofillValue@a0e]
03-03 16:40:17.937  1859  4409 W ActivityManager: Unbind failed: could not find connection for android.os.BinderProxy@6b06b83
03-03 16:40:17.939  1859  4409 W ActivityManager: Unable to start service Intent { act=android.telephony.satellite.SatelliteService xflg=0x4 pkg=com.mediatek.satellite.service } U=0: not found
03-03 16:40:17.985  1859  4409 W PresentationStatsEventLogger: Bad view state for: -1, state: ViewState: [id=1073741824@1231785720, state:CHANGED|TRIGGERED_AUGMENTED_AUTOFILL, currentValue:android.view.autofill.AutofillValue@fb8343af]
03-03 16:40:18.128  1859  4409 W PresentationStatsEventLogger: Bad view state for: -1, state: ViewState: [id=1073741824@1231785720, state:CHANGED|TRIGGERED_AUGMENTED_AUTOFILL, currentValue:android.view.autofill.AutofillValue@6891e4f9]
03-03 16:40:18.370  1859  4409 W PresentationStatsEventLogger: Bad view state for: -1, state: ViewState: [id=1073741824@1231785720, state:CHANGED|TRIGGERED_AUGMENTED_AUTOFILL, currentValue:android.view.autofill.AutofillValue@8a6bb8ce]
03-03 16:40:18.480  1859  4409 W PresentationStatsEventLogger: Bad view state for: -1, state: ViewState: [id=1073741824@1231785720, state:CHANGED|TRIGGERED_AUGMENTED_AUTOFILL, currentValue:android.view.autofill.AutofillValue@7abad503]
03-03 16:40:18.614  1859  4409 W PresentationStatsEventLogger: Bad view state for: -1, state: ViewState: [id=1073741824@1231785720, state:CHANGED|TRIGGERED_AUGMENTED_AUTOFILL, currentValue:android.view.autofill.AutofillValue@d90b804b]
03-03 16:40:18.746  1859  3652 W PresentationStatsEventLogger: Bad view state for: -1, state: ViewState: [id=1073741824@1231785720, state:CHANGED|TRIGGERED_AUGMENTED_AUTOFILL, currentValue:android.view.autofill.AutofillValue@2dc28014]
03-03 16:40:18.927  1859  3652 W PresentationStatsEventLogger: Bad view state for: -1, state: ViewState: [id=1073741824@1231785720, state:CHANGED|TRIGGERED_AUGMENTED_AUTOFILL, currentValue:android.view.autofill.AutofillValue@e0f6858a]
03-03 16:40:19.026  1859  3652 W PresentationStatsEventLogger: Bad view state for: -1, state: ViewState: [id=1073741824@1231785720, state:CHANGED|TRIGGERED_AUGMENTED_AUTOFILL, currentValue:android.view.autofill.AutofillValue@dd3de35d]
03-03 16:40:19.231  1859  3652 W PresentationStatsEventLogger: Bad view state for: -1, state: ViewState: [id=1073741824@1231785720, state:CHANGED|TRIGGERED_AUGMENTED_AUTOFILL, currentValue:android.view.autofill.AutofillValue@73976ba0]
03-03 16:40:19.607  1859  4409 W PresentationStatsEventLogger: Bad view state for: -1, state: ViewState: [id=1073741824@1231785720, state:CHANGED|TRIGGERED_AUGMENTED_AUTOFILL, currentValue:android.view.autofill.AutofillValue@4a66be7b]
03-03 16:40:19.722  1859  3255 E DeviceGuardManagerService: bindLockRemoteService result = null
03-03 16:40:19.741  1859  3652 W PresentationStatsEventLogger: Bad view state for: -1, state: ViewState: [id=1073741824@1231785720, state:CHANGED|TRIGGERED_AUGMENTED_AUTOFILL, currentValue:android.view.autofill.AutofillValue@b4fca7b2]
03-03 16:40:19.855  1859  3646 W PresentationStatsEventLogger: Bad view state for: -1, state: ViewState: [id=1073741824@1231785720, state:CHANGED|TRIGGERED_AUGMENTED_AUTOFILL, currentValue:android.view.autofill.AutofillValue@dc11b6a7]
03-03 16:40:19.987  1859  3646 W PresentationStatsEventLogger: Bad view state for: -1, state: ViewState: [id=1073741824@1231785720, state:CHANGED|TRIGGERED_AUGMENTED_AUTOFILL, currentValue:android.view.autofill.AutofillValue@9688f114]
03-03 16:40:20.112  1859  3652 W PresentationStatsEventLogger: Bad view state for: -1, state: ViewState: [id=1073741824@1231785720, state:CHANGED|TRIGGERED_AUGMENTED_AUTOFILL, currentValue:android.view.autofill.AutofillValue@d847555c]
03-03 16:40:20.410  1859  3646 W PresentationStatsEventLogger: Bad view state for: -1, state: ViewState: [id=1073741824@1231785720, state:CHANGED|TRIGGERED_AUGMENTED_AUTOFILL, currentValue:android.view.autofill.AutofillValue@b52e496f]
03-03 16:40:20.609  1859  3652 W PresentationStatsEventLogger: Bad view state for: -1, state: ViewState: [id=1073741824@1231785720, state:CHANGED|TRIGGERED_AUGMENTED_AUTOFILL, currentValue:android.view.autofill.AutofillValue@d445051a]
03-03 16:40:21.109  1859  3652 W ActivityTaskManager: MANAGE_ACTIVITY_STACKS is deprecated, please use alternative permission: MANAGE_ACTIVITY_TASKS
03-03 16:40:21.630  1859  3380 W ExtM    : Mark thread start 
03-03 16:40:21.736  1859  3646 W PresentationStatsEventLogger: Bad view state for: -1, state: ViewState: [id=1073741824@1231785720, state:CHANGED|CHAR_REMOVED|TRIGGERED_AUGMENTED_AUTOFILL, currentValue:android.view.autofill.AutofillValue@1, candidateSaveValue:android.view.autofill.AutofillValue@d445051a]
03-03 16:40:21.818  1859  3652 W PackageConfigPersister: App-specific configuration not found for packageName: com.whatsapp and userId: 0
03-03 16:40:22.136  1859  4408 W ExtM    : Mark finished with status: 0
03-03 16:40:22.215  1859  2083 E BatteryStatsService: note track volume change AudioToPower BatteryStatsservices 10442 15358 201193 1.0 1.0
03-03 16:40:22.216  1859  2083 E BatteryStatsService: note track volume change AudioToPower BatteryStatsservices 10442 15358 201193 1.0 1.0
03-03 16:40:22.222  1859  4409 W ActivityTaskManager: MANAGE_ACTIVITY_STACKS is deprecated, please use alternative permission: MANAGE_ACTIVITY_TASKS
03-03 16:40:22.250  1859  3652 E AppOps  : attributionTag  not declared in manifest of com.whatsapp
03-03 16:40:22.251  1859  3652 E AppOps  : attributionTag  not declared in manifest of com.whatsapp
03-03 16:40:22.256  1859  2083 E BatteryStatsService: note StartAudioToPower BatteryStatsservices10442 15358 201193 24710 2
03-03 16:40:22.258  1859  3652 E AppOps  : attributionTag  not declared in manifest of com.whatsapp
03-03 16:40:22.260  1859  4409 E AppOps  : attributionTag  not declared in manifest of com.whatsapp
03-03 16:40:22.270  1859  2083 E BatteryStatsService: note device change AudioToPower BatteryStatsservices 10442 15358 201193 2
03-03 16:40:22.368  1859  2083 E BatteryStatsService: note final volume change AudioToPower BatteryStatsservices 10442 15358 201193 0.00501193
03-03 16:40:22.495  1859  2083 E BatteryStatsService: note StopAudioToPower BatteryStatsservices10442 15358 201193 24710 2
03-03 16:40:23.105  5895 29861 W MiuiPerfServiceClient: interceptAndQueuing:3661|com.miui.home|47|34|2044291623573695|Slow issue draw commands|3
03-03 16:40:23.118  1859  3646 E VibratorManagerServiceImpl: vibrationThreadSetParameters
03-03 16:40:23.213  1859  4408 E AppOps  : Bad call made by uid 1001. Package "com.android.phone" does not belong to uid 10160.
03-03 16:40:23.214  1859  4408 E AppOps  : Cannot getAppOpMode
03-03 16:40:23.214  1859  4408 E AppOps  : java.lang.SecurityException: Specified package "com.android.phone" under uid 10160 but it is not
03-03 16:40:23.214  1859  4408 E AppOps  : 	at com.android.server.appop.AppOpsService.verifyAndGetBypass(AppOpsService.java:5235)
03-03 16:40:23.214  1859  4408 E AppOps  : 	at com.android.server.appop.AppOpsService.verifyAndGetBypass(AppOpsService.java:5096)
03-03 16:40:23.214  1859  4408 E AppOps  : 	at com.android.server.appop.AppOpsService.verifyAndGetBypass(AppOpsService.java:5088)
03-03 16:40:23.214  1859  4408 E AppOps  : 	at com.android.server.appop.AppOpsService.getAppOpMode(AppOpsService.java:3185)
03-03 16:40:23.214  1859  4408 E AppOps  : 	at com.android.server.appop.AppOpsService.checkOperationImpl(AppOpsService.java:3097)
03-03 16:40:23.214  1859  4408 E AppOps  : 	at com.android.server.appop.AppOpsService.-$$Nest$mcheckOperationImpl(Unknown Source:0)
03-03 16:40:23.214  1859  4408 E AppOps  : 	at com.android.server.appop.AppOpsService$CheckOpsDelegateDispatcher.$r8$lambda$p7Z0eGBUU1-Gt7vHG9S-93UhGlY(Unknown Source:0)
03-03 16:40:23.214  1859  4408 E AppOps  : 	at com.android.server.appop.AppOpsService$CheckOpsDelegateDispatcher$$ExternalSyntheticLambda12.apply(D8$$SyntheticClass:0)
03-03 16:40:23.214  1859  4408 E AppOps  : 	at com.android.server.policy.AppOpsPolicy.checkOperation(AppOpsPolicy.java:237)
03-03 16:40:23.214  1859  4408 E AppOps  : 	at com.android.server.appop.AppOpsService$CheckOpsDelegateDispatcher.checkOperation(AppOpsService.java:8027)
03-03 16:40:23.214  1859  4408 E AppOps  : 	at com.android.server.appop.AppOpsService.checkOperationRawForDevice(AppOpsService.java:3037)
03-03 16:40:23.214  1859  4408 E AppOps  : 	at com.android.internal.app.IAppOpsService$Stub.onTransact(IAppOpsService.java:1303)
03-03 16:40:23.214  1859  4408 E AppOps  : 	at android.os.Binder.execTransactInternal(Binder.java:1433)
03-03 16:40:23.214  1859  4408 E AppOps  : 	at android.os.Binder.execTransact(Binder.java:1372)
03-03 16:40:23.214  1859  4408 E AppOps  : Bad call made by uid 1001. Package "com.android.phone" does not belong to uid 10160.
03-03 16:40:23.214  1859  4408 E AppOps  : Cannot noteOperation
03-03 16:40:23.214  1859  4408 E AppOps  : java.lang.SecurityException: Specified package "com.android.phone" under uid 10160 but it is not
03-03 16:40:23.214  1859  4408 E AppOps  : 	at com.android.server.appop.AppOpsService.verifyAndGetBypass(AppOpsService.java:5235)
03-03 16:40:23.214  1859  4408 E AppOps  : 	at com.android.server.appop.AppOpsService.verifyAndGetBypass(AppOpsService.java:5096)
03-03 16:40:23.214  1859  4408 E AppOps  : 	at com.android.server.appop.AppOpsService.noteOperationUnchecked(AppOpsService.java:3490)
03-03 16:40:23.214  1859  4408 E AppOps  : 	at com.android.server.appop.AppOpsService.noteOperationImpl(AppOpsService.java:3477)
03-03 16:40:23.214  1859  4408 E AppOps  : 	at com.android.server.appop.AppOpsService.-$$Nest$mnoteOperationImpl(Unknown Source:0)
03-03 16:40:23.214  1859  4408 E AppOps  : 	at com.android.server.appop.AppOpsService$CheckOpsDelegateDispatcher.$r8$lambda$eTKLGbByFLiOzK62QHhpSvtx4do(Unknown Source:0)
03-03 16:40:23.214  1859  4408 E AppOps  : 	at com.android.server.appop.AppOpsService$CheckOpsDelegateDispatcher$$ExternalSyntheticLambda0.apply(D8$$SyntheticClass:0)
03-03 16:40:23.214  1859  4408 E AppOps  : 	at com.android.server.policy.AppOpsPolicy.noteOperation(AppOpsPolicy.java:254)
03-03 16:40:23.214  1859  4408 E AppOps  : 	at com.android.server.appop.AppOpsService$CheckOpsDelegateDispatcher.noteOperation(AppOpsService.java:8075)
03-03 16:40:23.214  1859  4408 E AppOps  : 	at com.android.server.appop.AppOpsService.noteOperation(AppOpsService.java:3424)
03-03 16:40:23.214  1859  4408 E AppOps  : 	at com.android.internal.app.IAppOpsService$Stub.onTransact(IAppOpsService.java:586)
03-03 16:40:23.214  1859  4408 E AppOps  : 	at android.os.Binder.execTransactInternal(Binder.java:1433)
03-03 16:40:23.214  1859  4408 E AppOps  : 	at android.os.Binder.execTransact(Binder.java:1372)
03-03 16:40:23.366  1859  4408 E TransitionChain: Can't collect into a chain with no transition
03-03 16:40:23.621  1859  4409 W ActivityTaskManager: MANAGE_ACTIVITY_STACKS is deprecated, please use alternative permission: MANAGE_ACTIVITY_TASKS
03-03 16:40:24.628  1859  4409 W ActivityTaskManager: MANAGE_ACTIVITY_STACKS is deprecated, please use alternative permission: MANAGE_ACTIVITY_TASKS
03-03 16:40:24.724  1859  3255 E DeviceGuardManagerService: bindLockRemoteService result = null
03-03 16:40:26.683  1859  4409 E VibratorManagerServiceImpl: vibrationThreadSetParameters
03-03 16:40:26.686  1859  3652 W AmsExtImpl: mResumedActivity not in top, reset!
03-03 16:40:26.705  1859  2818 E TransitionChain: Mismatch between current collecting (TransitionRecord{3a4d4fe id=22642 type=CLOSE flags=0x0 c=[
03-03 16:40:26.705  1859  2818 E TransitionChain:    ChangeInfo{596c77b container=ActivityRecord{93327836 u0 com.whatsapp/.home.ui.HomeActivity t7838} flags=0x0}
03-03 16:40:26.705  1859  2818 E TransitionChain:    ChangeInfo{88445f container=Display{#0 state=ON size=1220x2712 ROTATION_0} flags=0x0}
03-03 16:40:26.705  1859  2818 E TransitionChain:    ChangeInfo{f543eac container=ActivityRecord{141111007 u0 com.whatsapp/.Conversation t7838 f}} flags=0x0}
03-03 16:40:26.705  1859  2818 E TransitionChain:    ChangeInfo{6ff4775 container=Task{88af925 #7838 type=standard A=10442:com.whatsapp} flags=0x0}
03-03 16:40:26.705  1859  2818 E TransitionChain:    ChangeInfo{bf5430a container=DefaultTaskDisplayArea@164064817 flags=0x0}
03-03 16:40:26.705  1859  2818 E TransitionChain: ]
03-03 16:40:26.705  1859  2818 E TransitionChain: }) and chain (TransitionRecord{3a4d4fe id=22642 type=CLOSE flags=0x0 c=[
03-03 16:40:26.705  1859  2818 E TransitionChain:    ChangeInfo{596c77b container=ActivityRecord{93327836 u0 com.whatsapp/.home.ui.HomeActivity t7838} flags=0x0}
03-03 16:40:26.705  1859  2818 E TransitionChain:    ChangeInfo{88445f container=Display{#0 state=ON size=1220x2712 ROTATION_0} flags=0x0}
03-03 16:40:26.705  1859  2818 E TransitionChain:    ChangeInfo{f543eac container=ActivityRecord{141111007 u0 com.whatsapp/.Conversation t7838 f}} flags=0x0}
03-03 16:40:26.705  1859  2818 E TransitionChain:    ChangeInfo{6ff4775 container=Task{88af925 #7838 type=standard A=10442:com.whatsapp} flags=0x0}
03-03 16:40:26.705  1859  2818 E TransitionChain:    ChangeInfo{bf5430a container=DefaultTaskDisplayArea@164064817 flags=0x0}
03-03 16:40:26.705  1859  2818 E TransitionChain: ]
03-03 16:40:26.705  1859  2818 E TransitionChain: })
03-03 16:40:26.745  3609  3724 W MulWinSwitchTransition: startAnimation::receive an unknown transition:: token = android.os.BinderProxy@43f4356 type = 2
03-03 16:40:26.759  1859  1934 W DisplayContentStubImpl:  displayMetricsChanged=false physicalDisplayChanged=false displayId=0 newUniqueId=local:4627039422300187648 currentUnique=local:4627039422300187648
03-03 16:40:26.779  1859  2818 W PackageConfigPersister: App-specific configuration not found for packageName: com.whatsapp and userId: 0
03-03 16:40:27.185  1859  3876 W ActivityTaskManager: MANAGE_ACTIVITY_STACKS is deprecated, please use alternative permission: MANAGE_ACTIVITY_TASKS
03-03 16:40:27.292  1859  3876 W PresentationStatsEventLogger: Empty dataset. Autofill ignoring log
03-03 16:40:27.294  1859  2818 W FillRequestEventLogger: Shouldn't be logging AutofillFillRequestReported again for same event
03-03 16:40:27.295  1859  2818 W FillResponseEventLogger: Shouldn't be logging AutofillFillRequestReported again for same event
03-03 16:40:27.295  1859  2818 W PresentationStatsEventLogger: Shouldn't be logging AutofillPresentationEventReported again for same event
03-03 16:40:27.320  1859  1934 W DisplayContentStubImpl:  displayMetricsChanged=false physicalDisplayChanged=false displayId=0 newUniqueId=local:4627039422300187648 currentUnique=local:4627039422300187648
03-03 16:40:28.218  1859  3876 W OptProp : Cannot read opt property android.window.PROPERTY_COMPAT_ALLOW_RESIZEABLE_ACTIVITY_OVERRIDES
03-03 16:40:28.219  1859  3876 W OptProp : Cannot read opt property android.window.PROPERTY_COMPAT_ALLOW_MIN_ASPECT_RATIO_OVERRIDE
03-03 16:40:28.221  1859  3876 W OptProp : Cannot read opt property android.window.PROPERTY_COMPAT_ALLOW_ORIENTATION_OVERRIDE
03-03 16:40:28.225  1859  3876 W AmsExtImpl: mResumedActivity not in top, reset!
03-03 16:40:28.241  1859  3876 E TransitionChain: Mismatch between current collecting (TransitionRecord{b681a10 id=22643 type=OPEN flags=0x0 c=[
03-03 16:40:28.241  1859  3876 E TransitionChain:    ChangeInfo{ee249e6 container=ActivityRecord{93327836 u0 com.whatsapp/.home.ui.HomeActivity t7838} flags=0x0}
03-03 16:40:28.241  1859  3876 E TransitionChain:    ChangeInfo{fbe61a container=Display{#0 state=ON size=1220x2712 ROTATION_0} flags=0x0}
03-03 16:40:28.241  1859  3876 E TransitionChain:    ChangeInfo{d79154b container=Task{88af925 #7838 type=standard A=10442:com.whatsapp} flags=0x0}
03-03 16:40:28.241  1859  3876 E TransitionChain:    ChangeInfo{40d1b28 container=DefaultTaskDisplayArea@164064817 flags=0x0}
03-03 16:40:28.241  1859  3876 E TransitionChain:    ChangeInfo{caf041 container=ActivityRecord{195307785 u0 com.whatsapp/.Conversation t7838} flags=0x0}
03-03 16:40:28.241  1859  3876 E TransitionChain: ]
03-03 16:40:28.241  1859  3876 E TransitionChain: }) and chain (TransitionRecord{b681a10 id=22643 type=OPEN flags=0x0 c=[
03-03 16:40:28.241  1859  3876 E TransitionChain:    ChangeInfo{ee249e6 container=ActivityRecord{93327836 u0 com.whatsapp/.home.ui.HomeActivity t7838} flags=0x0}
03-03 16:40:28.241  1859  3876 E TransitionChain:    ChangeInfo{fbe61a container=Display{#0 state=ON size=1220x2712 ROTATION_0} flags=0x0}
03-03 16:40:28.241  1859  3876 E TransitionChain:    ChangeInfo{d79154b container=Task{88af925 #7838 type=standard A=10442:com.whatsapp} flags=0x0}
03-03 16:40:28.241  1859  3876 E TransitionChain:    ChangeInfo{40d1b28 container=DefaultTaskDisplayArea@164064817 flags=0x0}
03-03 16:40:28.241  1859  3876 E TransitionChain:    ChangeInfo{caf041 container=ActivityRecord{195307785 u0 com.whatsapp/.Conversation t7838} flags=0x0}
03-03 16:40:28.241  1859  3876 E TransitionChain: ]
03-03 16:40:28.241  1859  3876 E TransitionChain: })
03-03 16:40:28.243  1859  3876 E TransitionChain: Mismatch between current collecting (TransitionRecord{b681a10 id=22643 type=OPEN flags=0x0 c=[
03-03 16:40:28.243  1859  3876 E TransitionChain:    ChangeInfo{ee249e6 container=ActivityRecord{93327836 u0 com.whatsapp/.home.ui.HomeActivity t7838} flags=0x0}
03-03 16:40:28.243  1859  3876 E TransitionChain:    ChangeInfo{fbe61a container=Display{#0 state=ON size=1220x2712 ROTATION_0} flags=0x0}
03-03 16:40:28.243  1859  3876 E TransitionChain:    ChangeInfo{d79154b container=Task{88af925 #7838 type=standard A=10442:com.whatsapp} flags=0x0}
03-03 16:40:28.243  1859  3876 E TransitionChain:    ChangeInfo{40d1b28 container=DefaultTaskDisplayArea@164064817 flags=0x0}
03-03 16:40:28.243  1859  3876 E TransitionChain:    ChangeInfo{caf041 container=ActivityRecord{195307785 u0 com.whatsapp/.Conversation t7838} flags=0x0}
03-03 16:40:28.243  1859  3876 E TransitionChain: ]
03-03 16:40:28.243  1859  3876 E TransitionChain: }) and chain (TransitionRecord{b681a10 id=22643 type=OPEN flags=0x0 c=[
03-03 16:40:28.243  1859  3876 E TransitionChain:    ChangeInfo{ee249e6 container=ActivityRecord{93327836 u0 com.whatsapp/.home.ui.HomeActivity t7838} flags=0x0}
03-03 16:40:28.243  1859  3876 E TransitionChain:    ChangeInfo{fbe61a container=Display{#0 state=ON size=1220x2712 ROTATION_0} flags=0x0}
03-03 16:40:28.243  1859  3876 E TransitionChain:    ChangeInfo{d79154b container=Task{88af925 #7838 type=standard A=10442:com.whatsapp} flags=0x0}
03-03 16:40:28.243  1859  3876 E TransitionChain:    ChangeInfo{40d1b28 container=DefaultTaskDisplayArea@164064817 flags=0x0}
03-03 16:40:28.243  1859  3876 E TransitionChain:    ChangeInfo{caf041 container=ActivityRecord{195307785 u0 com.whatsapp/.Conversation t7838} flags=0x0}
03-03 16:40:28.243  1859  3876 E TransitionChain: ]
03-03 16:40:28.243  1859  3876 E TransitionChain: })
03-03 16:40:28.294  1859  1934 W DisplayContentStubImpl:  displayMetricsChanged=false physicalDisplayChanged=false displayId=0 newUniqueId=local:4627039422300187648 currentUnique=local:4627039422300187648
03-03 16:40:28.341  3609  3724 W MulWinSwitchTransition: startAnimation::receive an unknown transition:: token = android.os.BinderProxy@88050e1 type = 1
03-03 16:40:28.348  1859  6793 E TransitionChain: Can't collect into a chain with no transition
03-03 16:40:28.382  1859  5968 W PackageConfigPersister: App-specific configuration not found for packageName: com.whatsapp and userId: 0
03-03 16:40:28.488  1859  6793 W FillRequestEventLogger: Shouldn't be logging AutofillFillRequestReported again for same event
03-03 16:40:28.489  1859  6793 W FillResponseEventLogger: Shouldn't be logging AutofillFillRequestReported again for same event
03-03 16:40:28.489  1859  6793 W PresentationStatsEventLogger: Empty dataset. Autofill ignoring log
03-03 16:40:28.698  1859  5968 W ActivityTaskManager: MANAGE_ACTIVITY_STACKS is deprecated, please use alternative permission: MANAGE_ACTIVITY_TASKS
03-03 16:40:28.904  1859  1934 W DisplayContentStubImpl:  displayMetricsChanged=false physicalDisplayChanged=false displayId=0 newUniqueId=local:4627039422300187648 currentUnique=local:4627039422300187648
03-03 16:40:29.706  1859  6793 W ActivityTaskManager: MANAGE_ACTIVITY_STACKS is deprecated, please use alternative permission: MANAGE_ACTIVITY_TASKS
03-03 16:40:29.728  1859  3255 E DeviceGuardManagerService: bindLockRemoteService result = null
03-03 16:40:30.768  1859  5968 W OptProp : Cannot read opt property android.window.PROPERTY_COMPAT_ALLOW_RESIZEABLE_ACTIVITY_OVERRIDES
03-03 16:40:30.768  1859  5968 W OptProp : Cannot read opt property android.window.PROPERTY_COMPAT_ALLOW_MIN_ASPECT_RATIO_OVERRIDE
03-03 16:40:30.775  1859  5968 W OptProp : Cannot read opt property android.window.PROPERTY_COMPAT_ALLOW_ORIENTATION_OVERRIDE
03-03 16:40:30.777  1859  5968 W AmsExtImpl: mResumedActivity not in top, reset!
03-03 16:40:30.793  1859  3875 E TransitionChain: Mismatch between current collecting (TransitionRecord{2d6d1ce id=22644 type=OPEN flags=0x0 c=[
03-03 16:40:30.793  1859  3875 E TransitionChain:    ChangeInfo{fba66e7 container=Display{#0 state=ON size=1220x2712 ROTATION_0} flags=0x0}
03-03 16:40:30.793  1859  3875 E TransitionChain:    ChangeInfo{b626294 container=DefaultTaskDisplayArea@164064817 flags=0x0}
03-03 16:40:30.793  1859  3875 E TransitionChain:    ChangeInfo{565413d container=Task{c8fc685 #7839 type=standard I=com.android.chrome/com.google.android.apps.chrome.IntentDispatcher} flags=0x0}
03-03 16:40:30.793  1859  3875 E TransitionChain:    ChangeInfo{82b8d32 container=ActivityRecord{213403887 u0 com.android.chrome/com.google.android.apps.chrome.IntentDispatcher t7839} flags=0x0}
03-03 16:40:30.793  1859  3875 E TransitionChain: ]
03-03 16:40:30.793  1859  3875 E TransitionChain: }) and chain (TransitionRecord{2d6d1ce id=22644 type=OPEN flags=0x0 c=[
03-03 16:40:30.793  1859  3875 E TransitionChain:    ChangeInfo{fba66e7 container=Display{#0 state=ON size=1220x2712 ROTATION_0} flags=0x0}
03-03 16:40:30.793  1859  3875 E TransitionChain:    ChangeInfo{b626294 container=DefaultTaskDisplayArea@164064817 flags=0x0}
03-03 16:40:30.793  1859  3875 E TransitionChain:    ChangeInfo{565413d container=Task{c8fc685 #7839 type=standard I=com.android.chrome/com.google.android.apps.chrome.IntentDispatcher} flags=0x0}
03-03 16:40:30.793  1859  3875 E TransitionChain:    ChangeInfo{82b8d32 container=ActivityRecord{213403887 u0 com.android.chrome/com.google.android.apps.chrome.IntentDispatcher t7839} flags=0x0}
03-03 16:40:30.793  1859  3875 E TransitionChain: ]
03-03 16:40:30.793  1859  3875 E TransitionChain: })
03-03 16:40:30.816  1859  2843 W JobServiceContext: Sending onNetworkChanged for a job that isn't started. JobStatus{765aaa4 androidx.work.systemjobscheduler:u0a399/1059 @androidx.work.systemjobscheduler@com.reddit.frontpage/androidx.work.impl.background.systemjob.SystemJobService u=0 s=10399 TIME=-7s617ms:none NET READY}
03-03 16:40:30.820  1859  4409 W OptProp : Cannot read opt property android.window.PROPERTY_COMPAT_ALLOW_RESIZEABLE_ACTIVITY_OVERRIDES
03-03 16:40:30.820  1859  4409 W OptProp : Cannot read opt property android.window.PROPERTY_COMPAT_ALLOW_MIN_ASPECT_RATIO_OVERRIDE
03-03 16:40:30.822  1859  4409 W OptProp : Cannot read opt property android.window.PROPERTY_COMPAT_ALLOW_ORIENTATION_OVERRIDE
03-03 16:40:30.824  1859  4409 W AmsExtImpl: mResumedActivity not in top, reset!
03-03 16:40:30.846  1859  3812 W Transition: Transition already started id=22644 state=1
03-03 16:40:30.855  1859  3812 E WindowManager:  source = Task{88af925 #7838 type=standard A=10442:com.whatsapp} excludeMiuiNavBar = true excludeMiuiStatusBar = true excludeIme = false excludeNavBar = true miuiNavSurfaceControl = Surface(name=NavigationBar Container of Task = 7838#426554)/@0x2b38afa miuiStatusSurfaceControl = Surface(name=StatusBar Container of Task = 7838#426555)/@0x74e7b08
03-03 16:40:30.857  1859  3304 E BarFollowAnimation: navBarVisible throw Exception
03-03 16:40:30.858  3609  3724 W MulWinSwitchTransition: startAnimation::receive an unknown transition:: token = android.os.BinderProxy@3cfab90 type = 1
03-03 16:40:30.866  1859  5178 E TransitionChain: Can't collect into a chain with no transition
03-03 16:40:30.875  1859  2818 E TransitionChain: Can't collect into a chain with no transition
03-03 16:40:30.885  1859  1934 W DisplayContentStubImpl:  displayMetricsChanged=false physicalDisplayChanged=false displayId=0 newUniqueId=local:4627039422300187648 currentUnique=local:4627039422300187648
03-03 16:40:30.891  1859  3646 E TransitionChain: Can't collect into a chain with no transition
03-03 16:40:30.982  1859  2002 W ActivityManager: Unknown package:com.xiaomi.aiservice
03-03 16:40:30.988  1859  3812 E TransitionChain: Can't collect into a chain with no transition
03-03 16:40:31.012  1859  3812 W AppCompatLetterboxPolicy: start not layout letterbox Window{2df5edb u0 Splash Screen com.android.chrome EXITING}
03-03 16:40:31.021 15111 15111 E MQSEventManagerDelegate: failed to get MQSService.
03-03 16:40:31.021 15111 15111 W ActivityThread: registerApplicationScoutThread result:false
03-03 16:40:31.028 15111 15124 E MQSEventManagerDelegate: failed to get MQSService.
03-03 16:40:31.028 15111 15124 W MQSEventManagerDelegate: getReportAppLaunch getMQSService null
03-03 16:40:31.029 15111 15123 E ForceDarkHelperStubImpl: getForceDarkOriginState transact failed , mService: null
03-03 16:40:31.053  1859  2002 W ActivityManager: Unknown package:com.xiaomi.aiservice
03-03 16:40:31.080 14149 14149 E TurboSchedMonitor: failed to find setSchedAffinity method com.android.chrome
03-03 16:40:31.083 14149 14149 E TurboSchedMonitor: failed to find setSchedAffinity method com.android.chrome
03-03 16:40:31.123 15130 15130 E MiuiPreloadClassImpl: invoke error.
03-03 16:40:31.152  1859  2818 W PackageConfigPersister: App-specific configuration not found for packageName: com.android.chrome and userId: 0
03-03 16:40:31.260  1859  2818 W ActivityTaskManager: MANAGE_ACTIVITY_STACKS is deprecated, please use alternative permission: MANAGE_ACTIVITY_TASKS
03-03 16:40:31.631  1859  2843 E JobScheduler.Background: Couldn't determine stopped state for unknown package: com.google.android.apps.turbo
03-03 16:40:31.631  1859  2843 E JobScheduler.Background: Couldn't determine stopped state for unknown package: com.google.android.apps.turbo
03-03 16:40:31.632  1859  2843 E JobScheduler.Background: Couldn't determine stopped state for unknown package: com.google.android.apps.turbo
03-03 16:40:31.632  1859  2843 E JobScheduler.Background: Couldn't determine stopped state for unknown package: com.google.android.apps.turbo
03-03 16:40:31.632  1859  2843 E JobScheduler.Background: Couldn't determine stopped state for unknown package: com.google.android.apps.turbo
03-03 16:40:31.700 14149 14149 E TurboSchedMonitor: failed to find setSchedAffinity method com.android.chrome
03-03 16:40:31.701 14149 14149 E TurboSchedMonitor: failed to find setSchedAffinity method com.android.chrome
03-03 16:40:31.701 14149 14149 E TurboSchedMonitor: failed to find setSchedAffinity method com.android.chrome
03-03 16:40:31.702 14149 14149 E TurboSchedMonitor: failed to find setSchedAffinity method com.android.chrome
03-03 16:40:31.702 14149 14149 E TurboSchedMonitor: failed to find setSchedAffinity method com.android.chrome
03-03 16:40:31.702  1859  3816 W WindowManager: Failed looking up window session=Session{6d0ac56 3609:1000} callers=com.android.server.wm.WindowManagerService.removeClientToken:2587 com.android.server.wm.Session.remove:329 android.view.IWindowSession$Stub.onTransact:772 
03-03 16:40:31.703 14149 14149 E TurboSchedMonitor: failed to find setSchedAffinity method com.android.chrome
03-03 16:40:31.703  1859  2818 W PresentationStatsEventLogger: Empty dataset. Autofill ignoring log
03-03 16:40:32.268  1859  3814 W ActivityTaskManager: MANAGE_ACTIVITY_STACKS is deprecated, please use alternative permission: MANAGE_ACTIVITY_TASKS
03-03 16:40:32.853  1859  2083 W BatteryStatsImpl: noteBluetoothScanStartedLocked deltaScanCount: 46664 uid:1002
03-03 16:40:32.868  1859  2083 W BatteryStatsImpl: noteBluetoothScanStartedLocked deltaScanCount: 46665 uid:1002
03-03 16:40:34.384  1859  1934 W DisplayContentStubImpl:  displayMetricsChanged=false physicalDisplayChanged=false displayId=0 newUniqueId=local:4627039422300187648 currentUnique=local:4627039422300187648
03-03 16:40:34.733  1859  3255 E DeviceGuardManagerService: bindLockRemoteService result = null
03-03 16:40:38.616 11733 15217 W BpBinder: PerfMonitor binderTransact: time=255ms interface=com.google.android.auth.IAuthManagerService code=5
03-03 16:40:39.740  1859  3255 E DeviceGuardManagerService: bindLockRemoteService result = null
03-03 16:40:44.429  1859  2843 E JobScheduler.Background: Couldn't determine stopped state for unknown package: com.google.android.apps.turbo
03-03 16:40:44.429  1859  2843 E JobScheduler.Background: Couldn't determine stopped state for unknown package: com.google.android.apps.turbo
03-03 16:40:44.429  1859  2843 E JobScheduler.Background: Couldn't determine stopped state for unknown package: com.google.android.apps.turbo
03-03 16:40:44.429  1859  1878 E IMiCharge: MiCharge method 9 val = 279
03-03 16:40:44.430  1859  2843 E JobScheduler.Background: Couldn't determine stopped state for unknown package: com.google.android.apps.turbo
03-03 16:40:44.430  1859  2843 E JobScheduler.Background: Couldn't determine stopped state for unknown package: com.google.android.apps.turbo
03-03 16:40:44.432  1859  1878 E IMiCharge: MiCharge method 10 val = 0
03-03 16:40:44.746  1859  3255 E DeviceGuardManagerService: bindLockRemoteService result = null
03-03 16:40:47.400  1859  1934 W DisplayContentStubImpl:  displayMetricsChanged=false physicalDisplayChanged=false displayId=0 newUniqueId=local:4627039422300187648 currentUnique=local:4627039422300187648
03-03 16:40:49.748  1859  3255 E DeviceGuardManagerService: bindLockRemoteService result = null
03-03 16:40:50.234  1859  3799 W ActivityTaskManager: MANAGE_ACTIVITY_STACKS is deprecated, please use alternative permission: MANAGE_ACTIVITY_TASKS
03-03 16:40:51.242  1859  3799 W ActivityTaskManager: MANAGE_ACTIVITY_STACKS is deprecated, please use alternative permission: MANAGE_ACTIVITY_TASKS
03-03 16:40:54.431  1859  2843 E JobScheduler.Background: Couldn't determine stopped state for unknown package: com.google.android.apps.turbo
03-03 16:40:54.431  1859  2843 E JobScheduler.Background: Couldn't determine stopped state for unknown package: com.google.android.apps.turbo
03-03 16:40:54.431  1859  2843 E JobScheduler.Background: Couldn't determine stopped state for unknown package: com.google.android.apps.turbo
03-03 16:40:54.432  1859  2843 E JobScheduler.Background: Couldn't determine stopped state for unknown package: com.google.android.apps.turbo
03-03 16:40:54.432  1859  2843 E JobScheduler.Background: Couldn't determine stopped state for unknown package: com.google.android.apps.turbo
03-03 16:40:54.753  1859  3255 E DeviceGuardManagerService: bindLockRemoteService result = null
03-03 16:40:59.600  1859  3799 W ActivityTaskManager: MANAGE_ACTIVITY_STACKS is deprecated, please use alternative permission: MANAGE_ACTIVITY_TASKS
03-03 16:40:59.757  1859  3255 E DeviceGuardManagerService: bindLockRemoteService result = null
03-03 16:41:00.609  1859  3814 W ActivityTaskManager: MANAGE_ACTIVITY_STACKS is deprecated, please use alternative permission: MANAGE_ACTIVITY_TASKS
03-03 16:41:02.927  1859  3814 W ActivityTaskManager: MANAGE_ACTIVITY_STACKS is deprecated, please use alternative permission: MANAGE_ACTIVITY_TASKS
03-03 16:41:03.829  1859  3799 W ActivityTaskManager: MANAGE_ACTIVITY_STACKS is deprecated, please use alternative permission: MANAGE_ACTIVITY_TASKS
03-03 16:41:04.472  1859  3814 W ContextImpl: Calling a method in the system process without a qualified user: android.app.ContextImpl.sendBroadcastMultiplePermissions:1330 android.content.Context.sendBroadcastMultiplePermissions:2597 com.android.server.TelephonyRegistry.broadcastServiceStateChanged:4268 com.android.server.TelephonyRegistry.notifyServiceStateForPhoneId:1928 com.android.internal.telephony.ITelephonyRegistry$Stub.onTransact:613 
03-03 16:41:04.474  1859  3814 W ContextImpl: Calling a method in the system process without a qualified user: android.app.ContextImpl.sendBroadcastMultiplePermissions:1363 com.android.server.TelephonyRegistry.broadcastServiceStateChanged:4273 com.android.server.TelephonyRegistry.notifyServiceStateForPhoneId:1928 com.android.internal.telephony.ITelephonyRegistry$Stub.onTransact:613 android.os.Binder.execTransactInternal:1433 
03-03 16:41:04.482  1859  3814 W ContextImpl: Calling a method in the system process without a qualified user: android.app.ContextImpl.sendBroadcastMultiplePermissions:1363 com.android.server.TelephonyRegistry.broadcastServiceStateChanged:4282 com.android.server.TelephonyRegistry.notifyServiceStateForPhoneId:1928 com.android.internal.telephony.ITelephonyRegistry$Stub.onTransact:613 android.os.Binder.execTransactInternal:1433 
03-03 16:41:04.483  1859  3814 W ContextImpl: Calling a method in the system process without a qualified user: android.app.ContextImpl.sendBroadcastMultiplePermissions:1363 com.android.server.TelephonyRegistry.broadcastServiceStateChanged:4288 com.android.server.TelephonyRegistry.notifyServiceStateForPhoneId:1928 com.android.internal.telephony.ITelephonyRegistry$Stub.onTransact:613 android.os.Binder.execTransactInternal:1433 
03-03 16:41:04.760  1859  3255 E DeviceGuardManagerService: bindLockRemoteService result = null
03-03 16:41:04.937  1859  5954 W ContextImpl: Calling a method in the system process without a qualified user: android.app.ContextImpl.sendBroadcastMultiplePermissions:1363 android.content.Context.sendBroadcastMultiplePermissions:2543 android.content.Context.sendBroadcastMultiplePermissions:2531 com.android.server.TelephonyRegistry.broadcastDataConnectionStateChanged:4507 com.android.server.TelephonyRegistry.notifyDataConnectionForSubscriber:2420 
03-03 16:41:04.980  1859  2821 W ContextImpl: Calling a method in the system process without a qualified user: android.app.ContextImpl.sendBroadcastMultiplePermissions:1363 android.content.Context.sendBroadcastMultiplePermissions:2543 android.content.Context.sendBroadcastMultiplePermissions:2531 com.android.server.TelephonyRegistry.broadcastDataConnectionStateChanged:4507 com.android.server.TelephonyRegistry.notifyDataConnectionForSubscriber:2420 
03-03 16:41:04.983  1859  5954 W ContextImpl: Calling a method in the system process without a qualified user: android.app.ContextImpl.sendBroadcastMultiplePermissions:1363 android.content.Context.sendBroadcastMultiplePermissions:2543 android.content.Context.sendBroadcastMultiplePermissions:2531 com.android.server.TelephonyRegistry.broadcastDataConnectionStateChanged:4507 com.android.server.TelephonyRegistry.notifyDataConnectionForSubscriber:2420 
03-03 16:41:05.006  1485  1566 E NetlinkEvent: NetlinkEvent::FindParam(): Parameter 'INTERFACE' not found
03-03 16:41:05.006  1485  1566 E NetlinkEvent: NetlinkEvent::FindParam(): Parameter 'STATE' not found
03-03 16:41:05.006  1485  1566 E NetlinkEvent: NetlinkEvent::FindParam(): Parameter 'TIME_NS' not found
03-03 16:41:05.006  1485  1566 E NetlinkEvent: NetlinkEvent::FindParam(): Parameter 'UID' not found
03-03 16:41:05.301  1859  2821 W ActivityTaskManager: MANAGE_ACTIVITY_STACKS is deprecated, please use alternative permission: MANAGE_ACTIVITY_TASKS
03-03 16:41:05.902  1859  3814 W ContextImpl: Calling a method in the system process without a qualified user: android.app.ContextImpl.sendBroadcastMultiplePermissions:1330 android.content.Context.sendBroadcastMultiplePermissions:2597 com.android.server.TelephonyRegistry.broadcastServiceStateChanged:4268 com.android.server.TelephonyRegistry.notifyServiceStateForPhoneId:1928 com.android.internal.telephony.ITelephonyRegistry$Stub.onTransact:613 
03-03 16:41:05.905  1859  3814 W ContextImpl: Calling a method in the system process without a qualified user: android.app.ContextImpl.sendBroadcastMultiplePermissions:1363 com.android.server.TelephonyRegistry.broadcastServiceStateChanged:4273 com.android.server.TelephonyRegistry.notifyServiceStateForPhoneId:1928 com.android.internal.telephony.ITelephonyRegistry$Stub.onTransact:613 android.os.Binder.execTransactInternal:1433 
03-03 16:41:05.907  1859  3814 W ContextImpl: Calling a method in the system process without a qualified user: android.app.ContextImpl.sendBroadcastMultiplePermissions:1363 com.android.server.TelephonyRegistry.broadcastServiceStateChanged:4282 com.android.server.TelephonyRegistry.notifyServiceStateForPhoneId:1928 com.android.internal.telephony.ITelephonyRegistry$Stub.onTransact:613 android.os.Binder.execTransactInternal:1433 
03-03 16:41:05.908  1859  3814 W ContextImpl: Calling a method in the system process without a qualified user: android.app.ContextImpl.sendBroadcastMultiplePermissions:1363 com.android.server.TelephonyRegistry.broadcastServiceStateChanged:4288 com.android.server.TelephonyRegistry.notifyServiceStateForPhoneId:1928 com.android.internal.telephony.ITelephonyRegistry$Stub.onTransact:613 android.os.Binder.execTransactInternal:1433 
03-03 16:41:05.932  1859  3799 W ContextImpl: Calling a method in the system process without a qualified user: android.app.ContextImpl.sendBroadcastMultiplePermissions:1330 android.content.Context.sendBroadcastMultiplePermissions:2597 com.android.server.TelephonyRegistry.broadcastServiceStateChanged:4268 com.android.server.TelephonyRegistry.notifyServiceStateForPhoneId:1928 com.android.internal.telephony.ITelephonyRegistry$Stub.onTransact:613 
