03-03 16:49:50.428  1859  3652 E TransitionChain:    ChangeInfo{3c79c04 container=DefaultTaskDisplayArea@164064817 flags=0x0}
03-03 16:49:50.428  1859  3652 E TransitionChain:    ChangeInfo{c9ed5ed container=ActivityRecord{190854453 u0 com.instagram.android/com.instagram.inappbrowser.fragments.BrowserLiteInMainProcessIGActivity t7836} flags=0x0}
03-03 16:49:50.428  1859  3652 E TransitionChain:    ChangeInfo{29fe3e9 container=ActivityRecord{221371409 u0 com.instagram.android/.activity.MainTabActivity t7836} flags=0x0}
03-03 16:49:50.428  1859  3652 E TransitionChain: ]
03-03 16:49:50.428  1859  3652 E TransitionChain: }) and chain (TransitionRecord{3914b6c id=22674 type=OPEN flags=0x0 c=[
03-03 16:49:50.428  1859  3652 E TransitionChain:    ChangeInfo{fe32c96 container=Task{739377 #7836 type=standard A=10405:com.instagram.android} flags=0x0}
03-03 16:49:50.428  1859  3652 E TransitionChain:    ChangeInfo{d53e017 container=Display{#0 state=ON size=1220x2712 ROTATION_0} flags=0x0}
03-03 16:49:50.428  1859  3652 E TransitionChain:    ChangeInfo{3c79c04 container=DefaultTaskDisplayArea@164064817 flags=0x0}
03-03 16:49:50.428  1859  3652 E TransitionChain:    ChangeInfo{c9ed5ed container=ActivityRecord{190854453 u0 com.instagram.android/com.instagram.inappbrowser.fragments.BrowserLiteInMainProcessIGActivity t7836} flags=0x0}
03-03 16:49:50.428  1859  3652 E TransitionChain:    ChangeInfo{29fe3e9 container=ActivityRecord{221371409 u0 com.instagram.android/.activity.MainTabActivity t7836} flags=0x0}
03-03 16:49:50.428  1859  3652 E TransitionChain: ]
03-03 16:49:50.428  1859  3652 E TransitionChain: })
03-03 16:49:50.457  1859  3523 E TransitionChain: Mismatch between current collecting (TransitionRecord{3914b6c id=22674 type=OPEN flags=0x0 overrideAnimOptions={t=CUSTOM enterResId=2130772089 changeResId=0 exitResId=2130772087 mUserId=0} c=[
03-03 16:49:50.457  1859  3523 E TransitionChain:    ChangeInfo{fe32c96 container=Task{739377 #7836 type=standard A=10405:com.instagram.android} flags=0x0}
03-03 16:49:50.457  1859  3523 E TransitionChain:    ChangeInfo{d53e017 container=Display{#0 state=ON size=1220x2712 ROTATION_0} flags=0x0}
03-03 16:49:50.457  1859  3523 E TransitionChain:    ChangeInfo{3c79c04 container=DefaultTaskDisplayArea@164064817 flags=0x0}
03-03 16:49:50.457  1859  3523 E TransitionChain:    ChangeInfo{c9ed5ed container=ActivityRecord{190854453 u0 com.instagram.android/com.instagram.inappbrowser.fragments.BrowserLiteInMainProcessIGActivity t7836} flags=0x0}
03-03 16:49:50.457  1859  3523 E TransitionChain:    ChangeInfo{29fe3e9 container=ActivityRecord{221371409 u0 com.instagram.android/.activity.MainTabActivity t7836} flags=0x0}
03-03 16:49:50.457  1859  3523 E TransitionChain: ]
03-03 16:49:50.457  1859  3523 E TransitionChain: }) and chain (TransitionRecord{3914b6c id=22674 type=OPEN flags=0x0 overrideAnimOptions={t=CUSTOM enterResId=2130772089 changeResId=0 exitResId=2130772087 mUserId=0} c=[
03-03 16:49:50.457  1859  3523 E TransitionChain:    ChangeInfo{fe32c96 container=Task{739377 #7836 type=standard A=10405:com.instagram.android} flags=0x0}
03-03 16:49:50.457  1859  3523 E TransitionChain:    ChangeInfo{d53e017 container=Display{#0 state=ON size=1220x2712 ROTATION_0} flags=0x0}
03-03 16:49:50.457  1859  3523 E TransitionChain:    ChangeInfo{3c79c04 container=DefaultTaskDisplayArea@164064817 flags=0x0}
03-03 16:49:50.457  1859  3523 E TransitionChain:    ChangeInfo{c9ed5ed container=ActivityRecord{190854453 u0 com.instagram.android/com.instagram.inappbrowser.fragments.BrowserLiteInMainProcessIGActivity t7836} flags=0x0}
03-03 16:49:50.457  1859  3523 E TransitionChain:    ChangeInfo{29fe3e9 container=ActivityRecord{221371409 u0 com.instagram.android/.activity.MainTabActivity t7836} flags=0x0}
03-03 16:49:50.457  1859  3523 E TransitionChain: ]
03-03 16:49:50.457  1859  3523 E TransitionChain: })
03-03 16:49:50.567  7530  7530 E TurboSchedMonitor: failed to find setSchedAffinity method com.instagram.android
03-03 16:49:50.567  7530  7530 E TurboSchedMonitor: failed to find setSchedAffinity method com.instagram.android
03-03 16:49:50.694  1859  1937 E WindowManager:  source = ActivityRecord{221371409 u0 com.instagram.android/.activity.MainTabActivity t7836} excludeMiuiNavBar = false excludeMiuiStatusBar = false excludeIme = false excludeNavBar = true miuiNavSurfaceControl = null miuiStatusSurfaceControl = null
03-03 16:49:50.708  1859  3469 E TransitionChain: Can't collect into a chain with no transition
03-03 16:49:52.649  1859  2083 E BatteryStatsService: note track volume change AudioToPower BatteryStatsservices 10405 7530 201385 1.0 1.0
03-03 16:49:52.681  1859  3876 E AppOps  : attributionTag  not declared in manifest of com.instagram.android
03-03 16:49:52.683  1859  3652 E AppOps  : attributionTag  not declared in manifest of com.instagram.android
03-03 16:49:52.688  1859  2083 E BatteryStatsService: note StartAudioToPower BatteryStatsservices10405 7530 201385 24732 2
03-03 16:49:52.689  1859  2083 E BatteryStatsService: note device change AudioToPower BatteryStatsservices 10405 7530 201385 2
03-03 16:49:52.788  1859  2083 E BatteryStatsService: note final volume change AudioToPower BatteryStatsservices 10405 7530 201385 0.044668663
03-03 16:49:54.647  1859  2843 E JobScheduler.Background: Couldn't determine stopped state for unknown package: com.google.android.apps.turbo
03-03 16:49:54.648  1859  2843 E JobScheduler.Background: Couldn't determine stopped state for unknown package: com.google.android.apps.turbo
03-03 16:49:54.648  1859  2843 E JobScheduler.Background: Couldn't determine stopped state for unknown package: com.google.android.apps.turbo
03-03 16:49:54.649  1859  2843 E JobScheduler.Background: Couldn't determine stopped state for unknown package: com.google.android.apps.turbo
03-03 16:49:54.649  1859  2843 E JobScheduler.Background: Couldn't determine stopped state for unknown package: com.google.android.apps.turbo
03-03 16:49:55.254  1859  3255 E DeviceGuardManagerService: bindLockRemoteService result = null
03-03 16:50:00.256  1859  3255 E DeviceGuardManagerService: bindLockRemoteService result = null
03-03 16:50:02.638  1859  3652 E AppOps  : attributionTag  not declared in manifest of com.instagram.android
03-03 16:50:02.640  1859  3652 E AppOps  : attributionTag  not declared in manifest of com.instagram.android
03-03 16:50:03.020  1859  2083 E BatteryStatsService: note StopAudioToPower BatteryStatsservices10405 7530 201385 24732 2
03-03 16:50:05.260  1859  3255 E DeviceGuardManagerService: bindLockRemoteService result = null
03-03 16:50:05.508  1859  2083 E BatteryStatsService: note track volume change AudioToPower BatteryStatsservices 10405 7530 201393 1.0 1.0
03-03 16:50:05.545  1859  4408 E AppOps  : attributionTag  not declared in manifest of com.instagram.android
03-03 16:50:05.545  1859  4408 E AppOps  : attributionTag  not declared in manifest of com.instagram.android
03-03 16:50:05.548  1859  2083 E BatteryStatsService: note StartAudioToPower BatteryStatsservices10405 7530 201393 24733 2
03-03 16:50:05.558  1859  2083 E BatteryStatsService: note device change AudioToPower BatteryStatsservices 10405 7530 201393 2
03-03 16:50:05.648  1859  2083 E BatteryStatsService: note final volume change AudioToPower BatteryStatsservices 10405 7530 201393 0.044668663
03-03 16:50:05.753  1859  6896 E VibratorManagerServiceImpl: vibrationThreadSetParameters
03-03 16:50:05.775  1859  6896 E AppOps  : attributionTag  not declared in manifest of com.instagram.android
03-03 16:50:05.775  1859  6896 E AppOps  : attributionTag  not declared in manifest of com.instagram.android
03-03 16:50:06.114  1859  2083 E BatteryStatsService: note StopAudioToPower BatteryStatsservices10405 7530 201393 24733 2
03-03 16:50:07.495  1859  3523 E AppOps  : attributionTag  not declared in manifest of com.instagram.android
03-03 16:50:07.497  1859  3523 E AppOps  : attributionTag  not declared in manifest of com.instagram.android
03-03 16:50:07.509  1859  2083 E BatteryStatsService: note StartAudioToPower BatteryStatsservices10405 7530 201393 24733 2
03-03 16:50:07.520  1859  2083 E BatteryStatsService: note device change AudioToPower BatteryStatsservices 10405 7530 201393 2
03-03 16:50:10.266  1859  3255 E DeviceGuardManagerService: bindLockRemoteService result = null
03-03 16:50:14.661  1859  2843 E JobScheduler.Background: Couldn't determine stopped state for unknown package: com.google.android.apps.turbo
03-03 16:50:14.662  1859  2843 E JobScheduler.Background: Couldn't determine stopped state for unknown package: com.google.android.apps.turbo
03-03 16:50:14.662  1859  2843 E JobScheduler.Background: Couldn't determine stopped state for unknown package: com.google.android.apps.turbo
03-03 16:50:14.662  1859  2843 E JobScheduler.Background: Couldn't determine stopped state for unknown package: com.google.android.apps.turbo
03-03 16:50:14.662  1859  2843 E JobScheduler.Background: Couldn't determine stopped state for unknown package: com.google.android.apps.turbo
03-03 16:50:14.665  1859  1878 E IMiCharge: MiCharge method 9 val = 300
03-03 16:50:14.667  1859  1878 E IMiCharge: MiCharge method 10 val = 1
03-03 16:50:15.272  1859  3255 E DeviceGuardManagerService: bindLockRemoteService result = null
03-03 16:50:20.276  1859  3255 E DeviceGuardManagerService: bindLockRemoteService result = null
03-03 16:50:25.280  1859  3255 E DeviceGuardManagerService: bindLockRemoteService result = null
03-03 16:50:30.284  1859  3255 E DeviceGuardManagerService: bindLockRemoteService result = null
03-03 16:50:32.147  1859  2843 E JobScheduler.Background: Couldn't determine stopped state for unknown package: com.google.android.apps.turbo
03-03 16:50:32.147  1859  2843 E JobScheduler.Background: Couldn't determine stopped state for unknown package: com.google.android.apps.turbo
03-03 16:50:32.147  1859  2843 E JobScheduler.Background: Couldn't determine stopped state for unknown package: com.google.android.apps.turbo
03-03 16:50:32.147  1859  2843 E JobScheduler.Background: Couldn't determine stopped state for unknown package: com.google.android.apps.turbo
03-03 16:50:32.147  1859  2843 E JobScheduler.Background: Couldn't determine stopped state for unknown package: com.google.android.apps.turbo
03-03 16:50:35.291  1859  3255 E DeviceGuardManagerService: bindLockRemoteService result = null
03-03 16:50:40.296  1859  3255 E DeviceGuardManagerService: bindLockRemoteService result = null
03-03 16:50:44.672  1859  2843 E JobScheduler.Background: Couldn't determine stopped state for unknown package: com.google.android.apps.turbo
03-03 16:50:44.672  1859  2843 E JobScheduler.Background: Couldn't determine stopped state for unknown package: com.google.android.apps.turbo
03-03 16:50:44.672  1859  2843 E JobScheduler.Background: Couldn't determine stopped state for unknown package: com.google.android.apps.turbo
03-03 16:50:44.672  1859  2843 E JobScheduler.Background: Couldn't determine stopped state for unknown package: com.google.android.apps.turbo
03-03 16:50:44.672  1859  2843 E JobScheduler.Background: Couldn't determine stopped state for unknown package: com.google.android.apps.turbo
03-03 16:50:44.673  1859  1878 E IMiCharge: MiCharge method 9 val = 300
03-03 16:50:44.676  1859  1878 E IMiCharge: MiCharge method 10 val = 1
03-03 16:50:45.150  1859  2083 E BatteryStatsService: note final volume change AudioToPower BatteryStatsservices 10405 7530 201393 0.025119068
03-03 16:50:45.300  1859  3255 E DeviceGuardManagerService: bindLockRemoteService result = null
03-03 16:50:45.448  1859  2083 E BatteryStatsService: note final volume change AudioToPower BatteryStatsservices 10405 7530 201393 0.0141255045
03-03 16:50:50.304  1859  3255 E DeviceGuardManagerService: bindLockRemoteService result = null
03-03 16:50:54.674  1859  2843 E JobScheduler.Background: Couldn't determine stopped state for unknown package: com.google.android.apps.turbo
03-03 16:50:54.674  1859  2843 E JobScheduler.Background: Couldn't determine stopped state for unknown package: com.google.android.apps.turbo
03-03 16:50:54.674  1859  2843 E JobScheduler.Background: Couldn't determine stopped state for unknown package: com.google.android.apps.turbo
03-03 16:50:54.674  1859  2843 E JobScheduler.Background: Couldn't determine stopped state for unknown package: com.google.android.apps.turbo
03-03 16:50:54.674  1859  2843 E JobScheduler.Background: Couldn't determine stopped state for unknown package: com.google.android.apps.turbo
03-03 16:50:55.309  1859  3255 E DeviceGuardManagerService: bindLockRemoteService result = null
03-03 16:51:00.312  1859  3255 E DeviceGuardManagerService: bindLockRemoteService result = null
03-03 16:51:02.301  1859  2083 E BatteryStatsService: note final volume change AudioToPower BatteryStatsservices 10405 7530 201393 0.025119068
03-03 16:51:02.728  1859  2083 E BatteryStatsService: note final volume change AudioToPower BatteryStatsservices 10405 7530 201393 0.044668663
03-03 16:51:05.316  1859  3255 E DeviceGuardManagerService: bindLockRemoteService result = null
03-03 16:51:07.514  1859  2843 E JobScheduler.Background: Couldn't determine stopped state for unknown package: com.google.android.apps.turbo
03-03 16:51:07.515  1859  2843 E JobScheduler.Background: Couldn't determine stopped state for unknown package: com.google.android.apps.turbo
03-03 16:51:07.515  1859  2843 E JobScheduler.Background: Couldn't determine stopped state for unknown package: com.google.android.apps.turbo
03-03 16:51:07.515  1859  2843 E JobScheduler.Background: Couldn't determine stopped state for unknown package: com.google.android.apps.turbo
03-03 16:51:07.515  1859  2843 E JobScheduler.Background: Couldn't determine stopped state for unknown package: com.google.android.apps.turbo
03-03 16:51:10.320  1859  3255 E DeviceGuardManagerService: bindLockRemoteService result = null
03-03 16:51:14.687  1859  1878 E IMiCharge: MiCharge method 9 val = 300
03-03 16:51:14.689  1859  1878 E IMiCharge: MiCharge method 10 val = 1
03-03 16:51:15.324  1859  3255 E DeviceGuardManagerService: bindLockRemoteService result = null
03-03 16:51:20.330  1859  3255 E DeviceGuardManagerService: bindLockRemoteService result = null
03-03 16:51:24.680  1859  2843 E JobScheduler.Background: Couldn't determine stopped state for unknown package: com.google.android.apps.turbo
03-03 16:51:24.680  1859  2843 E JobScheduler.Background: Couldn't determine stopped state for unknown package: com.google.android.apps.turbo
03-03 16:51:24.680  1859  2843 E JobScheduler.Background: Couldn't determine stopped state for unknown package: com.google.android.apps.turbo
03-03 16:51:24.680  1859  2843 E JobScheduler.Background: Couldn't determine stopped state for unknown package: com.google.android.apps.turbo
03-03 16:51:24.680  1859  2843 E JobScheduler.Background: Couldn't determine stopped state for unknown package: com.google.android.apps.turbo
03-03 16:51:25.332  1859  3255 E DeviceGuardManagerService: bindLockRemoteService result = null
03-03 16:51:30.336  1859  3255 E DeviceGuardManagerService: bindLockRemoteService result = null
03-03 16:51:35.340  1859  3255 E DeviceGuardManagerService: bindLockRemoteService result = null
03-03 16:51:40.344  1859  3255 E DeviceGuardManagerService: bindLockRemoteService result = null
03-03 16:51:44.694  1859  2843 E JobScheduler.Background: Couldn't determine stopped state for unknown package: com.google.android.apps.turbo
03-03 16:51:44.694  1859  2843 E JobScheduler.Background: Couldn't determine stopped state for unknown package: com.google.android.apps.turbo
03-03 16:51:44.694  1859  2843 E JobScheduler.Background: Couldn't determine stopped state for unknown package: com.google.android.apps.turbo
03-03 16:51:44.694  1859  2843 E JobScheduler.Background: Couldn't determine stopped state for unknown package: com.google.android.apps.turbo
03-03 16:51:44.694  1859  2843 E JobScheduler.Background: Couldn't determine stopped state for unknown package: com.google.android.apps.turbo
03-03 16:51:44.700  1859  1878 E IMiCharge: MiCharge method 9 val = 300
03-03 16:51:44.703  1859  1878 E IMiCharge: MiCharge method 10 val = 1
03-03 16:51:45.347  1859  3255 E DeviceGuardManagerService: bindLockRemoteService result = null
03-03 16:51:50.352  1859  3255 E DeviceGuardManagerService: bindLockRemoteService result = null
03-03 16:51:54.696  1859  2843 E JobScheduler.Background: Couldn't determine stopped state for unknown package: com.google.android.apps.turbo
03-03 16:51:54.696  1859  2843 E JobScheduler.Background: Couldn't determine stopped state for unknown package: com.google.android.apps.turbo
03-03 16:51:54.696  1859  2843 E JobScheduler.Background: Couldn't determine stopped state for unknown package: com.google.android.apps.turbo
03-03 16:51:54.696  1859  2843 E JobScheduler.Background: Couldn't determine stopped state for unknown package: com.google.android.apps.turbo
03-03 16:51:54.696  1859  2843 E JobScheduler.Background: Couldn't determine stopped state for unknown package: com.google.android.apps.turbo
03-03 16:51:55.356  1859  3255 E DeviceGuardManagerService: bindLockRemoteService result = null
03-03 16:52:00.360  1859  3255 E DeviceGuardManagerService: bindLockRemoteService result = null
03-03 16:52:05.364  1859  3255 E DeviceGuardManagerService: bindLockRemoteService result = null
03-03 16:52:08.546  1859  2843 E JobScheduler.Background: Couldn't determine stopped state for unknown package: com.google.android.apps.turbo
03-03 16:52:08.546  1859  2843 E JobScheduler.Background: Couldn't determine stopped state for unknown package: com.google.android.apps.turbo
03-03 16:52:08.546  1859  2843 E JobScheduler.Background: Couldn't determine stopped state for unknown package: com.google.android.apps.turbo
03-03 16:52:08.546  1859  2843 E JobScheduler.Background: Couldn't determine stopped state for unknown package: com.google.android.apps.turbo
03-03 16:52:08.546  1859  2843 E JobScheduler.Background: Couldn't determine stopped state for unknown package: com.google.android.apps.turbo
03-03 16:52:10.368  1859  3255 E DeviceGuardManagerService: bindLockRemoteService result = null
03-03 16:52:13.254  1859  2843 E JobScheduler.SSRU: Job is being prepared but doesn't have a pre-existing accountToJobMap
03-03 16:52:13.466 19001 19001 E MiuiPreloadClassImpl: invoke error.
03-03 16:52:13.641  1859  3523 E JobScheduler.SSRU: Job is being prepared but doesn't have a pre-existing accountToJobMap
03-03 16:52:14.708  1859  2843 E JobScheduler.Background: Couldn't determine stopped state for unknown package: com.google.android.apps.turbo
03-03 16:52:14.708  1859  2843 E JobScheduler.Background: Couldn't determine stopped state for unknown package: com.google.android.apps.turbo
03-03 16:52:14.708  1859  2843 E JobScheduler.Background: Couldn't determine stopped state for unknown package: com.google.android.apps.turbo
03-03 16:52:14.708  1859  2843 E JobScheduler.Background: Couldn't determine stopped state for unknown package: com.google.android.apps.turbo
03-03 16:52:14.709  1859  2843 E JobScheduler.Background: Couldn't determine stopped state for unknown package: com.google.android.apps.turbo
03-03 16:52:14.709  1859  1878 E IMiCharge: MiCharge method 9 val = 300
03-03 16:52:14.714  1859  1878 E IMiCharge: MiCharge method 10 val = 1
03-03 16:52:15.372  1859  3255 E DeviceGuardManagerService: bindLockRemoteService result = null
03-03 16:52:16.328  1859  2083 E BatteryStatsService: note final volume change AudioToPower BatteryStatsservices 10405 7530 201393 0.025119068
03-03 16:52:17.267  1859  2083 E BatteryStatsService: note final volume change AudioToPower BatteryStatsservices 10405 7530 201393 0.0141255045
03-03 16:52:20.376  1859  3255 E DeviceGuardManagerService: bindLockRemoteService result = null
03-03 16:52:25.380  1859  3255 E DeviceGuardManagerService: bindLockRemoteService result = null
03-03 16:52:26.399  1859  2083 E BatteryStatsService: note final volume change AudioToPower BatteryStatsservices 10405 7530 201393 0.025119068
03-03 16:52:28.546  1859  2843 E JobScheduler.Background: Couldn't determine stopped state for unknown package: com.google.android.apps.turbo
03-03 16:52:28.547  1859  2843 E JobScheduler.Background: Couldn't determine stopped state for unknown package: com.google.android.apps.turbo
03-03 16:52:28.547  1859  2843 E JobScheduler.Background: Couldn't determine stopped state for unknown package: com.google.android.apps.turbo
03-03 16:52:28.547  1859  2843 E JobScheduler.Background: Couldn't determine stopped state for unknown package: com.google.android.apps.turbo
03-03 16:52:28.547  1859  2843 E JobScheduler.Background: Couldn't determine stopped state for unknown package: com.google.android.apps.turbo
03-03 16:52:30.384  1859  3255 E DeviceGuardManagerService: bindLockRemoteService result = null
03-03 16:52:32.245  1859  2843 E JobScheduler.Background: Couldn't determine stopped state for unknown package: com.google.android.apps.turbo
03-03 16:52:32.245  1859  2843 E JobScheduler.Background: Couldn't determine stopped state for unknown package: com.google.android.apps.turbo
03-03 16:52:32.246  1859  2843 E JobScheduler.Background: Couldn't determine stopped state for unknown package: com.google.android.apps.turbo
03-03 16:52:32.246  1859  2843 E JobScheduler.Background: Couldn't determine stopped state for unknown package: com.google.android.apps.turbo
03-03 16:52:32.246  1859  2843 E JobScheduler.Background: Couldn't determine stopped state for unknown package: com.google.android.apps.turbo
03-03 16:52:35.388  1859  3255 E DeviceGuardManagerService: bindLockRemoteService result = null
03-03 16:52:40.392  1859  3255 E DeviceGuardManagerService: bindLockRemoteService result = null
03-03 16:52:44.719  1859  1878 E IMiCharge: MiCharge method 9 val = 300
03-03 16:52:44.723  1859  1878 E IMiCharge: MiCharge method 10 val = 1
03-03 16:52:44.723  1859  2843 E JobScheduler.Background: Couldn't determine stopped state for unknown package: com.google.android.apps.turbo
03-03 16:52:44.723  1859  2843 E JobScheduler.Background: Couldn't determine stopped state for unknown package: com.google.android.apps.turbo
03-03 16:52:44.723  1859  2843 E JobScheduler.Background: Couldn't determine stopped state for unknown package: com.google.android.apps.turbo
03-03 16:52:44.723  1859  2843 E JobScheduler.Background: Couldn't determine stopped state for unknown package: com.google.android.apps.turbo
03-03 16:52:44.724  1859  2843 E JobScheduler.Background: Couldn't determine stopped state for unknown package: com.google.android.apps.turbo
03-03 16:52:45.396  1859  3255 E DeviceGuardManagerService: bindLockRemoteService result = null
03-03 16:52:50.400  1859  3255 E DeviceGuardManagerService: bindLockRemoteService result = null
03-03 16:52:54.724  1859  2843 E JobScheduler.Background: Couldn't determine stopped state for unknown package: com.google.android.apps.turbo
03-03 16:52:54.724  1859  2843 E JobScheduler.Background: Couldn't determine stopped state for unknown package: com.google.android.apps.turbo
03-03 16:52:54.724  1859  2843 E JobScheduler.Background: Couldn't determine stopped state for unknown package: com.google.android.apps.turbo
03-03 16:52:54.724  1859  2843 E JobScheduler.Background: Couldn't determine stopped state for unknown package: com.google.android.apps.turbo
03-03 16:52:54.724  1859  2843 E JobScheduler.Background: Couldn't determine stopped state for unknown package: com.google.android.apps.turbo
03-03 16:52:55.404  1859  3255 E DeviceGuardManagerService: bindLockRemoteService result = null
03-03 16:53:00.411  1859  3255 E DeviceGuardManagerService: bindLockRemoteService result = null
03-03 16:53:05.416  1859  3255 E DeviceGuardManagerService: bindLockRemoteService result = null
03-03 16:53:10.420  1859  3255 E DeviceGuardManagerService: bindLockRemoteService result = null
03-03 16:53:14.725  1859  1878 E IMiCharge: MiCharge method 9 val = 300
03-03 16:53:14.726  1859  2843 E JobScheduler.Background: Couldn't determine stopped state for unknown package: com.google.android.apps.turbo
03-03 16:53:14.726  1859  2843 E JobScheduler.Background: Couldn't determine stopped state for unknown package: com.google.android.apps.turbo
03-03 16:53:14.726  1859  2843 E JobScheduler.Background: Couldn't determine stopped state for unknown package: com.google.android.apps.turbo
03-03 16:53:14.726  1859  2843 E JobScheduler.Background: Couldn't determine stopped state for unknown package: com.google.android.apps.turbo
03-03 16:53:14.726  1859  2843 E JobScheduler.Background: Couldn't determine stopped state for unknown package: com.google.android.apps.turbo
03-03 16:53:14.728  1859  1878 E IMiCharge: MiCharge method 10 val = 1
03-03 16:53:15.422  1859  3255 E DeviceGuardManagerService: bindLockRemoteService result = null
03-03 16:53:20.424  1859  3255 E DeviceGuardManagerService: bindLockRemoteService result = null
03-03 16:53:24.736  1859  2843 E JobScheduler.Background: Couldn't determine stopped state for unknown package: com.google.android.apps.turbo
03-03 16:53:24.736  1859  2843 E JobScheduler.Background: Couldn't determine stopped state for unknown package: com.google.android.apps.turbo
03-03 16:53:24.736  1859  2843 E JobScheduler.Background: Couldn't determine stopped state for unknown package: com.google.android.apps.turbo
03-03 16:53:24.736  1859  2843 E JobScheduler.Background: Couldn't determine stopped state for unknown package: com.google.android.apps.turbo
03-03 16:53:24.736  1859  2843 E JobScheduler.Background: Couldn't determine stopped state for unknown package: com.google.android.apps.turbo
03-03 16:53:25.428  1859  3255 E DeviceGuardManagerService: bindLockRemoteService result = null
03-03 16:53:30.432  1859  3255 E DeviceGuardManagerService: bindLockRemoteService result = null
03-03 16:53:35.436  1859  3255 E DeviceGuardManagerService: bindLockRemoteService result = null
03-03 16:53:40.440  1859  3255 E DeviceGuardManagerService: bindLockRemoteService result = null
03-03 16:53:44.733  1859  2843 E JobScheduler.Background: Couldn't determine stopped state for unknown package: com.google.android.apps.turbo
03-03 16:53:44.733  1859  2843 E JobScheduler.Background: Couldn't determine stopped state for unknown package: com.google.android.apps.turbo
03-03 16:53:44.733  1859  2843 E JobScheduler.Background: Couldn't determine stopped state for unknown package: com.google.android.apps.turbo
03-03 16:53:44.733  1859  2843 E JobScheduler.Background: Couldn't determine stopped state for unknown package: com.google.android.apps.turbo
03-03 16:53:44.733  1859  2843 E JobScheduler.Background: Couldn't determine stopped state for unknown package: com.google.android.apps.turbo
03-03 16:53:44.741  1859  1878 E IMiCharge: MiCharge method 9 val = 300
03-03 16:53:44.744  1859  1878 E IMiCharge: MiCharge method 10 val = 1
03-03 16:53:45.446  1859  3255 E DeviceGuardManagerService: bindLockRemoteService result = null
03-03 16:53:50.453  1859  3255 E DeviceGuardManagerService: bindLockRemoteService result = null
03-03 16:53:54.733  1859  2843 E JobScheduler.Background: Couldn't determine stopped state for unknown package: com.google.android.apps.turbo
03-03 16:53:54.734  1859  2843 E JobScheduler.Background: Couldn't determine stopped state for unknown package: com.google.android.apps.turbo
03-03 16:53:54.734  1859  2843 E JobScheduler.Background: Couldn't determine stopped state for unknown package: com.google.android.apps.turbo
03-03 16:53:54.734  1859  2843 E JobScheduler.Background: Couldn't determine stopped state for unknown package: com.google.android.apps.turbo
03-03 16:53:54.734  1859  2843 E JobScheduler.Background: Couldn't determine stopped state for unknown package: com.google.android.apps.turbo
03-03 16:53:55.460  1859  3255 E DeviceGuardManagerService: bindLockRemoteService result = null
03-03 16:54:00.464  1859  3255 E DeviceGuardManagerService: bindLockRemoteService result = null
03-03 16:54:05.471  1859  3255 E DeviceGuardManagerService: bindLockRemoteService result = null
03-03 16:54:10.477  1859  3255 E DeviceGuardManagerService: bindLockRemoteService result = null
03-03 16:54:14.094  1859  6793 E AppOps  : attributionTag  not declared in manifest of com.instagram.android
03-03 16:54:14.096  1859  3652 E AppOps  : attributionTag  not declared in manifest of com.instagram.android
03-03 16:54:14.518  1859  2083 E BatteryStatsService: note StopAudioToPower BatteryStatsservices10405 7530 201393 24733 2
03-03 16:54:14.738  1859  2843 E JobScheduler.Background: Couldn't determine stopped state for unknown package: com.google.android.apps.turbo
03-03 16:54:14.739  1859  2843 E JobScheduler.Background: Couldn't determine stopped state for unknown package: com.google.android.apps.turbo
03-03 16:54:14.739  1859  2843 E JobScheduler.Background: Couldn't determine stopped state for unknown package: com.google.android.apps.turbo
03-03 16:54:14.739  1859  2843 E JobScheduler.Background: Couldn't determine stopped state for unknown package: com.google.android.apps.turbo
03-03 16:54:14.739  1859  2843 E JobScheduler.Background: Couldn't determine stopped state for unknown package: com.google.android.apps.turbo
03-03 16:54:14.741  1859  1878 E IMiCharge: MiCharge method 9 val = 299
03-03 16:54:14.744  1859  1878 E IMiCharge: MiCharge method 10 val = 1
03-03 16:54:15.480  1859  3255 E DeviceGuardManagerService: bindLockRemoteService result = null
03-03 16:54:20.484  1859  3255 E DeviceGuardManagerService: bindLockRemoteService result = null
03-03 16:54:25.490  1859  3255 E DeviceGuardManagerService: bindLockRemoteService result = null
03-03 16:54:30.496  1859  3255 E DeviceGuardManagerService: bindLockRemoteService result = null
03-03 16:54:32.341  1859  2843 E JobScheduler.Background: Couldn't determine stopped state for unknown package: com.google.android.apps.turbo
03-03 16:54:32.341  1859  2843 E JobScheduler.Background: Couldn't determine stopped state for unknown package: com.google.android.apps.turbo
03-03 16:54:32.341  1859  2843 E JobScheduler.Background: Couldn't determine stopped state for unknown package: com.google.android.apps.turbo
03-03 16:54:32.341  1859  2843 E JobScheduler.Background: Couldn't determine stopped state for unknown package: com.google.android.apps.turbo
03-03 16:54:32.341  1859  2843 E JobScheduler.Background: Couldn't determine stopped state for unknown package: com.google.android.apps.turbo
03-03 16:54:35.499  1859  3255 E DeviceGuardManagerService: bindLockRemoteService result = null
03-03 16:54:40.504  1859  3255 E DeviceGuardManagerService: bindLockRemoteService result = null
03-03 16:54:44.750  1859  2843 E JobScheduler.Background: Couldn't determine stopped state for unknown package: com.google.android.apps.turbo
03-03 16:54:44.751  1859  2843 E JobScheduler.Background: Couldn't determine stopped state for unknown package: com.google.android.apps.turbo
03-03 16:54:44.752  1859  2843 E JobScheduler.Background: Couldn't determine stopped state for unknown package: com.google.android.apps.turbo
03-03 16:54:44.752  1859  2843 E JobScheduler.Background: Couldn't determine stopped state for unknown package: com.google.android.apps.turbo
03-03 16:54:44.752  1859  2843 E JobScheduler.Background: Couldn't determine stopped state for unknown package: com.google.android.apps.turbo
03-03 16:54:44.757  1859  1878 E IMiCharge: MiCharge method 9 val = 299
03-03 16:54:44.758  1859  1878 E IMiCharge: MiCharge method 10 val = 1
03-03 16:54:45.322  1859  1878 E IMiCharge: MiCharge method 32 val = 
03-03 16:54:45.327 10445 11775 E IMiCharge: MiCharge method 19 val = 0
03-03 16:54:45.327  1859  1878 E IMiCharge: MiCharge method 16 val = 0
03-03 16:54:45.327 10445 10642 E IMiCharge: MiCharge method 19 val = 0
03-03 16:54:45.332 10445 10445 E IMiCharge: MiCharge method 4 val = SDP
03-03 16:54:45.508  1859  3255 E DeviceGuardManagerService: bindLockRemoteService result = null
03-03 16:54:45.533 10445 10621 E IMiCharge: MiCharge method 4 val = SDP
03-03 16:54:50.513  1859  3255 E DeviceGuardManagerService: bindLockRemoteService result = null
03-03 16:54:54.751  1859  2843 E JobScheduler.Background: Couldn't determine stopped state for unknown package: com.google.android.apps.turbo
03-03 16:54:54.751  1859  2843 E JobScheduler.Background: Couldn't determine stopped state for unknown package: com.google.android.apps.turbo
03-03 16:54:54.751  1859  2843 E JobScheduler.Background: Couldn't determine stopped state for unknown package: com.google.android.apps.turbo
03-03 16:54:54.751  1859  2843 E JobScheduler.Background: Couldn't determine stopped state for unknown package: com.google.android.apps.turbo
03-03 16:54:54.751  1859  2843 E JobScheduler.Background: Couldn't determine stopped state for unknown package: com.google.android.apps.turbo
03-03 16:54:55.516  1859  3255 E DeviceGuardManagerService: bindLockRemoteService result = null
03-03 16:55:00.522  1859  3255 E DeviceGuardManagerService: bindLockRemoteService result = null
03-03 16:55:04.145  1859  3271 E FingerprintProvider/default: initAuthStatistics
03-03 16:55:04.545  1859  1936 E WindowManager:  source = Task{739377 #7836 type=standard A=10405:com.instagram.android} excludeMiuiNavBar = true excludeMiuiStatusBar = true excludeIme = false excludeNavBar = true miuiNavSurfaceControl = Surface(name=NavigationBar Container of Task = 7836#426143)/@0x4274e8b miuiStatusSurfaceControl = Surface(name=StatusBar Container of Task = 7836#426144)/@0x92cfb68
03-03 16:55:04.907  1859  1859 E FaceUnlockTrack: build sharedPreferences fail 
03-03 16:55:04.907  1859  1859 E FaceUnlockTrack: org.json.JSONException: End of input at character 0 of 
03-03 16:55:04.907  1859  1859 E FaceUnlockTrack: 	at org.json.JSONTokener.syntaxError(JSONTokener.java:469)
03-03 16:55:04.907  1859  1859 E FaceUnlockTrack: 	at org.json.JSONTokener.nextValue(JSONTokener.java:101)
03-03 16:55:04.907  1859  1859 E FaceUnlockTrack: 	at org.json.JSONArray.<init>(JSONArray.java:94)
03-03 16:55:04.907  1859  1859 E FaceUnlockTrack: 	at org.json.JSONArray.<init>(JSONArray.java:110)
03-03 16:55:04.907  1859  1859 E FaceUnlockTrack: 	at com.android.server.biometrics.sensors.face.aidl.MiSecurityAuthTrackManager.DailyTrack(MiSecurityAuthTrackManager.java:101)
03-03 16:55:04.907  1859  1859 E FaceUnlockTrack: 	at com.android.server.biometrics.sensors.face.aidl.MiSecurityAuthTrackManager$ScreenStatusRecevier.onReceive(MiSecurityAuthTrackManager.java:281)
03-03 16:55:04.907  1859  1859 E FaceUnlockTrack: 	at android.app.LoadedApk$ReceiverDispatcher$Args.lambda$getRunnable$0(LoadedApk.java:1954)
03-03 16:55:04.907  1859  1859 E FaceUnlockTrack: 	at android.app.LoadedApk$ReceiverDispatcher$Args.$r8$lambda$mcNAAl1SQ4MyJPyDg8TJ2x2h0Rk(Unknown Source:0)
03-03 16:55:04.907  1859  1859 E FaceUnlockTrack: 	at android.app.LoadedApk$ReceiverDispatcher$Args$$ExternalSyntheticLambda0.run(D8$$SyntheticClass:0)
03-03 16:55:04.907  1859  1859 E FaceUnlockTrack: 	at android.os.Handler.handleCallback(Handler.java:995)
03-03 16:55:04.907  1859  1859 E FaceUnlockTrack: 	at android.os.Handler.dispatchMessage(Handler.java:103)
03-03 16:55:04.907  1859  1859 E FaceUnlockTrack: 	at android.os.Looper.loopOnce(Looper.java:267)
03-03 16:55:04.907  1859  1859 E FaceUnlockTrack: 	at android.os.Looper.loop(Looper.java:360)
03-03 16:55:04.907  1859  1859 E FaceUnlockTrack: 	at com.android.server.SystemServer.run(SystemServer.java:1188)
03-03 16:55:04.907  1859  1859 E FaceUnlockTrack: 	at com.android.server.SystemServer.main(SystemServer.java:780)
03-03 16:55:04.907  1859  1859 E FaceUnlockTrack: 	at java.lang.reflect.Method.invoke(Native Method)
03-03 16:55:04.907  1859  1859 E FaceUnlockTrack: 	at com.android.internal.os.RuntimeInit$MethodAndArgsCaller.run(RuntimeInit.java:616)
03-03 16:55:04.907  1859  1859 E FaceUnlockTrack: 	at com.android.internal.os.ZygoteInit.main(ZygoteInit.java:1093)
03-03 16:55:04.910 10445 10642 E IMiCharge: MiCharge method 19 val = 0
03-03 16:55:05.064  1859  1859 E ExtM    : can_flush_idle_pages:0 flush_number_adjust: 0
03-03 16:55:05.528  1859  3255 E DeviceGuardManagerService: bindLockRemoteService result = null
03-03 16:55:05.610 19480 19480 E MiuiPreloadClassImpl: invoke error.
03-03 16:55:05.766 19524 19524 E MiuiPreloadClassImpl: invoke error.
03-03 16:55:05.859  1859  4409 E JobScheduler.SSRU: Job is being prepared but doesn't have a pre-existing accountToJobMap
03-03 16:55:06.007  1859  2843 E JobScheduler.Background: Couldn't determine stopped state for unknown package: com.google.android.apps.turbo
03-03 16:55:06.007  1859  2843 E JobScheduler.Background: Couldn't determine stopped state for unknown package: com.google.android.apps.turbo
03-03 16:55:06.007  1859  2843 E JobScheduler.Background: Couldn't determine stopped state for unknown package: com.google.android.apps.turbo
03-03 16:55:06.007  1859  2843 E JobScheduler.Background: Couldn't determine stopped state for unknown package: com.google.android.apps.turbo
03-03 16:55:06.007  1859  2843 E JobScheduler.Background: Couldn't determine stopped state for unknown package: com.google.android.apps.turbo
03-03 16:55:06.680 19592 19592 E MiuiPreloadClassImpl: invoke error.
03-03 16:55:06.881 19650 19650 E MiuiPreloadClassImpl: invoke error.
03-03 16:55:06.899 19650 19650 E TurboSchedMonitor: failed to find setSchedAffinity method com.android.soundrecorder
03-03 16:55:06.900 19650 19650 E TurboSchedMonitor: failed to find setSchedAffinity method com.android.soundrecorder
03-03 16:55:06.901 19592 19639 E ActivityThread: Failed to find provider info for com.miui.personalassistant.widget.external
03-03 16:55:06.926 19650 19650 E TurboSchedMonitor: failed to find setSchedAffinity method com.android.soundrecorder
03-03 16:55:06.928 19650 19650 E TurboSchedMonitor: failed to find setSchedAffinity method com.android.soundrecorder
03-03 16:55:06.929 19650 19650 E TurboSchedMonitor: failed to find setSchedAffinity method com.android.soundrecorder
03-03 16:55:06.932 19650 19650 E TurboSchedMonitor: failed to find setSchedAffinity method com.android.soundrecorder
03-03 16:55:07.726 19746 19746 E MiuiPreloadClassImpl: invoke error.
03-03 16:55:07.793 19746 19746 E TurboSchedMonitor: failed to find setSchedAffinity method com.miui.gallery
03-03 16:55:07.794 19746 19746 E TurboSchedMonitor: failed to find setSchedAffinity method com.miui.gallery
03-03 16:55:07.944 19805 19805 E MiuiPreloadClassImpl: invoke error.
03-03 16:55:08.050 19877 19877 E MiuiPreloadClassImpl: invoke error.
03-03 16:55:08.218 19908 19908 E MiuiPreloadClassImpl: invoke error.
03-03 16:55:08.260 19908 19908 E TurboSchedMonitor: failed to find setSchedAffinity method com.miui.mediaeditor
03-03 16:55:08.261 19908 19908 E TurboSchedMonitor: failed to find setSchedAffinity method com.miui.mediaeditor
03-03 16:55:08.263 19908 19908 E TurboSchedMonitor: failed to find setSchedAffinity method com.miui.mediaeditor
03-03 16:55:08.263 19908 19908 E TurboSchedMonitor: failed to find setSchedAffinity method com.miui.mediaeditor
03-03 16:55:08.281 19922 19922 E MiuiPreloadClassImpl: invoke error.
03-03 16:55:08.294 19908 19908 E TurboSchedMonitor: failed to find setSchedAffinity method com.miui.mediaeditor
03-03 16:55:08.294 19908 19908 E TurboSchedMonitor: failed to find setSchedAffinity method com.miui.mediaeditor
03-03 16:55:08.294 19908 19908 E TurboSchedMonitor: failed to find setSchedAffinity method com.miui.mediaeditor
03-03 16:55:08.295 19908 19908 E TurboSchedMonitor: failed to find setSchedAffinity method com.miui.mediaeditor
03-03 16:55:10.532  1859  3255 E DeviceGuardManagerService: bindLockRemoteService result = null
03-03 16:55:14.028 19746 19787 E ActivityThread: Failed to find provider info for 
03-03 16:55:14.162 20155 20155 E MiuiPreloadClassImpl: invoke error.
03-03 16:55:14.202 20155 20155 E TurboSchedMonitor: failed to find setSchedAffinity method com.miui.cloudservice:galleryproxy
03-03 16:55:14.203 20164 20164 E MiuiPreloadClassImpl: invoke error.
03-03 16:55:14.203 20155 20155 E TurboSchedMonitor: failed to find setSchedAffinity method com.miui.cloudservice:galleryproxy
03-03 16:55:14.210 20155 20155 E TurboSchedMonitor: failed to find setSchedAffinity method com.miui.cloudservice:galleryproxy
03-03 16:55:14.211 20155 20155 E TurboSchedMonitor: failed to find setSchedAffinity method com.miui.cloudservice:galleryproxy
03-03 16:55:14.277 20164 20164 E TurboSchedMonitor: failed to find setSchedAffinity method com.android.thememanager
03-03 16:55:14.279 20164 20164 E TurboSchedMonitor: failed to find setSchedAffinity method com.android.thememanager
03-03 16:55:14.292 20164 20164 E TurboSchedMonitor: failed to find setSchedAffinity method com.android.thememanager
03-03 16:55:14.293 20164 20164 E TurboSchedMonitor: failed to find setSchedAffinity method com.android.thememanager
03-03 16:55:14.295 20164 20164 E TurboSchedMonitor: failed to find setSchedAffinity method com.android.thememanager
03-03 16:55:14.296 20164 20164 E TurboSchedMonitor: failed to find setSchedAffinity method com.android.thememanager
03-03 16:55:14.302 20164 20164 E TurboSchedMonitor: failed to find setSchedAffinity method com.android.thememanager
03-03 16:55:14.303 20164 20164 E TurboSchedMonitor: failed to find setSchedAffinity method com.android.thememanager
03-03 16:55:14.315 20164 20164 E TurboSchedMonitor: failed to find setSchedAffinity method com.android.thememanager
03-03 16:55:14.316 20164 20164 E TurboSchedMonitor: failed to find setSchedAffinity method com.android.thememanager
03-03 16:55:14.316 20164 20164 E TurboSchedMonitor: failed to find setSchedAffinity method com.android.thememanager
03-03 16:55:14.317 20164 20164 E TurboSchedMonitor: failed to find setSchedAffinity method com.android.thememanager
03-03 16:55:14.486 20164 20164 E TurboSchedMonitor: failed to find setSchedAffinity method com.android.thememanager
03-03 16:55:14.489 20164 20164 E TurboSchedMonitor: failed to find setSchedAffinity method com.android.thememanager
03-03 16:55:14.758  1859  1878 E IMiCharge: MiCharge method 9 val = 298
03-03 16:55:14.758  1859  2843 E JobScheduler.Background: Couldn't determine stopped state for unknown package: com.google.android.apps.turbo
03-03 16:55:14.758  1859  2843 E JobScheduler.Background: Couldn't determine stopped state for unknown package: com.google.android.apps.turbo
03-03 16:55:14.758  1859  2843 E JobScheduler.Background: Couldn't determine stopped state for unknown package: com.google.android.apps.turbo
03-03 16:55:14.758  1859  2843 E JobScheduler.Background: Couldn't determine stopped state for unknown package: com.google.android.apps.turbo
03-03 16:55:14.758  1859  2843 E JobScheduler.Background: Couldn't determine stopped state for unknown package: com.google.android.apps.turbo
03-03 16:55:14.758  1859  1878 E IMiCharge: MiCharge method 10 val = 0
03-03 16:55:15.537  1859  3255 E DeviceGuardManagerService: bindLockRemoteService result = null
03-03 16:55:20.540  1859  3255 E DeviceGuardManagerService: bindLockRemoteService result = null
03-03 16:55:24.762  1859  2843 E JobScheduler.Background: Couldn't determine stopped state for unknown package: com.google.android.apps.turbo
03-03 16:55:24.762  1859  2843 E JobScheduler.Background: Couldn't determine stopped state for unknown package: com.google.android.apps.turbo
03-03 16:55:24.762  1859  2843 E JobScheduler.Background: Couldn't determine stopped state for unknown package: com.google.android.apps.turbo
03-03 16:55:24.762  1859  2843 E JobScheduler.Background: Couldn't determine stopped state for unknown package: com.google.android.apps.turbo
03-03 16:55:24.762  1859  2843 E JobScheduler.Background: Couldn't determine stopped state for unknown package: com.google.android.apps.turbo
03-03 16:55:25.544  1859  3255 E DeviceGuardManagerService: bindLockRemoteService result = null
03-03 16:55:26.010  1859  2843 E JobScheduler.Background: Couldn't determine stopped state for unknown package: com.google.android.apps.turbo
03-03 16:55:26.010  1859  2843 E JobScheduler.Background: Couldn't determine stopped state for unknown package: com.google.android.apps.turbo
03-03 16:55:26.010  1859  2843 E JobScheduler.Background: Couldn't determine stopped state for unknown package: com.google.android.apps.turbo
03-03 16:55:26.010  1859  2843 E JobScheduler.Background: Couldn't determine stopped state for unknown package: com.google.android.apps.turbo
03-03 16:55:26.010  1859  2843 E JobScheduler.Background: Couldn't determine stopped state for unknown package: com.google.android.apps.turbo
03-03 16:55:30.548  1859  3255 E DeviceGuardManagerService: bindLockRemoteService result = null
03-03 16:55:35.552  1859  3255 E DeviceGuardManagerService: bindLockRemoteService result = null
03-03 16:55:40.556  1859  3255 E DeviceGuardManagerService: bindLockRemoteService result = null
03-03 16:55:44.764  1859  2843 E JobScheduler.Background: Couldn't determine stopped state for unknown package: com.google.android.apps.turbo
03-03 16:55:44.765  1859  2843 E JobScheduler.Background: Couldn't determine stopped state for unknown package: com.google.android.apps.turbo
03-03 16:55:44.765  1859  2843 E JobScheduler.Background: Couldn't determine stopped state for unknown package: com.google.android.apps.turbo
03-03 16:55:44.765  1859  2843 E JobScheduler.Background: Couldn't determine stopped state for unknown package: com.google.android.apps.turbo
03-03 16:55:44.766  1859  2843 E JobScheduler.Background: Couldn't determine stopped state for unknown package: com.google.android.apps.turbo
03-03 16:55:44.789  1859  1878 E IMiCharge: MiCharge method 9 val = 297
03-03 16:55:44.789  1859  1878 E IMiCharge: MiCharge method 10 val = 0
03-03 16:55:45.560  1859  3255 E DeviceGuardManagerService: bindLockRemoteService result = null
03-03 16:55:50.564  1859  3255 E DeviceGuardManagerService: bindLockRemoteService result = null
03-03 16:55:54.767  1859  2843 E JobScheduler.Background: Couldn't determine stopped state for unknown package: com.google.android.apps.turbo
03-03 16:55:54.767  1859  2843 E JobScheduler.Background: Couldn't determine stopped state for unknown package: com.google.android.apps.turbo
03-03 16:55:54.767  1859  2843 E JobScheduler.Background: Couldn't determine stopped state for unknown package: com.google.android.apps.turbo
03-03 16:55:54.767  1859  2843 E JobScheduler.Background: Couldn't determine stopped state for unknown package: com.google.android.apps.turbo
03-03 16:55:54.767  1859  2843 E JobScheduler.Background: Couldn't determine stopped state for unknown package: com.google.android.apps.turbo
03-03 16:55:55.568  1859  3255 E DeviceGuardManagerService: bindLockRemoteService result = null
03-03 16:56:00.569  1859  3255 E DeviceGuardManagerService: bindLockRemoteService result = null
03-03 16:56:05.574  1859  3255 E DeviceGuardManagerService: bindLockRemoteService result = null
03-03 16:56:08.131 19805 19805 E TurboSchedMonitor: failed to find setSchedAffinity method com.xiaomi.aicr:searchService
03-03 16:56:08.132 19805 19805 E TurboSchedMonitor: failed to find setSchedAffinity method com.xiaomi.aicr:searchService
03-03 16:56:10.532  1859  2843 E JobScheduler.Background: Couldn't determine stopped state for unknown package: com.google.android.apps.turbo
03-03 16:56:10.532  1859  2843 E JobScheduler.Background: Couldn't determine stopped state for unknown package: com.google.android.apps.turbo
03-03 16:56:10.532  1859  2843 E JobScheduler.Background: Couldn't determine stopped state for unknown package: com.google.android.apps.turbo
03-03 16:56:10.532  1859  2843 E JobScheduler.Background: Couldn't determine stopped state for unknown package: com.google.android.apps.turbo
03-03 16:56:10.533  1859  2843 E JobScheduler.Background: Couldn't determine stopped state for unknown package: com.google.android.apps.turbo
03-03 16:56:10.576  1859  3255 E DeviceGuardManagerService: bindLockRemoteService result = null
03-03 16:56:13.352  1859  6894 E VibratorManagerServiceImpl: vibrationThreadSetParameters
03-03 16:56:13.368  1859  1874 E TransitionChain: Can't collect into a chain with no transition
03-03 16:56:13.382  1859  1874 E TransitionChain: Can't collect into a chain with no transition
03-03 16:56:13.399  1859  3876 E TransitionController: Set visible without transition WallpaperWindowToken{1960830 showWhenLocked=true} playing=true caller=com.android.server.wm.WallpaperControllerImpl.updateWallpaperTokens:181 
03-03 16:56:13.457  1859  4408 E TransitionChain: Can't collect into a chain with no transition
03-03 16:56:13.465  1859  3271 E AidlResponseHandler: Client monitor is not an instance of com.android.server.biometrics.sensors.AcquisitionClient
03-03 16:56:13.544  1859  2083 E BatteryStatsService: note track volume change AudioToPower BatteryStatsservices 1000 3609 200465 0.5011872 0.5011872
03-03 16:56:13.591  1859  2083 E BatteryStatsService: note StartAudioToPower BatteryStatsservices1000 3609 200465 24621 2
03-03 16:56:13.703 10445 10642 E IMiCharge: MiCharge method 19 val = 0
03-03 16:56:13.972   710  8624 E keystore2: system/security/keystore2/src/error.rs:183 - system/security/keystore2/src/security_level.rs:328
03-03 16:56:13.972   710  8624 E keystore2: 
03-03 16:56:13.972   710  8624 E keystore2: Caused by:
03-03 16:56:13.972   710  8624 E keystore2:     0: system/security/keystore2/src/enforcements.rs:599: matching auth token (challenge=0, userId=5744578187972401045, authId=-967065391584808903, authType=0x1, timestamp=3037151446ms) rcved=BootTime(3037141464) for sids [5744578187972401045] type Some(r#PASSWORD) is expired (62400s old > timeout=5s)
03-03 16:56:13.972   710  8624 E keystore2:     1: Error::Km(r#KEY_USER_NOT_AUTHENTICATED)
03-03 16:56:14.015  1859  3876 E BiometricScheduler: Current operation is null,no need to start watchdog
03-03 16:56:14.094  1859  4409 E AppOps  : Bad call made by uid 1000. Package "com.linkedin.android" does not belong to uid 1000.
