03-03 16:41:05.933  1859  3799 W ContextImpl: Calling a method in the system process without a qualified user: android.app.ContextImpl.sendBroadcastMultiplePermissions:1363 com.android.server.TelephonyRegistry.broadcastServiceStateChanged:4273 com.android.server.TelephonyRegistry.notifyServiceStateForPhoneId:1928 com.android.internal.telephony.ITelephonyRegistry$Stub.onTransact:613 android.os.Binder.execTransactInternal:1433 
03-03 16:41:05.935  1859  3799 W ContextImpl: Calling a method in the system process without a qualified user: android.app.ContextImpl.sendBroadcastMultiplePermissions:1363 com.android.server.TelephonyRegistry.broadcastServiceStateChanged:4282 com.android.server.TelephonyRegistry.notifyServiceStateForPhoneId:1928 com.android.internal.telephony.ITelephonyRegistry$Stub.onTransact:613 android.os.Binder.execTransactInternal:1433 
03-03 16:41:05.935  1859  3799 W ContextImpl: Calling a method in the system process without a qualified user: android.app.ContextImpl.sendBroadcastMultiplePermissions:1363 com.android.server.TelephonyRegistry.broadcastServiceStateChanged:4288 com.android.server.TelephonyRegistry.notifyServiceStateForPhoneId:1928 com.android.internal.telephony.ITelephonyRegistry$Stub.onTransact:613 android.os.Binder.execTransactInternal:1433 
03-03 16:41:05.955  1859  2821 W ContextImpl: Calling a method in the system process without a qualified user: android.app.ContextImpl.sendBroadcastMultiplePermissions:1330 android.content.Context.sendBroadcastMultiplePermissions:2597 com.android.server.TelephonyRegistry.broadcastServiceStateChanged:4268 com.android.server.TelephonyRegistry.notifyServiceStateForPhoneId:1928 com.android.internal.telephony.ITelephonyRegistry$Stub.onTransact:613 
03-03 16:41:05.955  1859  2821 W ContextImpl: Calling a method in the system process without a qualified user: android.app.ContextImpl.sendBroadcastMultiplePermissions:1363 com.android.server.TelephonyRegistry.broadcastServiceStateChanged:4273 com.android.server.TelephonyRegistry.notifyServiceStateForPhoneId:1928 com.android.internal.telephony.ITelephonyRegistry$Stub.onTransact:613 android.os.Binder.execTransactInternal:1433 
03-03 16:41:05.956  1859  2821 W ContextImpl: Calling a method in the system process without a qualified user: android.app.ContextImpl.sendBroadcastMultiplePermissions:1363 com.android.server.TelephonyRegistry.broadcastServiceStateChanged:4282 com.android.server.TelephonyRegistry.notifyServiceStateForPhoneId:1928 com.android.internal.telephony.ITelephonyRegistry$Stub.onTransact:613 android.os.Binder.execTransactInternal:1433 
03-03 16:41:05.960  1859  2821 W ContextImpl: Calling a method in the system process without a qualified user: android.app.ContextImpl.sendBroadcastMultiplePermissions:1363 com.android.server.TelephonyRegistry.broadcastServiceStateChanged:4288 com.android.server.TelephonyRegistry.notifyServiceStateForPhoneId:1928 com.android.internal.telephony.ITelephonyRegistry$Stub.onTransact:613 android.os.Binder.execTransactInternal:1433 
03-03 16:41:06.309  1859  2821 W ActivityTaskManager: MANAGE_ACTIVITY_STACKS is deprecated, please use alternative permission: MANAGE_ACTIVITY_TASKS
03-03 16:41:07.172  1859  5972 W ContextImpl: Calling a method in the system process without a qualified user: android.app.ContextImpl.sendBroadcastMultiplePermissions:1330 android.content.Context.sendBroadcastMultiplePermissions:2597 com.android.server.TelephonyRegistry.broadcastServiceStateChanged:4268 com.android.server.TelephonyRegistry.notifyServiceStateForPhoneId:1928 com.android.internal.telephony.ITelephonyRegistry$Stub.onTransact:613 
03-03 16:41:07.173  1859  5972 W ContextImpl: Calling a method in the system process without a qualified user: android.app.ContextImpl.sendBroadcastMultiplePermissions:1363 com.android.server.TelephonyRegistry.broadcastServiceStateChanged:4273 com.android.server.TelephonyRegistry.notifyServiceStateForPhoneId:1928 com.android.internal.telephony.ITelephonyRegistry$Stub.onTransact:613 android.os.Binder.execTransactInternal:1433 
03-03 16:41:07.173  1859  5972 W ContextImpl: Calling a method in the system process without a qualified user: android.app.ContextImpl.sendBroadcastMultiplePermissions:1363 com.android.server.TelephonyRegistry.broadcastServiceStateChanged:4282 com.android.server.TelephonyRegistry.notifyServiceStateForPhoneId:1928 com.android.internal.telephony.ITelephonyRegistry$Stub.onTransact:613 android.os.Binder.execTransactInternal:1433 
03-03 16:41:07.174  1859  5972 W ContextImpl: Calling a method in the system process without a qualified user: android.app.ContextImpl.sendBroadcastMultiplePermissions:1363 com.android.server.TelephonyRegistry.broadcastServiceStateChanged:4288 com.android.server.TelephonyRegistry.notifyServiceStateForPhoneId:1928 com.android.internal.telephony.ITelephonyRegistry$Stub.onTransact:613 android.os.Binder.execTransactInternal:1433 
03-03 16:41:07.209  1859  2821 W ContextImpl: Calling a method in the system process without a qualified user: android.app.ContextImpl.sendBroadcastMultiplePermissions:1330 android.content.Context.sendBroadcastMultiplePermissions:2597 com.android.server.TelephonyRegistry.broadcastServiceStateChanged:4268 com.android.server.TelephonyRegistry.notifyServiceStateForPhoneId:1928 com.android.internal.telephony.ITelephonyRegistry$Stub.onTransact:613 
03-03 16:41:07.211  1859  2821 W ContextImpl: Calling a method in the system process without a qualified user: android.app.ContextImpl.sendBroadcastMultiplePermissions:1363 com.android.server.TelephonyRegistry.broadcastServiceStateChanged:4273 com.android.server.TelephonyRegistry.notifyServiceStateForPhoneId:1928 com.android.internal.telephony.ITelephonyRegistry$Stub.onTransact:613 android.os.Binder.execTransactInternal:1433 
03-03 16:41:07.212  1859  2821 W ContextImpl: Calling a method in the system process without a qualified user: android.app.ContextImpl.sendBroadcastMultiplePermissions:1363 com.android.server.TelephonyRegistry.broadcastServiceStateChanged:4282 com.android.server.TelephonyRegistry.notifyServiceStateForPhoneId:1928 com.android.internal.telephony.ITelephonyRegistry$Stub.onTransact:613 android.os.Binder.execTransactInternal:1433 
03-03 16:41:07.214  1859  2821 W ContextImpl: Calling a method in the system process without a qualified user: android.app.ContextImpl.sendBroadcastMultiplePermissions:1363 com.android.server.TelephonyRegistry.broadcastServiceStateChanged:4288 com.android.server.TelephonyRegistry.notifyServiceStateForPhoneId:1928 com.android.internal.telephony.ITelephonyRegistry$Stub.onTransact:613 android.os.Binder.execTransactInternal:1433 
03-03 16:41:07.343  1859  5972 W ContextImpl: Calling a method in the system process without a qualified user: android.app.ContextImpl.sendBroadcastMultiplePermissions:1330 android.content.Context.sendBroadcastMultiplePermissions:2597 com.android.server.TelephonyRegistry.broadcastServiceStateChanged:4268 com.android.server.TelephonyRegistry.notifyServiceStateForPhoneId:1928 com.android.internal.telephony.ITelephonyRegistry$Stub.onTransact:613 
03-03 16:41:07.343  1859  5972 W ContextImpl: Calling a method in the system process without a qualified user: android.app.ContextImpl.sendBroadcastMultiplePermissions:1363 com.android.server.TelephonyRegistry.broadcastServiceStateChanged:4273 com.android.server.TelephonyRegistry.notifyServiceStateForPhoneId:1928 com.android.internal.telephony.ITelephonyRegistry$Stub.onTransact:613 android.os.Binder.execTransactInternal:1433 
03-03 16:41:07.344  1859  5972 W ContextImpl: Calling a method in the system process without a qualified user: android.app.ContextImpl.sendBroadcastMultiplePermissions:1363 com.android.server.TelephonyRegistry.broadcastServiceStateChanged:4282 com.android.server.TelephonyRegistry.notifyServiceStateForPhoneId:1928 com.android.internal.telephony.ITelephonyRegistry$Stub.onTransact:613 android.os.Binder.execTransactInternal:1433 
03-03 16:41:07.344  1859  5972 W ContextImpl: Calling a method in the system process without a qualified user: android.app.ContextImpl.sendBroadcastMultiplePermissions:1363 com.android.server.TelephonyRegistry.broadcastServiceStateChanged:4288 com.android.server.TelephonyRegistry.notifyServiceStateForPhoneId:1928 com.android.internal.telephony.ITelephonyRegistry$Stub.onTransact:613 android.os.Binder.execTransactInternal:1433 
03-03 16:41:08.493  1859  1934 W DisplayContentStubImpl:  displayMetricsChanged=false physicalDisplayChanged=false displayId=0 newUniqueId=local:4627039422300187648 currentUnique=local:4627039422300187648
03-03 16:41:09.766  1859  3255 E DeviceGuardManagerService: bindLockRemoteService result = null
03-03 16:41:11.046  1859  3816 W ContextImpl: Calling a method in the system process without a qualified user: android.app.ContextImpl.sendBroadcastMultiplePermissions:1330 android.content.Context.sendBroadcastMultiplePermissions:2597 com.android.server.TelephonyRegistry.broadcastServiceStateChanged:4268 com.android.server.TelephonyRegistry.notifyServiceStateForPhoneId:1928 com.android.internal.telephony.ITelephonyRegistry$Stub.onTransact:613 
03-03 16:41:11.047  1859  3816 W ContextImpl: Calling a method in the system process without a qualified user: android.app.ContextImpl.sendBroadcastMultiplePermissions:1363 com.android.server.TelephonyRegistry.broadcastServiceStateChanged:4273 com.android.server.TelephonyRegistry.notifyServiceStateForPhoneId:1928 com.android.internal.telephony.ITelephonyRegistry$Stub.onTransact:613 android.os.Binder.execTransactInternal:1433 
03-03 16:41:11.048  1859  3816 W ContextImpl: Calling a method in the system process without a qualified user: android.app.ContextImpl.sendBroadcastMultiplePermissions:1363 com.android.server.TelephonyRegistry.broadcastServiceStateChanged:4282 com.android.server.TelephonyRegistry.notifyServiceStateForPhoneId:1928 com.android.internal.telephony.ITelephonyRegistry$Stub.onTransact:613 android.os.Binder.execTransactInternal:1433 
03-03 16:41:11.050  1859  3816 W ContextImpl: Calling a method in the system process without a qualified user: android.app.ContextImpl.sendBroadcastMultiplePermissions:1363 com.android.server.TelephonyRegistry.broadcastServiceStateChanged:4288 com.android.server.TelephonyRegistry.notifyServiceStateForPhoneId:1928 com.android.internal.telephony.ITelephonyRegistry$Stub.onTransact:613 android.os.Binder.execTransactInternal:1433 
03-03 16:41:11.156  1859  5178 W ContextImpl: Calling a method in the system process without a qualified user: android.app.ContextImpl.sendBroadcastMultiplePermissions:1330 android.content.Context.sendBroadcastMultiplePermissions:2597 com.android.server.TelephonyRegistry.broadcastServiceStateChanged:4268 com.android.server.TelephonyRegistry.notifyServiceStateForPhoneId:1928 com.android.internal.telephony.ITelephonyRegistry$Stub.onTransact:613 
03-03 16:41:11.157  1859  5178 W ContextImpl: Calling a method in the system process without a qualified user: android.app.ContextImpl.sendBroadcastMultiplePermissions:1363 com.android.server.TelephonyRegistry.broadcastServiceStateChanged:4273 com.android.server.TelephonyRegistry.notifyServiceStateForPhoneId:1928 com.android.internal.telephony.ITelephonyRegistry$Stub.onTransact:613 android.os.Binder.execTransactInternal:1433 
03-03 16:41:11.161  1859  5178 W ContextImpl: Calling a method in the system process without a qualified user: android.app.ContextImpl.sendBroadcastMultiplePermissions:1363 com.android.server.TelephonyRegistry.broadcastServiceStateChanged:4282 com.android.server.TelephonyRegistry.notifyServiceStateForPhoneId:1928 com.android.internal.telephony.ITelephonyRegistry$Stub.onTransact:613 android.os.Binder.execTransactInternal:1433 
03-03 16:41:11.162  1859  5178 W ContextImpl: Calling a method in the system process without a qualified user: android.app.ContextImpl.sendBroadcastMultiplePermissions:1363 com.android.server.TelephonyRegistry.broadcastServiceStateChanged:4288 com.android.server.TelephonyRegistry.notifyServiceStateForPhoneId:1928 com.android.internal.telephony.ITelephonyRegistry$Stub.onTransact:613 android.os.Binder.execTransactInternal:1433 
03-03 16:41:12.068  1859  1934 W DisplayContentStubImpl:  displayMetricsChanged=false physicalDisplayChanged=false displayId=0 newUniqueId=local:4627039422300187648 currentUnique=local:4627039422300187648
03-03 16:41:12.255  1859  1960 W NotificationHistory: Attempted to remove conversation for locked/gone/disabled user 0
03-03 16:41:12.333  1859  2821 W ActivityManager: Unbind failed: could not find connection for android.os.BinderProxy@7dc68f3
03-03 16:41:12.336  1859  2821 W ActivityManager: Unable to start service Intent { act=android.telephony.satellite.SatelliteService xflg=0x4 pkg=com.mediatek.satellite.service } U=0: not found
03-03 16:41:12.682  1859  3814 W ActivityTaskManager: MANAGE_ACTIVITY_STACKS is deprecated, please use alternative permission: MANAGE_ACTIVITY_TASKS
03-03 16:41:14.439  1859  2843 E JobScheduler.Background: Couldn't determine stopped state for unknown package: com.google.android.apps.turbo
03-03 16:41:14.440  1859  2843 E JobScheduler.Background: Couldn't determine stopped state for unknown package: com.google.android.apps.turbo
03-03 16:41:14.440  1859  2843 E JobScheduler.Background: Couldn't determine stopped state for unknown package: com.google.android.apps.turbo
03-03 16:41:14.440  1859  2843 E JobScheduler.Background: Couldn't determine stopped state for unknown package: com.google.android.apps.turbo
03-03 16:41:14.441  1859  2843 E JobScheduler.Background: Couldn't determine stopped state for unknown package: com.google.android.apps.turbo
03-03 16:41:14.441  1859  1878 E IMiCharge: MiCharge method 9 val = 281
03-03 16:41:14.444  1859  1878 E IMiCharge: MiCharge method 10 val = 0
03-03 16:41:14.544  1859  3814 W ActivityTaskManager: MANAGE_ACTIVITY_STACKS is deprecated, please use alternative permission: MANAGE_ACTIVITY_TASKS
03-03 16:41:14.772  1859  3255 E DeviceGuardManagerService: bindLockRemoteService result = null
03-03 16:41:15.371  1859  3814 W ActivityTaskManager: MANAGE_ACTIVITY_STACKS is deprecated, please use alternative permission: MANAGE_ACTIVITY_TASKS
03-03 16:41:18.193  1859  2821 W ActivityTaskManager: MANAGE_ACTIVITY_STACKS is deprecated, please use alternative permission: MANAGE_ACTIVITY_TASKS
03-03 16:41:18.548  1859  2002 W ActivityManager: Unknown package:com.xiaomi.aiservice
03-03 16:41:18.571  1859  3814 W OptProp : Cannot read opt property android.window.PROPERTY_COMPAT_ALLOW_RESIZEABLE_ACTIVITY_OVERRIDES
03-03 16:41:18.572  1859  3814 W OptProp : Cannot read opt property android.window.PROPERTY_COMPAT_ALLOW_MIN_ASPECT_RATIO_OVERRIDE
03-03 16:41:18.579  1859  3814 W OptProp : Cannot read opt property android.window.PROPERTY_COMPAT_ALLOW_ORIENTATION_OVERRIDE
03-03 16:41:18.580  1859  3814 W AmsExtImpl: mResumedActivity not in top, reset!
03-03 16:41:18.598 15317 15317 E MQSEventManagerDelegate: failed to get MQSService.
03-03 16:41:18.598 15317 15317 W ActivityThread: registerApplicationScoutThread result:false
03-03 16:41:18.601  1859  3812 W Transition: Transition already started id=22645 state=1
03-03 16:41:18.612  1859  3304 E BarFollowAnimation: navBarVisible throw Exception
03-03 16:41:18.613  1859  3812 E WindowManager:  source = Task{ec9303a #7840 type=standard A=10197:com.android.chrome} excludeMiuiNavBar = true excludeMiuiStatusBar = true excludeIme = false excludeNavBar = true miuiNavSurfaceControl = Surface(name=NavigationBar Container of Task = 7840#426639)/@0x417c248 miuiStatusSurfaceControl = Surface(name=StatusBar Container of Task = 7840#426641)/@0xe0a1606
03-03 16:41:18.615  3609  3724 W MulWinSwitchTransition: startAnimation::receive an unknown transition:: token = android.os.BinderProxy@e34cd15 type = 1
03-03 16:41:18.625 15317 15344 E MQSEventManagerDelegate: failed to get MQSService.
03-03 16:41:18.627 15317 15344 W MQSEventManagerDelegate: getReportAppLaunch getMQSService null
03-03 16:41:18.629 15317 15337 E ForceDarkHelperStubImpl: getForceDarkOriginState transact failed , mService: null
03-03 16:41:18.632  1859  2821 E TransitionChain: Can't collect into a chain with no transition
03-03 16:41:18.634  1859  2821 E TransitionChain: Can't collect into a chain with no transition
03-03 16:41:18.640  1859  3816 E TransitionChain: Can't collect into a chain with no transition
03-03 16:41:18.693  1859  3815 W OptProp : Cannot read opt property android.window.PROPERTY_COMPAT_ALLOW_RESIZEABLE_ACTIVITY_OVERRIDES
03-03 16:41:18.693  1859  3815 W OptProp : Cannot read opt property android.window.PROPERTY_COMPAT_ALLOW_MIN_ASPECT_RATIO_OVERRIDE
03-03 16:41:18.694  1859  3815 W OptProp : Cannot read opt property android.window.PROPERTY_COMPAT_ALLOW_ORIENTATION_OVERRIDE
03-03 16:41:18.695  1859  3815 W AmsExtImpl: mResumedActivity not in top, reset!
03-03 16:41:18.700  1859  3799 E TransitionChain: Mismatch between current collecting (TransitionRecord{544ec6 id=22646 type=OPEN flags=0x0 c=[
03-03 16:41:18.700  1859  3799 E TransitionChain:    ChangeInfo{a06f8aa container=ActivityRecord{1449965 u0 com.reddit.frontpage/.RedditDeepLinkActivity t7841 f}} flags=0x0}
03-03 16:41:18.700  1859  3799 E TransitionChain:    ChangeInfo{237dc9b container=Window{3469d1b u0 Splash Screen com.reddit.frontpage} flags=0x0}
03-03 16:41:18.700  1859  3799 E TransitionChain:    ChangeInfo{1e25838 container=Display{#0 state=ON size=1220x2712 ROTATION_0} flags=0x0}
03-03 16:41:18.700  1859  3799 E TransitionChain:    ChangeInfo{790d011 container=ActivityRecord{118099591 u0 com.reddit.frontpage/com.reddit.launch.main.MainActivity t7841} flags=0x0}
03-03 16:41:18.700  1859  3799 E TransitionChain:    ChangeInfo{633f576 container=DefaultTaskDisplayArea@164064817 flags=0x0}
03-03 16:41:18.700  1859  3799 E TransitionChain:    ChangeInfo{82da777 container=Task{cd3c670 #7841 type=standard A=10399:com.reddit.frontpage} flags=0x0}
03-03 16:41:18.700  1859  3799 E TransitionChain: ]
03-03 16:41:18.700  1859  3799 E TransitionChain: }) and chain (TransitionRecord{544ec6 id=22646 type=OPEN flags=0x0 c=[
03-03 16:41:18.700  1859  3799 E TransitionChain:    ChangeInfo{a06f8aa container=ActivityRecord{1449965 u0 com.reddit.frontpage/.RedditDeepLinkActivity t7841 f}} flags=0x0}
03-03 16:41:18.700  1859  3799 E TransitionChain:    ChangeInfo{237dc9b container=Window{3469d1b u0 Splash Screen com.reddit.frontpage} flags=0x0}
03-03 16:41:18.700  1859  3799 E TransitionChain:    ChangeInfo{1e25838 container=Display{#0 state=ON size=1220x2712 ROTATION_0} flags=0x0}
03-03 16:41:18.700  1859  3799 E TransitionChain:    ChangeInfo{790d011 container=ActivityRecord{118099591 u0 com.reddit.frontpage/com.reddit.launch.main.MainActivity t7841} flags=0x0}
03-03 16:41:18.700  1859  3799 E TransitionChain:    ChangeInfo{633f576 container=DefaultTaskDisplayArea@164064817 flags=0x0}
03-03 16:41:18.700  1859  3799 E TransitionChain:    ChangeInfo{82da777 container=Task{cd3c670 #7841 type=standard A=10399:com.reddit.frontpage} flags=0x0}
03-03 16:41:18.700  1859  3799 E TransitionChain: ]
03-03 16:41:18.700  1859  3799 E TransitionChain: })
03-03 16:41:18.711  1859  3815 W ActivityRecordImpl: try to update focused window in commitVisibility of ActivityRecord{118099591 u0 com.reddit.frontpage/com.reddit.launch.main.MainActivity t7841}
03-03 16:41:18.718  1859  2818 E TransitionChain: Can't collect into a chain with no transition
03-03 16:41:18.771  1859  4408 W ActivityManager: Permission Denial: getCurrentUser() from pid=11827, uid=10399 requires android.permission.INTERACT_ACROSS_USERS
03-03 16:41:18.772 11827 15469 E FramePredict: registerContentObserver fail
03-03 16:41:19.014  1859  5972 W ActivityTaskManager: MANAGE_ACTIVITY_STACKS is deprecated, please use alternative permission: MANAGE_ACTIVITY_TASKS
03-03 16:41:19.022  1859  3812 W JobScheduler: Job didn't exist in JobStore: 
03-03 16:41:19.039  1859  2818 W JobScheduler: Job didn't exist in JobStore: 
03-03 16:41:19.459  1859  3812 W AppCompatLetterboxPolicy: start not layout letterbox Window{3469d1b u0 Splash Screen com.reddit.frontpage EXITING}
03-03 16:41:19.462  1859  5972 W AppCompatLetterboxPolicy: start not layout letterbox Window{3469d1b u0 Splash Screen com.reddit.frontpage EXITING}
03-03 16:41:19.464  1859  2818 W WindowManager: Failed looking up window session=Session{6d0ac56 3609:1000} callers=com.android.server.wm.WindowManagerService.removeClientToken:2587 com.android.server.wm.Session.remove:329 android.view.IWindowSession$Stub.onTransact:772 
03-03 16:41:19.777  1859  3255 E DeviceGuardManagerService: bindLockRemoteService result = null
03-03 16:41:20.019  1859  5178 W ActivityTaskManager: MANAGE_ACTIVITY_STACKS is deprecated, please use alternative permission: MANAGE_ACTIVITY_TASKS
03-03 16:41:21.880  1859  2002 W ActivityManager: Unknown package:com.xiaomi.aiservice
03-03 16:41:21.925 15564 15564 E MQSEventManagerDelegate: failed to get MQSService.
03-03 16:41:21.925 15564 15564 W ActivityThread: registerApplicationScoutThread result:false
03-03 16:41:21.940 15564 15577 E MQSEventManagerDelegate: failed to get MQSService.
03-03 16:41:21.940 15564 15577 W MQSEventManagerDelegate: getReportAppLaunch getMQSService null
03-03 16:41:21.943 15564 15576 E ForceDarkHelperStubImpl: getForceDarkOriginState transact failed , mService: null
03-03 16:41:22.482  1859  1934 W DisplayContentStubImpl:  displayMetricsChanged=false physicalDisplayChanged=false displayId=0 newUniqueId=local:4627039422300187648 currentUnique=local:4627039422300187648
03-03 16:41:22.869  1859  1934 W DisplayContentStubImpl:  displayMetricsChanged=false physicalDisplayChanged=false displayId=0 newUniqueId=local:4627039422300187648 currentUnique=local:4627039422300187648
03-03 16:41:24.442  1859  2843 E JobScheduler.Background: Couldn't determine stopped state for unknown package: com.google.android.apps.turbo
03-03 16:41:24.442  1859  2843 E JobScheduler.Background: Couldn't determine stopped state for unknown package: com.google.android.apps.turbo
03-03 16:41:24.442  1859  2843 E JobScheduler.Background: Couldn't determine stopped state for unknown package: com.google.android.apps.turbo
03-03 16:41:24.443  1859  2843 E JobScheduler.Background: Couldn't determine stopped state for unknown package: com.google.android.apps.turbo
03-03 16:41:24.443  1859  2843 E JobScheduler.Background: Couldn't determine stopped state for unknown package: com.google.android.apps.turbo
03-03 16:41:24.780  1859  3255 E DeviceGuardManagerService: bindLockRemoteService result = null
03-03 16:41:27.526  1859  2818 W ActivityTaskManager: MANAGE_ACTIVITY_STACKS is deprecated, please use alternative permission: MANAGE_ACTIVITY_TASKS
03-03 16:41:28.333  1859  5178 W ContextImpl: Calling a method in the system process without a qualified user: android.app.ContextImpl.sendBroadcastMultiplePermissions:1330 android.content.Context.sendBroadcastMultiplePermissions:2597 com.android.server.TelephonyRegistry.broadcastServiceStateChanged:4268 com.android.server.TelephonyRegistry.notifyServiceStateForPhoneId:1928 com.android.internal.telephony.ITelephonyRegistry$Stub.onTransact:613 
03-03 16:41:28.335  1859  5178 W ContextImpl: Calling a method in the system process without a qualified user: android.app.ContextImpl.sendBroadcastMultiplePermissions:1363 com.android.server.TelephonyRegistry.broadcastServiceStateChanged:4273 com.android.server.TelephonyRegistry.notifyServiceStateForPhoneId:1928 com.android.internal.telephony.ITelephonyRegistry$Stub.onTransact:613 android.os.Binder.execTransactInternal:1433 
03-03 16:41:28.336  1859  5178 W ContextImpl: Calling a method in the system process without a qualified user: android.app.ContextImpl.sendBroadcastMultiplePermissions:1363 com.android.server.TelephonyRegistry.broadcastServiceStateChanged:4282 com.android.server.TelephonyRegistry.notifyServiceStateForPhoneId:1928 com.android.internal.telephony.ITelephonyRegistry$Stub.onTransact:613 android.os.Binder.execTransactInternal:1433 
03-03 16:41:28.336  1859  5178 W ContextImpl: Calling a method in the system process without a qualified user: android.app.ContextImpl.sendBroadcastMultiplePermissions:1363 com.android.server.TelephonyRegistry.broadcastServiceStateChanged:4288 com.android.server.TelephonyRegistry.notifyServiceStateForPhoneId:1928 com.android.internal.telephony.ITelephonyRegistry$Stub.onTransact:613 android.os.Binder.execTransactInternal:1433 
03-03 16:41:28.405  1859  4408 W ContextImpl: Calling a method in the system process without a qualified user: android.app.ContextImpl.sendBroadcastMultiplePermissions:1330 android.content.Context.sendBroadcastMultiplePermissions:2597 com.android.server.TelephonyRegistry.broadcastServiceStateChanged:4268 com.android.server.TelephonyRegistry.notifyServiceStateForPhoneId:1928 com.android.internal.telephony.ITelephonyRegistry$Stub.onTransact:613 
03-03 16:41:28.406  1859  4408 W ContextImpl: Calling a method in the system process without a qualified user: android.app.ContextImpl.sendBroadcastMultiplePermissions:1363 com.android.server.TelephonyRegistry.broadcastServiceStateChanged:4273 com.android.server.TelephonyRegistry.notifyServiceStateForPhoneId:1928 com.android.internal.telephony.ITelephonyRegistry$Stub.onTransact:613 android.os.Binder.execTransactInternal:1433 
03-03 16:41:28.410  1859  4408 W ContextImpl: Calling a method in the system process without a qualified user: android.app.ContextImpl.sendBroadcastMultiplePermissions:1363 com.android.server.TelephonyRegistry.broadcastServiceStateChanged:4282 com.android.server.TelephonyRegistry.notifyServiceStateForPhoneId:1928 com.android.internal.telephony.ITelephonyRegistry$Stub.onTransact:613 android.os.Binder.execTransactInternal:1433 
03-03 16:41:28.412  1859  4408 W ContextImpl: Calling a method in the system process without a qualified user: android.app.ContextImpl.sendBroadcastMultiplePermissions:1363 com.android.server.TelephonyRegistry.broadcastServiceStateChanged:4288 com.android.server.TelephonyRegistry.notifyServiceStateForPhoneId:1928 com.android.internal.telephony.ITelephonyRegistry$Stub.onTransact:613 android.os.Binder.execTransactInternal:1433 
03-03 16:41:29.784  1859  3255 E DeviceGuardManagerService: bindLockRemoteService result = null
03-03 16:41:31.399  1859  3815 W ActivityTaskManager: MANAGE_ACTIVITY_STACKS is deprecated, please use alternative permission: MANAGE_ACTIVITY_TASKS
03-03 16:41:31.697  1859  2001 W ActivityManager: Stopping service due to app idle: u0a442 -4m38s202ms com.whatsapp/.messageservice.messaging.MessageService
03-03 16:41:32.410  1859  2821 W ActivityTaskManager: MANAGE_ACTIVITY_STACKS is deprecated, please use alternative permission: MANAGE_ACTIVITY_TASKS
03-03 16:41:32.923  1859  2083 W BatteryStatsImpl: noteBluetoothScanStartedLocked deltaScanCount: 46666 uid:1002
03-03 16:41:32.936  1859  2083 W BatteryStatsImpl: noteBluetoothScanStartedLocked deltaScanCount: 46667 uid:1002
03-03 16:41:34.790  1859  3255 E DeviceGuardManagerService: bindLockRemoteService result = null
03-03 16:41:34.974  1859  2821 W ContextImpl: Calling a method in the system process without a qualified user: android.app.ContextImpl.sendBroadcastMultiplePermissions:1363 android.content.Context.sendBroadcastMultiplePermissions:2543 android.content.Context.sendBroadcastMultiplePermissions:2531 com.android.server.TelephonyRegistry.broadcastDataConnectionStateChanged:4507 com.android.server.TelephonyRegistry.notifyDataConnectionForSubscriber:2420 
03-03 16:41:35.012  1859  3816 W ContextImpl: Calling a method in the system process without a qualified user: android.app.ContextImpl.sendBroadcastMultiplePermissions:1363 android.content.Context.sendBroadcastMultiplePermissions:2543 android.content.Context.sendBroadcastMultiplePermissions:2531 com.android.server.TelephonyRegistry.broadcastDataConnectionStateChanged:4507 com.android.server.TelephonyRegistry.notifyDataConnectionForSubscriber:2420 
03-03 16:41:38.964  1859  1934 W DisplayContentStubImpl:  displayMetricsChanged=false physicalDisplayChanged=false displayId=0 newUniqueId=local:4627039422300187648 currentUnique=local:4627039422300187648
03-03 16:41:39.795  1859  3255 E DeviceGuardManagerService: bindLockRemoteService result = null
03-03 16:41:40.506  1859  3073 W ContextImpl: Calling a method in the system process without a qualified user: android.app.ContextImpl.sendBroadcast:1280 android.content.ContextWrapper.sendBroadcast:522 com.android.server.wifi.global.AmlMiuiNetworkMonitor.sendBroadcastForNetwork:755 com.android.server.wifi.global.AmlMiuiNetworkMonitor.notifyNetworkWarning:701 com.android.server.wifi.global.AmlMiuiNetworkMonitor.evaluateNetworkQoE:632 
03-03 16:41:40.541  1859  1934 W DisplayContentStubImpl:  displayMetricsChanged=false physicalDisplayChanged=false displayId=0 newUniqueId=local:4627039422300187648 currentUnique=local:4627039422300187648
03-03 16:41:40.568  1611  2251 W EventThreadInspector: slow VSync-app on display(4627039422300187648) count=1, avg=34 ms, max=34 ms.
03-03 16:41:41.319  1859  3815 W ActivityTaskManager: MANAGE_ACTIVITY_STACKS is deprecated, please use alternative permission: MANAGE_ACTIVITY_TASKS
03-03 16:41:42.331  1859  3815 W ActivityTaskManager: MANAGE_ACTIVITY_STACKS is deprecated, please use alternative permission: MANAGE_ACTIVITY_TASKS
03-03 16:41:44.444  1859  2843 E JobScheduler.Background: Couldn't determine stopped state for unknown package: com.google.android.apps.turbo
03-03 16:41:44.444  1859  2843 E JobScheduler.Background: Couldn't determine stopped state for unknown package: com.google.android.apps.turbo
03-03 16:41:44.444  1859  2843 E JobScheduler.Background: Couldn't determine stopped state for unknown package: com.google.android.apps.turbo
03-03 16:41:44.444  1859  2843 E JobScheduler.Background: Couldn't determine stopped state for unknown package: com.google.android.apps.turbo
03-03 16:41:44.444  1859  2843 E JobScheduler.Background: Couldn't determine stopped state for unknown package: com.google.android.apps.turbo
03-03 16:41:44.446  1859  1878 E IMiCharge: MiCharge method 9 val = 283
03-03 16:41:44.447  1859  1878 E IMiCharge: MiCharge method 10 val = 0
03-03 16:41:44.800  1859  3255 E DeviceGuardManagerService: bindLockRemoteService result = null
03-03 16:41:44.961  1859  4409 W ActivityTaskManager: MANAGE_ACTIVITY_STACKS is deprecated, please use alternative permission: MANAGE_ACTIVITY_TASKS
03-03 16:41:46.050  1859  3815 W ActivityTaskManager: MANAGE_ACTIVITY_STACKS is deprecated, please use alternative permission: MANAGE_ACTIVITY_TASKS
03-03 16:41:47.063  1859  5972 W ActivityTaskManager: MANAGE_ACTIVITY_STACKS is deprecated, please use alternative permission: MANAGE_ACTIVITY_TASKS
03-03 16:41:49.806  1859  3255 E DeviceGuardManagerService: bindLockRemoteService result = null
03-03 16:41:52.273  1859  1960 W NotificationHistory: Attempted to remove conversation for locked/gone/disabled user 0
03-03 16:41:53.303  1859  3652 W ActivityTaskManager: MANAGE_ACTIVITY_STACKS is deprecated, please use alternative permission: MANAGE_ACTIVITY_TASKS
03-03 16:41:54.313  1859  3652 W ActivityTaskManager: MANAGE_ACTIVITY_STACKS is deprecated, please use alternative permission: MANAGE_ACTIVITY_TASKS
03-03 16:41:54.447  1859  2843 E JobScheduler.Background: Couldn't determine stopped state for unknown package: com.google.android.apps.turbo
03-03 16:41:54.447  1859  2843 E JobScheduler.Background: Couldn't determine stopped state for unknown package: com.google.android.apps.turbo
03-03 16:41:54.447  1859  2843 E JobScheduler.Background: Couldn't determine stopped state for unknown package: com.google.android.apps.turbo
03-03 16:41:54.447  1859  2843 E JobScheduler.Background: Couldn't determine stopped state for unknown package: com.google.android.apps.turbo
03-03 16:41:54.447  1859  2843 E JobScheduler.Background: Couldn't determine stopped state for unknown package: com.google.android.apps.turbo
03-03 16:41:54.812  1859  3255 E DeviceGuardManagerService: bindLockRemoteService result = null
03-03 16:41:56.826  1859  2015 W ExtM    : Mark thread start 
03-03 16:41:57.330  1859  3646 W ExtM    : Mark finished with status: 0
03-03 16:41:57.397  1859  2002 W ActivityManager: Unknown package:com.xiaomi.aiservice
03-03 16:41:57.580 15662 15662 E MiuiPreloadClassImpl: invoke error.
03-03 16:41:57.617  1859  2843 W JobServiceContext: Sending onNetworkChanged for a job that isn't started. JobStatus{79b0163 androidx.work.systemjobscheduler:u0a318/10239 @androidx.work.systemjobscheduler@com.facebook.katana/androidx.work.impl.background.systemjob.SystemJobService u=0 s=10318 TIME=-14s604ms:none NET READY}
03-03 16:41:57.617  1859  2843 W JobServiceContext: Sending onNetworkChanged for a job that isn't started. JobStatus{422b9e6 androidx.work.systemjobscheduler:u0a318/10246 @androidx.work.systemjobscheduler@com.facebook.katana/androidx.work.impl.background.systemjob.SystemJobService u=0 s=10318 TIME=-11s300ms:none NET READY}
03-03 16:41:58.204  1859  3646 W ActivityManager: Background started FGS: Disallowed [callingPackage: com.whatsapp; callingUid: 10442; uidState: CAC ; uidBFSL: n/a; intent: Intent { act=ACTION_START_FOREGROUND xflg=0x4 cmp=com.whatsapp/androidx.work.impl.foreground.SystemForegroundService (has extras) }; code:DENIED; tempAllowListReason:<null>; allowWiu:-1; targetSdkVersion:36; callerTargetSdkVersion:36; startForegroundCount:0; bindFromPackage:null: isBindService:false]
03-03 16:41:58.204  1859  3646 W ActivityManager: startForegroundService() not allowed due to mAllowStartForeground false: service com.whatsapp/androidx.work.impl.foreground.SystemForegroundService
03-03 16:41:58.447  1859  1859 W NotificationHistory: Attempted to add notif for locked/gone/disabled user 0
03-03 16:41:58.584  1859  2843 E JobScheduler.Background: Couldn't determine stopped state for unknown package: com.google.android.apps.turbo
03-03 16:41:58.584  1859  2843 E JobScheduler.Background: Couldn't determine stopped state for unknown package: com.google.android.apps.turbo
03-03 16:41:58.584  1859  2843 E JobScheduler.Background: Couldn't determine stopped state for unknown package: com.google.android.apps.turbo
03-03 16:41:58.584  1859  2843 E JobScheduler.Background: Couldn't determine stopped state for unknown package: com.google.android.apps.turbo
03-03 16:41:58.584  1859  2843 E JobScheduler.Background: Couldn't determine stopped state for unknown package: com.google.android.apps.turbo
03-03 16:41:59.816  1859  3255 E DeviceGuardManagerService: bindLockRemoteService result = null
03-03 16:42:03.102 15662 15662 E TurboSchedMonitor: failed to find setSchedAffinity method com.facebook.katana
03-03 16:42:03.105 15662 15662 E TurboSchedMonitor: failed to find setSchedAffinity method com.facebook.katana
03-03 16:42:03.897  1859  3876 W ContentProviderHelper: No provider info for content provider com.android.launcher3.cornermark.unreadbadge when providerRunning is false, caller is ProcessRecord{11b533c 15662:com.facebook.katana/u0a318}
03-03 16:42:03.897 15662 15771 E ActivityThread: Failed to find provider info for com.android.launcher3.cornermark.unreadbadge
03-03 16:42:04.777  1859  3652 W ActivityManager: Unbind failed: could not find connection for android.os.BinderProxy@515407a
03-03 16:42:04.780  1859  3876 W ActivityManager: Unable to start service Intent { act=android.telephony.satellite.SatelliteService xflg=0x4 pkg=com.mediatek.satellite.service } U=0: not found
03-03 16:42:04.820  1859  3255 E DeviceGuardManagerService: bindLockRemoteService result = null
03-03 16:42:09.824  1859  3255 E DeviceGuardManagerService: bindLockRemoteService result = null
03-03 16:42:09.933  1859  4409 W ActivityTaskManager: MANAGE_ACTIVITY_STACKS is deprecated, please use alternative permission: MANAGE_ACTIVITY_TASKS
03-03 16:42:10.517  1859  3815 W ActivityTaskManager: MANAGE_ACTIVITY_STACKS is deprecated, please use alternative permission: MANAGE_ACTIVITY_TASKS
03-03 16:42:11.522  1859  3812 W ActivityTaskManager: MANAGE_ACTIVITY_STACKS is deprecated, please use alternative permission: MANAGE_ACTIVITY_TASKS
03-03 16:42:12.395  1859  3812 W AlarmManager: Window length 3100320013ms too long; limiting to 1 day
03-03 16:42:14.045  1859  2843 E JobScheduler.SSRU: Job is being prepared but doesn't have a pre-existing accountToJobMap
03-03 16:42:14.453  1859  2843 E JobScheduler.Background: Couldn't determine stopped state for unknown package: com.google.android.apps.turbo
03-03 16:42:14.453  1859  2843 E JobScheduler.Background: Couldn't determine stopped state for unknown package: com.google.android.apps.turbo
03-03 16:42:14.453  1859  2843 E JobScheduler.Background: Couldn't determine stopped state for unknown package: com.google.android.apps.turbo
03-03 16:42:14.454  1859  2843 E JobScheduler.Background: Couldn't determine stopped state for unknown package: com.google.android.apps.turbo
03-03 16:42:14.454  1859  2843 E JobScheduler.Background: Couldn't determine stopped state for unknown package: com.google.android.apps.turbo
03-03 16:42:14.455  1859  1878 E IMiCharge: MiCharge method 9 val = 286
03-03 16:42:14.457  1859  1878 E IMiCharge: MiCharge method 10 val = 0
03-03 16:42:14.828  1859  3255 E DeviceGuardManagerService: bindLockRemoteService result = null
03-03 16:42:15.945  1859  1934 W DisplayContentStubImpl:  displayMetricsChanged=false physicalDisplayChanged=false displayId=0 newUniqueId=local:4627039422300187648 currentUnique=local:4627039422300187648
03-03 16:42:15.974  1859  1934 W DisplayContentStubImpl:  displayMetricsChanged=false physicalDisplayChanged=false displayId=0 newUniqueId=local:4627039422300187648 currentUnique=local:4627039422300187648
03-03 16:42:18.936  1859  5972 W ActivityTaskManager: MANAGE_ACTIVITY_STACKS is deprecated, please use alternative permission: MANAGE_ACTIVITY_TASKS
03-03 16:42:19.832  1859  3255 E DeviceGuardManagerService: bindLockRemoteService result = null
03-03 16:42:21.735  1859  3380 W ExtM    : Mark thread start 
03-03 16:42:22.239  1859  5972 W ExtM    : Mark finished with status: 0
03-03 16:42:22.272  1859  1960 W NotificationHistory: Attempted to remove conversation for locked/gone/disabled user 0
03-03 16:42:23.004  1859  3875 W ActivityTaskManager: MANAGE_ACTIVITY_STACKS is deprecated, please use alternative permission: MANAGE_ACTIVITY_TASKS
03-03 16:42:24.009  1859  3875 W ActivityTaskManager: MANAGE_ACTIVITY_STACKS is deprecated, please use alternative permission: MANAGE_ACTIVITY_TASKS
03-03 16:42:24.801  1859  3875 W ActivityTaskManager: MANAGE_ACTIVITY_STACKS is deprecated, please use alternative permission: MANAGE_ACTIVITY_TASKS
03-03 16:42:24.836  1859  3255 E DeviceGuardManagerService: bindLockRemoteService result = null
03-03 16:42:26.645  1859  3646 W ActivityTaskManager: MANAGE_ACTIVITY_STACKS is deprecated, please use alternative permission: MANAGE_ACTIVITY_TASKS
03-03 16:42:26.790  5895 31917 W MiuiPerfServiceClient: interceptAndQueuing:3661|com.miui.home|36|34|2044361290599545|Slow issue draw commands|2
03-03 16:42:26.811  1859  3646 E VibratorManagerServiceImpl: vibrationThreadSetParameters
03-03 16:42:27.312  1859  3646 W ActivityTaskManager: MANAGE_ACTIVITY_STACKS is deprecated, please use alternative permission: MANAGE_ACTIVITY_TASKS
03-03 16:42:27.585  5895 31917 W MiuiPerfServiceClient: interceptAndQueuing:11827|com.reddit.frontpage|90|49|2044481429232398|Slow main thread|4
03-03 16:42:27.913  1859  4409 E VibratorManagerServiceImpl: vibrationThreadSetParameters
03-03 16:42:28.333  1859  3646 W ContextImpl: Calling a method in the system process without a qualified user: android.app.ContextImpl.sendBroadcastMultiplePermissions:1330 android.content.Context.sendBroadcastMultiplePermissions:2597 com.android.server.TelephonyRegistry.broadcastServiceStateChanged:4268 com.android.server.TelephonyRegistry.notifyServiceStateForPhoneId:1928 com.android.internal.telephony.ITelephonyRegistry$Stub.onTransact:613 
03-03 16:42:28.337  1859  3646 W ContextImpl: Calling a method in the system process without a qualified user: android.app.ContextImpl.sendBroadcastMultiplePermissions:1363 com.android.server.TelephonyRegistry.broadcastServiceStateChanged:4273 com.android.server.TelephonyRegistry.notifyServiceStateForPhoneId:1928 com.android.internal.telephony.ITelephonyRegistry$Stub.onTransact:613 android.os.Binder.execTransactInternal:1433 
03-03 16:42:28.337  1859  3646 W ContextImpl: Calling a method in the system process without a qualified user: android.app.ContextImpl.sendBroadcastMultiplePermissions:1363 com.android.server.TelephonyRegistry.broadcastServiceStateChanged:4282 com.android.server.TelephonyRegistry.notifyServiceStateForPhoneId:1928 com.android.internal.telephony.ITelephonyRegistry$Stub.onTransact:613 android.os.Binder.execTransactInternal:1433 
03-03 16:42:28.338  1859  3646 W ContextImpl: Calling a method in the system process without a qualified user: android.app.ContextImpl.sendBroadcastMultiplePermissions:1363 com.android.server.TelephonyRegistry.broadcastServiceStateChanged:4288 com.android.server.TelephonyRegistry.notifyServiceStateForPhoneId:1928 com.android.internal.telephony.ITelephonyRegistry$Stub.onTransact:613 android.os.Binder.execTransactInternal:1433 
03-03 16:42:28.381  1859  2083 E BatteryStatsService: note track volume change AudioToPower BatteryStatsservices 10399 11827 201209 1.0 1.0
03-03 16:42:28.414  1859  3876 W ActivityTaskManager: MANAGE_ACTIVITY_STACKS is deprecated, please use alternative permission: MANAGE_ACTIVITY_TASKS
03-03 16:42:28.596  1859  2843 E JobScheduler.Background: Couldn't determine stopped state for unknown package: com.google.android.apps.turbo
03-03 16:42:28.597  1859  2843 E JobScheduler.Background: Couldn't determine stopped state for unknown package: com.google.android.apps.turbo
03-03 16:42:28.597  1859  2843 E JobScheduler.Background: Couldn't determine stopped state for unknown package: com.google.android.apps.turbo
03-03 16:42:28.597  1859  2843 E JobScheduler.Background: Couldn't determine stopped state for unknown package: com.google.android.apps.turbo
03-03 16:42:28.597  1859  2843 E JobScheduler.Background: Couldn't determine stopped state for unknown package: com.google.android.apps.turbo
03-03 16:42:28.966  1859  2083 E BatteryStatsService: note track volume change AudioToPower BatteryStatsservices 10399 11827 201209 0.0 0.0
03-03 16:42:29.047  1859  3646 E AppOps  : attributionTag  not declared in manifest of com.reddit.frontpage
03-03 16:42:29.050  1859  3646 E AppOps  : attributionTag  not declared in manifest of com.reddit.frontpage
03-03 16:42:29.052  1859  2083 E BatteryStatsService: note StartAudioToPower BatteryStatsservices10399 11827 201209 24711 2
03-03 16:42:29.067  1859  2083 E BatteryStatsService: note device change AudioToPower BatteryStatsservices 10399 11827 201209 2
03-03 16:42:29.414  1859  4409 W AppCompatLetterboxPolicy: start not layout letterbox Window{bd87c1a u0 LauncherOverlayWindow:com.mi.appfinder}
03-03 16:42:29.418  1859  5972 W AppCompatLetterboxPolicy: start not layout letterbox Window{bd87c1a u0 LauncherOverlayWindow:com.mi.appfinder}
03-03 16:42:29.425  1859  3652 W AppCompatLetterboxPolicy: start not layout letterbox Window{1050ef9 u0 LauncherMinusOneScreen}
03-03 16:42:29.425  1859  3652 W AppCompatLetterboxPolicy: start not layout letterbox Window{bd87c1a u0 LauncherOverlayWindow:com.mi.appfinder}
03-03 16:42:29.428  1859  1937 W AppCompatLetterboxPolicy: start not layout letterbox Window{1050ef9 u0 LauncherMinusOneScreen}
03-03 16:42:29.428  1859  1937 W AppCompatLetterboxPolicy: start not layout letterbox Window{bd87c1a u0 LauncherOverlayWindow:com.mi.appfinder}
03-03 16:42:29.436  3661  3661 W ActivityThread: Activity top position already set to onTop=true
03-03 16:42:29.438  1859  3812 W AppCompatLetterboxPolicy: start not layout letterbox Window{1050ef9 u0 LauncherMinusOneScreen}
03-03 16:42:29.438  1859  3812 W AppCompatLetterboxPolicy: start not layout letterbox Window{bd87c1a u0 LauncherOverlayWindow:com.mi.appfinder}
03-03 16:42:29.442  1859  2076 W ActivityManager: Unable to open /sys/fs/cgroup/apps/uid_10190/pid_14977/cgroup.procs
03-03 16:42:29.442  1859  2076 W ActivityManager: java.io.FileNotFoundException: /sys/fs/cgroup/apps/uid_10190/pid_14977/cgroup.procs: open failed: ENOENT (No such file or directory)
03-03 16:42:29.442  1859  2076 W ActivityManager: 	at libcore.io.IoBridge.open(IoBridge.java:574)
03-03 16:42:29.442  1859  2076 W ActivityManager: 	at java.io.FileInputStream.<init>(FileInputStream.java:179)
03-03 16:42:29.442  1859  2076 W ActivityManager: 	at java.io.FileInputStream.<init>(FileInputStream.java:133)
03-03 16:42:29.442  1859  2076 W ActivityManager: 	at com.android.server.am.PhantomProcessList$Injector.openCgroupProcs(PhantomProcessList.java:616)
03-03 16:42:29.442  1859  2076 W ActivityManager: 	at com.android.server.am.PhantomProcessList.lookForPhantomProcessesLocked(PhantomProcessList.java:150)
03-03 16:42:29.442  1859  2076 W ActivityManager: 	at com.android.server.am.PhantomProcessList.setProcessGroupForPhantomProcessOfApp(PhantomProcessList.java:545)
03-03 16:42:29.442  1859  2076 W ActivityManager: 	at com.android.server.am.OomAdjuster.lambda$new$0(OomAdjuster.java:598)
03-03 16:42:29.442  1859  2076 W ActivityManager: 	at com.android.server.am.OomAdjuster.$r8$lambda$uOb2fkEfiodlL-R7ljyXmiY1wCQ(Unknown Source:0)
03-03 16:42:29.442  1859  2076 W ActivityManager: 	at com.android.server.am.OomAdjuster$$ExternalSyntheticLambda0.handleMessage(D8$$SyntheticClass:0)
03-03 16:42:29.442  1859  2076 W ActivityManager: 	at android.os.Handler.dispatchMessage(Handler.java:106)
03-03 16:42:29.442  1859  2076 W ActivityManager: 	at android.os.Looper.loopOnce(Looper.java:267)
03-03 16:42:29.442  1859  2076 W ActivityManager: 	at android.os.Looper.loop(Looper.java:360)
03-03 16:42:29.442  1859  2076 W ActivityManager: 	at android.os.HandlerThread.run(HandlerThread.java:85)
03-03 16:42:29.442  1859  2076 W ActivityManager: 	at com.android.server.ServiceThread.run(ServiceThread.java:49)
03-03 16:42:29.442  1859  2076 W ActivityManager: Caused by: android.system.ErrnoException: open failed: ENOENT (No such file or directory)
03-03 16:42:29.442  1859  2076 W ActivityManager: 	at libcore.io.Linux.open(Native Method)
03-03 16:42:29.442  1859  2076 W ActivityManager: 	at libcore.io.ForwardingOs.open(ForwardingOs.java:568)
03-03 16:42:29.442  1859  2076 W ActivityManager: 	at libcore.io.BlockGuardOs.open(BlockGuardOs.java:274)
03-03 16:42:29.442  1859  2076 W ActivityManager: 	at libcore.io.IoBridge.open(IoBridge.java:560)
03-03 16:42:29.442  1859  2076 W ActivityManager: 	... 13 more
03-03 16:42:29.452  1859  1937 E TransitionController: Set visible without transition WallpaperWindowToken{1960830 showWhenLocked=true} playing=true caller=com.android.server.wm.WallpaperControllerImpl.updateWallpaperTokens:181 
03-03 16:42:29.452  1859  1937 W AppCompatLetterboxPolicy: start not layout letterbox Window{1050ef9 u0 LauncherMinusOneScreen}
03-03 16:42:29.452  1859  1937 W AppCompatLetterboxPolicy: start not layout letterbox Window{bd87c1a u0 LauncherOverlayWindow:com.mi.appfinder}
03-03 16:42:29.454  1859  1937 W AppCompatLetterboxPolicy: start not layout letterbox Window{1050ef9 u0 LauncherMinusOneScreen}
03-03 16:42:29.454  1859  1937 W AppCompatLetterboxPolicy: start not layout letterbox Window{bd87c1a u0 LauncherOverlayWindow:com.mi.appfinder}
03-03 16:42:29.460  3609  3724 W MultiTaskingTaskRepository: putOrUpdateTaskInfo skip
03-03 16:42:29.463  1859  3875 E TransitionChain: Can't collect into a chain with no transition
03-03 16:42:29.488  1859  1937 E TransitionController: Set visible without transition WallpaperWindowToken{1960830 showWhenLocked=true} playing=true caller=com.android.server.wm.WallpaperControllerImpl.updateWallpaperTokens:181 
03-03 16:42:29.488  1859  1937 W AppCompatLetterboxPolicy: start not layout letterbox Window{1050ef9 u0 LauncherMinusOneScreen}
03-03 16:42:29.488  1859  1937 W AppCompatLetterboxPolicy: start not layout letterbox Window{bd87c1a u0 LauncherOverlayWindow:com.mi.appfinder}
03-03 16:42:29.490  1859  1937 E TransitionController: Set visible without transition WallpaperWindowToken{1960830 showWhenLocked=true} playing=true caller=com.android.server.wm.WallpaperControllerImpl.updateWallpaperTokens:181 
03-03 16:42:29.493  1859  1937 W AppCompatLetterboxPolicy: start not layout letterbox Window{1050ef9 u0 LauncherMinusOneScreen}
03-03 16:42:29.493  1859  1937 W AppCompatLetterboxPolicy: start not layout letterbox Window{bd87c1a u0 LauncherOverlayWindow:com.mi.appfinder}
03-03 16:42:29.499  1859  3652 E WindowManager:  source = Task{cd3c670 #7841 type=standard A=10399:com.reddit.frontpage} excludeMiuiNavBar = true excludeMiuiStatusBar = true excludeIme = false excludeNavBar = true miuiNavSurfaceControl = Surface(name=NavigationBar Container of Task = 7841#426674)/@0xef7da6e miuiStatusSurfaceControl = Surface(name=StatusBar Container of Task = 7841#426676)/@0xbbac034
03-03 16:42:29.517  1859  3799 E WindowManager:  source = Task{cd3c670 #7841 type=standard A=10399:com.reddit.frontpage} excludeMiuiNavBar = true excludeMiuiStatusBar = true excludeIme = false excludeNavBar = true miuiNavSurfaceControl = Surface(name=NavigationBar Container of Task = 7841#426674)/@0xef7da6e miuiStatusSurfaceControl = Surface(name=StatusBar Container of Task = 7841#426676)/@0xbbac034
03-03 16:42:29.536  1859  5954 E TransitionChain: Can't collect into a chain with no transition
03-03 16:42:29.550  1859  2909 E HandwritingModeController: Cannot get requestId: Handwriting was not initialized.
