03-02 12:22:42.305 22070 22070 F DEBUG   :       #135 pc 000000000066ab6c  /apex/com.android.art/lib64/libart.so (bool art::interpreter::DoCall<false>(art::ArtMethod*, art::Thread*, art::ShadowFrame&, art::Instruction const*, unsigned short, bool, art::JValue*)+2068) (BuildId: eb4ec0f1d1c7267591d83fa87cb36390)
03-02 12:22:42.305 22070 22070 F DEBUG   :       #136 pc 0000000000671998  /apex/com.android.art/lib64/libart.so (void art::interpreter::ExecuteSwitchImplCpp<false>(art::interpreter::SwitchImplContext*)+1280) (BuildId: eb4ec0f1d1c7267591d83fa87cb36390)
03-02 12:22:42.305 22070 22070 F DEBUG   :       #137 pc 00000000002ff738  /apex/com.android.art/lib64/libart.so (ExecuteSwitchImplAsm+8) (BuildId: eb4ec0f1d1c7267591d83fa87cb36390)
03-02 12:22:42.305 22070 22070 F DEBUG   :       #138 pc 00000000001dfc08  /system/framework/framework.jar (offset 0x7000) (android.app.ActivityThread.main+0)
03-02 12:22:42.305 22070 22070 F DEBUG   :       #139 pc 0000000000300b2c  /apex/com.android.art/lib64/libart.so (art::interpreter::Execute(art::Thread*, art::CodeItemDataAccessor const&, art::ShadowFrame&, art::JValue, bool, bool) (.__uniq.112435418011751916792819755956732575238.llvm.4837409187647361565)+332) (BuildId: eb4ec0f1d1c7267591d83fa87cb36390)
03-02 12:22:42.305 22070 22070 F DEBUG   :       #140 pc 0000000000300360  /apex/com.android.art/lib64/libart.so (artQuickToInterpreterBridge+888) (BuildId: eb4ec0f1d1c7267591d83fa87cb36390)
03-02 12:22:42.305 22070 22070 F DEBUG   :       #141 pc 000000000032e638  /apex/com.android.art/lib64/libart.so (art_quick_to_interpreter_bridge+88) (BuildId: eb4ec0f1d1c7267591d83fa87cb36390)
03-02 12:22:42.305 22070 22070 F DEBUG   :       #142 pc 0000000000317460  /apex/com.android.art/lib64/libart.so (art_quick_invoke_static_stub+640) (BuildId: eb4ec0f1d1c7267591d83fa87cb36390)
03-02 12:22:42.305 22070 22070 F DEBUG   :       #143 pc 0000000000311508  /apex/com.android.art/lib64/libart.so (_jobject* art::InvokeMethod<(art::PointerSize)8>(art::ScopedObjectAccessAlreadyRunnable const&, _jobject*, _jobject*, _jobject*, unsigned long)+544) (BuildId: eb4ec0f1d1c7267591d83fa87cb36390)
03-02 12:22:42.305 22070 22070 F DEBUG   :       #144 pc 00000000005c82c8  /apex/com.android.art/lib64/libart.so (art::Method_invoke(_JNIEnv*, _jobject*, _jobject*, _jobjectArray*) (.__uniq.165753521025965369065708152063621506277)+32) (BuildId: eb4ec0f1d1c7267591d83fa87cb36390)
03-02 12:22:42.305 22070 22070 F DEBUG   :       #145 pc 000000000032e500  /apex/com.android.art/lib64/libart.so (art_quick_generic_jni_trampoline+144) (BuildId: eb4ec0f1d1c7267591d83fa87cb36390)
03-02 12:22:42.305 22070 22070 F DEBUG   :       #146 pc 0000000000317194  /apex/com.android.art/lib64/libart.so (art_quick_invoke_stub+612) (BuildId: eb4ec0f1d1c7267591d83fa87cb36390)
03-02 12:22:42.305 22070 22070 F DEBUG   :       #147 pc 000000000066a984  /apex/com.android.art/lib64/libart.so (bool art::interpreter::DoCall<false>(art::ArtMethod*, art::Thread*, art::ShadowFrame&, art::Instruction const*, unsigned short, bool, art::JValue*)+1580) (BuildId: eb4ec0f1d1c7267591d83fa87cb36390)
03-02 12:22:42.305 22070 22070 F DEBUG   :       #148 pc 00000000006717fc  /apex/com.android.art/lib64/libart.so (void art::interpreter::ExecuteSwitchImplCpp<false>(art::interpreter::SwitchImplContext*)+868) (BuildId: eb4ec0f1d1c7267591d83fa87cb36390)
03-02 12:22:42.305 22070 22070 F DEBUG   :       #149 pc 00000000002ff738  /apex/com.android.art/lib64/libart.so (ExecuteSwitchImplAsm+8) (BuildId: eb4ec0f1d1c7267591d83fa87cb36390)
03-02 12:22:42.305 22070 22070 F DEBUG   :       #150 pc 0000000000360a34  /system/framework/framework.jar (offset 0x2420000) (com.android.internal.os.RuntimeInit$MethodAndArgsCaller.run+0)
03-02 12:22:42.305 22070 22070 F DEBUG   :       #151 pc 0000000000300b2c  /apex/com.android.art/lib64/libart.so (art::interpreter::Execute(art::Thread*, art::CodeItemDataAccessor const&, art::ShadowFrame&, art::JValue, bool, bool) (.__uniq.112435418011751916792819755956732575238.llvm.4837409187647361565)+332) (BuildId: eb4ec0f1d1c7267591d83fa87cb36390)
03-02 12:22:42.305 22070 22070 F DEBUG   :       #152 pc 0000000000300360  /apex/com.android.art/lib64/libart.so (artQuickToInterpreterBridge+888) (BuildId: eb4ec0f1d1c7267591d83fa87cb36390)
03-02 12:22:42.305 22070 22070 F DEBUG   :       #153 pc 000000000032e638  /apex/com.android.art/lib64/libart.so (art_quick_to_interpreter_bridge+88) (BuildId: eb4ec0f1d1c7267591d83fa87cb36390)
03-02 12:22:42.305 22070 22070 F DEBUG   :       #154 pc 0000000000e7a704  /data/misc/apexdata/com.android.art/dalvik-cache/arm64/boot.oat (com.android.internal.os.ZygoteInit.main+3908)
03-02 12:22:42.305 22070 22070 F DEBUG   :       #155 pc 0000000000317460  /apex/com.android.art/lib64/libart.so (art_quick_invoke_static_stub+640) (BuildId: eb4ec0f1d1c7267591d83fa87cb36390)
03-02 12:22:42.305 22070 22070 F DEBUG   :       #156 pc 0000000000316100  /apex/com.android.art/lib64/libart.so (art::JValue art::InvokeWithVarArgs<_jmethodID*>(art::ScopedObjectAccessAlreadyRunnable const&, _jobject*, _jmethodID*, std::__va_list)+800) (BuildId: eb4ec0f1d1c7267591d83fa87cb36390)
03-02 12:22:42.305 22070 22070 F DEBUG   :       #157 pc 0000000000639868  /apex/com.android.art/lib64/libart.so (art::JNI<true>::CallStaticVoidMethodV(_JNIEnv*, _jclass*, _jmethodID*, std::__va_list)+156) (BuildId: eb4ec0f1d1c7267591d83fa87cb36390)
03-02 12:22:42.305 22070 22070 F DEBUG   :       #158 pc 000000000010b568  /system/lib64/libandroid_runtime.so (_JNIEnv::CallStaticVoidMethod(_jclass*, _jmethodID*, ...)+104) (BuildId: 959200b052439d1e59c3c245c98f9d96)
03-02 12:22:42.305 22070 22070 F DEBUG   :       #159 pc 00000000001390f4  /system/lib64/libandroid_runtime.so (android::AndroidRuntime::start(char const*, android::Vector<android::String8> const&, bool)+1204) (BuildId: 959200b052439d1e59c3c245c98f9d96)
03-02 12:22:42.305 22070 22070 F DEBUG   :       #160 pc 0000000000004698  /system/bin/app_process64 (main+1464) (BuildId: 8298230449e9ce4665160e74afe511e7)
03-02 12:22:42.305 22070 22070 F DEBUG   :       #161 pc 000000000006c1c8  /apex/com.android.runtime/lib64/bionic/libc.so (__libc_init+120) (BuildId: bb3194b7811ae2cf4021b5d37f3bd860)
03-02 12:22:42.379 22073 22073 F libc    : FORTIFY: vsnprintf: size 18446744073709551599 > SSIZE_MAX
03-02 16:07:13.402 25488 25488 E AndroidRuntime: FATAL EXCEPTION: main
03-02 16:07:13.402 25488 25488 E AndroidRuntime: Process: com.emberlock.app, PID: 25488
03-02 16:07:13.402 25488 25488 E AndroidRuntime: java.lang.NullPointerException: java.lang.NullPointerException
03-02 16:07:13.402 25488 25488 E AndroidRuntime: 	at com.facebook.react.devsupport.CxxInspectorPackagerConnection$WebSocketDelegate.didReceiveMessage(Native Method)
03-02 16:07:13.402 25488 25488 E AndroidRuntime: 	at com.facebook.react.devsupport.CxxInspectorPackagerConnection$DelegateImpl$connectWebSocket$webSocket$1.onMessage$lambda$1(CxxInspectorPackagerConnection.kt:111)
03-02 16:07:13.402 25488 25488 E AndroidRuntime: 	at com.facebook.react.devsupport.CxxInspectorPackagerConnection$DelegateImpl$connectWebSocket$webSocket$1.$r8$lambda$O31gJ9mPudNC5xHMm3nPJgxbPDI(Unknown Source:0)
03-02 16:07:13.402 25488 25488 E AndroidRuntime: 	at com.facebook.react.devsupport.CxxInspectorPackagerConnection$DelegateImpl$connectWebSocket$webSocket$1$$ExternalSyntheticLambda3.run(D8$$SyntheticClass:0)
03-02 16:07:13.402 25488 25488 E AndroidRuntime: 	at android.os.Handler.handleCallback(Handler.java:995)
03-02 16:07:13.402 25488 25488 E AndroidRuntime: 	at android.os.Handler.dispatchMessage(Handler.java:103)
03-02 16:07:13.402 25488 25488 E AndroidRuntime: 	at android.os.Looper.loopOnce(Looper.java:267)
03-02 16:07:13.402 25488 25488 E AndroidRuntime: 	at android.os.Looper.loop(Looper.java:360)
03-02 16:07:13.402 25488 25488 E AndroidRuntime: 	at android.app.ActivityThread.main(ActivityThread.java:10054)
03-02 16:07:13.402 25488 25488 E AndroidRuntime: 	at java.lang.reflect.Method.invoke(Native Method)
03-02 16:07:13.402 25488 25488 E AndroidRuntime: 	at com.android.internal.os.RuntimeInit$MethodAndArgsCaller.run(RuntimeInit.java:616)
03-02 16:07:13.402 25488 25488 E AndroidRuntime: 	at com.android.internal.os.ZygoteInit.main(ZygoteInit.java:1115)
--------- beginning of system
03-03 16:47:01.319  1859  3469 E TransitionChain: Can't collect into a chain with no transition
03-03 16:47:01.320  1859  3469 E TransitionChain: Can't collect into a chain with no transition
03-03 16:47:01.321  1859  3243 E PerfShielderService: onScenarioChanged end type: 296 time:3098988941, startTime : 3098988905
03-03 16:47:05.105  1859  3255 E DeviceGuardManagerService: bindLockRemoteService result = null
03-03 16:47:05.769  1859  2821 E TransitionChain: Mismatch between current collecting (TransitionRecord{c2e1723 id=22671 type=OPEN flags=0x0 c=[
03-03 16:47:05.769  1859  2821 E TransitionChain:    ChangeInfo{fe48295 container=Task{739377 #7836 type=standard A=10405:com.instagram.android} flags=0x0}
03-03 16:47:05.769  1859  2821 E TransitionChain:    ChangeInfo{8532faa container=ActivityRecord{46052384 u0 com.instagram.android/com.instagram.modal.TransparentModalActivity t7836} flags=0x0}
03-03 16:47:05.769  1859  2821 E TransitionChain:    ChangeInfo{b6d479b container=Display{#0 state=ON size=1220x2712 ROTATION_0} flags=0x0}
03-03 16:47:05.769  1859  2821 E TransitionChain:    ChangeInfo{63ae738 container=DefaultTaskDisplayArea@164064817 flags=0x0}
03-03 16:47:05.769  1859  2821 E TransitionChain: ]
03-03 16:47:05.769  1859  2821 E TransitionChain: }) and chain (TransitionRecord{c2e1723 id=22671 type=OPEN flags=0x0 c=[
03-03 16:47:05.769  1859  2821 E TransitionChain:    ChangeInfo{fe48295 container=Task{739377 #7836 type=standard A=10405:com.instagram.android} flags=0x0}
03-03 16:47:05.769  1859  2821 E TransitionChain:    ChangeInfo{8532faa container=ActivityRecord{46052384 u0 com.instagram.android/com.instagram.modal.TransparentModalActivity t7836} flags=0x0}
03-03 16:47:05.769  1859  2821 E TransitionChain:    ChangeInfo{b6d479b container=Display{#0 state=ON size=1220x2712 ROTATION_0} flags=0x0}
03-03 16:47:05.769  1859  2821 E TransitionChain:    ChangeInfo{63ae738 container=DefaultTaskDisplayArea@164064817 flags=0x0}
03-03 16:47:05.769  1859  2821 E TransitionChain: ]
03-03 16:47:05.769  1859  2821 E TransitionChain: })
03-03 16:47:05.794  1859  3875 E TransitionChain: Mismatch between current collecting (TransitionRecord{c2e1723 id=22671 type=OPEN flags=0x0 overrideAnimOptions={t=CUSTOM enterResId=2130772036 changeResId=0 exitResId=2130772087 mUserId=0} c=[
03-03 16:47:05.794  1859  3875 E TransitionChain:    ChangeInfo{fe48295 container=Task{739377 #7836 type=standard A=10405:com.instagram.android} flags=0x0}
03-03 16:47:05.794  1859  3875 E TransitionChain:    ChangeInfo{8532faa container=ActivityRecord{46052384 u0 com.instagram.android/com.instagram.modal.TransparentModalActivity t7836} flags=0x0}
03-03 16:47:05.794  1859  3875 E TransitionChain:    ChangeInfo{b6d479b container=Display{#0 state=ON size=1220x2712 ROTATION_0} flags=0x0}
03-03 16:47:05.794  1859  3875 E TransitionChain:    ChangeInfo{63ae738 container=DefaultTaskDisplayArea@164064817 flags=0x0}
03-03 16:47:05.794  1859  3875 E TransitionChain: ]
03-03 16:47:05.794  1859  3875 E TransitionChain: }) and chain (TransitionRecord{c2e1723 id=22671 type=OPEN flags=0x0 overrideAnimOptions={t=CUSTOM enterResId=2130772036 changeResId=0 exitResId=2130772087 mUserId=0} c=[
03-03 16:47:05.794  1859  3875 E TransitionChain:    ChangeInfo{fe48295 container=Task{739377 #7836 type=standard A=10405:com.instagram.android} flags=0x0}
03-03 16:47:05.794  1859  3875 E TransitionChain:    ChangeInfo{8532faa container=ActivityRecord{46052384 u0 com.instagram.android/com.instagram.modal.TransparentModalActivity t7836} flags=0x0}
03-03 16:47:05.794  1859  3875 E TransitionChain:    ChangeInfo{b6d479b container=Display{#0 state=ON size=1220x2712 ROTATION_0} flags=0x0}
03-03 16:47:05.794  1859  3875 E TransitionChain:    ChangeInfo{63ae738 container=DefaultTaskDisplayArea@164064817 flags=0x0}
03-03 16:47:05.794  1859  3875 E TransitionChain: ]
03-03 16:47:05.794  1859  3875 E TransitionChain: })
03-03 16:47:05.882  7530  7530 E TurboSchedMonitor: failed to find setSchedAffinity method com.instagram.android
03-03 16:47:05.884  7530  7530 E TurboSchedMonitor: failed to find setSchedAffinity method com.instagram.android
03-03 16:47:05.923  1859  3813 E TransitionChain: Can't collect into a chain with no transition
03-03 16:47:06.182  1859  2083 E BatteryStatsService: note track volume change AudioToPower BatteryStatsservices 10405 7530 201265 1.0 1.0
03-03 16:47:06.204  1859  3500 E AppOps  : attributionTag  not declared in manifest of com.instagram.android
03-03 16:47:06.206  1859  2083 E BatteryStatsService: note StartAudioToPower BatteryStatsservices10405 7530 201265 24717 2
03-03 16:47:06.209  1859  4409 E AppOps  : attributionTag  not declared in manifest of com.instagram.android
03-03 16:47:06.213  1859  2083 E BatteryStatsService: note device change AudioToPower BatteryStatsservices 10405 7530 201265 2
03-03 16:47:06.298  1859  2083 E BatteryStatsService: note final volume change AudioToPower BatteryStatsservices 10405 7530 201265 0.28183907
03-03 16:47:06.319  3661 14110 E ActivityThread: Failed to find provider info for com.miui.personalassistant.servicedeliver.system.provider
03-03 16:47:08.384  1859  2843 E JobScheduler.Background: Couldn't determine stopped state for unknown package: com.google.android.apps.turbo
03-03 16:47:08.384  1859  2843 E JobScheduler.Background: Couldn't determine stopped state for unknown package: com.google.android.apps.turbo
03-03 16:47:08.384  1859  2843 E JobScheduler.Background: Couldn't determine stopped state for unknown package: com.google.android.apps.turbo
03-03 16:47:08.384  1859  2843 E JobScheduler.Background: Couldn't determine stopped state for unknown package: com.google.android.apps.turbo
03-03 16:47:08.385  1859  2843 E JobScheduler.Background: Couldn't determine stopped state for unknown package: com.google.android.apps.turbo
03-03 16:47:08.723  1859  2083 E BatteryStatsService: note final volume change AudioToPower BatteryStatsservices 10405 7530 201265 0.22387284
03-03 16:47:08.979  1859  2083 E BatteryStatsService: note final volume change AudioToPower BatteryStatsservices 10405 7530 201265 0.15848996
03-03 16:47:09.236  1859  2083 E BatteryStatsService: note final volume change AudioToPower BatteryStatsservices 10405 7530 201265 0.112202376
03-03 16:47:10.003  1859  2083 E BatteryStatsService: note final volume change AudioToPower BatteryStatsservices 10405 7530 201265 0.070794985
03-03 16:47:10.112  1859  3255 E DeviceGuardManagerService: bindLockRemoteService result = null
03-03 16:47:12.136  1859  2083 E BatteryStatsService: note final volume change AudioToPower BatteryStatsservices 10405 7530 201265 0.044668663
03-03 16:47:14.566  1859  2843 E JobScheduler.Background: Couldn't determine stopped state for unknown package: com.google.android.apps.turbo
03-03 16:47:14.566  1859  2843 E JobScheduler.Background: Couldn't determine stopped state for unknown package: com.google.android.apps.turbo
03-03 16:47:14.568  1859  2843 E JobScheduler.Background: Couldn't determine stopped state for unknown package: com.google.android.apps.turbo
03-03 16:47:14.568  1859  2843 E JobScheduler.Background: Couldn't determine stopped state for unknown package: com.google.android.apps.turbo
03-03 16:47:14.568  1859  2843 E JobScheduler.Background: Couldn't determine stopped state for unknown package: com.google.android.apps.turbo
03-03 16:47:14.569  1859  1878 E IMiCharge: MiCharge method 9 val = 300
03-03 16:47:14.572  1859  1878 E IMiCharge: MiCharge method 10 val = 1
03-03 16:47:15.116  1859  3255 E DeviceGuardManagerService: bindLockRemoteService result = null
03-03 16:47:20.121  1859  3255 E DeviceGuardManagerService: bindLockRemoteService result = null
03-03 16:47:22.170  1859  2821 E VibratorManagerServiceImpl: vibrationThreadSetParameters
03-03 16:47:22.188  1859  3523 E AppOps  : attributionTag  not declared in manifest of com.instagram.android
03-03 16:47:22.188  1859  2821 E AppOps  : attributionTag  not declared in manifest of com.instagram.android
03-03 16:47:22.203  1859  2821 E TransitionChain: Can't collect into a chain with no transition
03-03 16:47:22.205  1859  2083 E BatteryStatsService: note final volume change AudioToPower BatteryStatsservices 10405 7530 201265 0.0
03-03 16:47:22.464  1859  2083 E BatteryStatsService: note StopAudioToPower BatteryStatsservices10405 7530 201265 24717 2
03-03 16:47:22.620  1859  5972 E TransitionChain: Can't collect into a chain with no transition
03-03 16:47:23.912  1859  5972 E VibratorManagerServiceImpl: vibrationThreadSetParameters
03-03 16:47:23.929  1859  3813 E TransitionChain: Mismatch between current collecting (TransitionRecord{c154474 id=22673 type=CLOSE flags=0x0 overrideAnimOptions={t=CUSTOM enterResId=2130772062 changeResId=0 exitResId=2130772063 mUserId=0} c=[
03-03 16:47:23.929  1859  3813 E TransitionChain:    ChangeInfo{5a1ad9d container=Task{739377 #7836 type=standard A=10405:com.instagram.android} flags=0x0}
03-03 16:47:23.929  1859  3813 E TransitionChain:    ChangeInfo{d2af212 container=Display{#0 state=ON size=1220x2712 ROTATION_0} flags=0x0}
03-03 16:47:23.929  1859  3813 E TransitionChain:    ChangeInfo{cf6bde3 container=ActivityRecord{136544114 u0 com.instagram.android/com.instagram.modal.ModalActivity t7836 f}} flags=0x0}
03-03 16:47:23.929  1859  3813 E TransitionChain:    ChangeInfo{37c33e0 container=DefaultTaskDisplayArea@164064817 flags=0x0}
03-03 16:47:23.929  1859  3813 E TransitionChain:    ChangeInfo{cc21d5e container=ActivityRecord{221371409 u0 com.instagram.android/.activity.MainTabActivity t7836} flags=0x0}
03-03 16:47:23.929  1859  3813 E TransitionChain: ]
03-03 16:47:23.929  1859  3813 E TransitionChain: }) and chain (TransitionRecord{c154474 id=22673 type=CLOSE flags=0x0 overrideAnimOptions={t=CUSTOM enterResId=2130772062 changeResId=0 exitResId=2130772063 mUserId=0} c=[
03-03 16:47:23.929  1859  3813 E TransitionChain:    ChangeInfo{5a1ad9d container=Task{739377 #7836 type=standard A=10405:com.instagram.android} flags=0x0}
03-03 16:47:23.929  1859  3813 E TransitionChain:    ChangeInfo{d2af212 container=Display{#0 state=ON size=1220x2712 ROTATION_0} flags=0x0}
03-03 16:47:23.929  1859  3813 E TransitionChain:    ChangeInfo{cf6bde3 container=ActivityRecord{136544114 u0 com.instagram.android/com.instagram.modal.ModalActivity t7836 f}} flags=0x0}
03-03 16:47:23.929  1859  3813 E TransitionChain:    ChangeInfo{37c33e0 container=DefaultTaskDisplayArea@164064817 flags=0x0}
03-03 16:47:23.929  1859  3813 E TransitionChain:    ChangeInfo{cc21d5e container=ActivityRecord{221371409 u0 com.instagram.android/.activity.MainTabActivity t7836} flags=0x0}
03-03 16:47:23.929  1859  3813 E TransitionChain: ]
03-03 16:47:23.929  1859  3813 E TransitionChain: })
03-03 16:47:24.565  1859  2843 E JobScheduler.Background: Couldn't determine stopped state for unknown package: com.google.android.apps.turbo
03-03 16:47:24.565  1859  2843 E JobScheduler.Background: Couldn't determine stopped state for unknown package: com.google.android.apps.turbo
03-03 16:47:24.565  1859  2843 E JobScheduler.Background: Couldn't determine stopped state for unknown package: com.google.android.apps.turbo
03-03 16:47:24.565  1859  2843 E JobScheduler.Background: Couldn't determine stopped state for unknown package: com.google.android.apps.turbo
03-03 16:47:24.565  1859  2843 E JobScheduler.Background: Couldn't determine stopped state for unknown package: com.google.android.apps.turbo
03-03 16:47:25.124  1859  3255 E DeviceGuardManagerService: bindLockRemoteService result = null
03-03 16:47:26.760  1859  3813 E VibratorManagerServiceImpl: vibrationThreadSetParameters
03-03 16:47:26.859  1859  2083 E BatteryStatsService: note track volume change AudioToPower BatteryStatsservices 10405 7530 201273 1.0 1.0
03-03 16:47:26.894  1859  2822 E AppOps  : attributionTag  not declared in manifest of com.instagram.android
03-03 16:47:26.894  1859  4409 E AppOps  : attributionTag  not declared in manifest of com.instagram.android
03-03 16:47:26.895  1859  2083 E BatteryStatsService: note StartAudioToPower BatteryStatsservices10405 7530 201273 24718 2
03-03 16:47:26.902  1859  2083 E BatteryStatsService: note device change AudioToPower BatteryStatsservices 10405 7530 201273 2
03-03 16:47:26.988  1859  2083 E BatteryStatsService: note final volume change AudioToPower BatteryStatsservices 10405 7530 201273 0.044668663
03-03 16:47:30.128  1859  3255 E DeviceGuardManagerService: bindLockRemoteService result = null
03-03 16:47:35.132  1859  3255 E DeviceGuardManagerService: bindLockRemoteService result = null
03-03 16:47:36.072  1859  2083 E BatteryStatsService: note track volume change AudioToPower BatteryStatsservices 10405 7530 201281 0.0 0.0
03-03 16:47:39.843  1859  2843 E JobScheduler.Background: Couldn't determine stopped state for unknown package: com.google.android.apps.turbo
03-03 16:47:39.843  1859  2843 E JobScheduler.Background: Couldn't determine stopped state for unknown package: com.google.android.apps.turbo
03-03 16:47:39.843  1859  2843 E JobScheduler.Background: Couldn't determine stopped state for unknown package: com.google.android.apps.turbo
03-03 16:47:39.843  1859  2843 E JobScheduler.Background: Couldn't determine stopped state for unknown package: com.google.android.apps.turbo
03-03 16:47:39.843  1859  2843 E JobScheduler.Background: Couldn't determine stopped state for unknown package: com.google.android.apps.turbo
03-03 16:47:40.138  1859  3255 E DeviceGuardManagerService: bindLockRemoteService result = null
03-03 16:47:44.575  1859  2843 E JobScheduler.Background: Couldn't determine stopped state for unknown package: com.google.android.apps.turbo
03-03 16:47:44.575  1859  2843 E JobScheduler.Background: Couldn't determine stopped state for unknown package: com.google.android.apps.turbo
03-03 16:47:44.575  1859  2843 E JobScheduler.Background: Couldn't determine stopped state for unknown package: com.google.android.apps.turbo
03-03 16:47:44.575  1859  2843 E JobScheduler.Background: Couldn't determine stopped state for unknown package: com.google.android.apps.turbo
03-03 16:47:44.575  1859  2843 E JobScheduler.Background: Couldn't determine stopped state for unknown package: com.google.android.apps.turbo
03-03 16:47:44.585  1859  1878 E IMiCharge: MiCharge method 9 val = 301
03-03 16:47:44.587  1859  1878 E IMiCharge: MiCharge method 10 val = 1
03-03 16:47:45.140  1859  3255 E DeviceGuardManagerService: bindLockRemoteService result = null
03-03 16:47:50.144  1859  3255 E DeviceGuardManagerService: bindLockRemoteService result = null
03-03 16:47:54.578  1859  2843 E JobScheduler.Background: Couldn't determine stopped state for unknown package: com.google.android.apps.turbo
03-03 16:47:54.578  1859  2843 E JobScheduler.Background: Couldn't determine stopped state for unknown package: com.google.android.apps.turbo
03-03 16:47:54.578  1859  2843 E JobScheduler.Background: Couldn't determine stopped state for unknown package: com.google.android.apps.turbo
03-03 16:47:54.578  1859  2843 E JobScheduler.Background: Couldn't determine stopped state for unknown package: com.google.android.apps.turbo
03-03 16:47:54.579  1859  2843 E JobScheduler.Background: Couldn't determine stopped state for unknown package: com.google.android.apps.turbo
03-03 16:47:55.149  1859  3255 E DeviceGuardManagerService: bindLockRemoteService result = null
03-03 16:48:00.152  1859  3255 E DeviceGuardManagerService: bindLockRemoteService result = null
03-03 16:48:05.158  1859  3255 E DeviceGuardManagerService: bindLockRemoteService result = null
03-03 16:48:10.160  1859  3255 E DeviceGuardManagerService: bindLockRemoteService result = null
03-03 16:48:14.592  1859  2843 E JobScheduler.Background: Couldn't determine stopped state for unknown package: com.google.android.apps.turbo
03-03 16:48:14.592  1859  2843 E JobScheduler.Background: Couldn't determine stopped state for unknown package: com.google.android.apps.turbo
03-03 16:48:14.592  1859  2843 E JobScheduler.Background: Couldn't determine stopped state for unknown package: com.google.android.apps.turbo
03-03 16:48:14.592  1859  2843 E JobScheduler.Background: Couldn't determine stopped state for unknown package: com.google.android.apps.turbo
03-03 16:48:14.592  1859  2843 E JobScheduler.Background: Couldn't determine stopped state for unknown package: com.google.android.apps.turbo
03-03 16:48:14.593  1859  1878 E IMiCharge: MiCharge method 9 val = 301
03-03 16:48:14.597  1859  1878 E IMiCharge: MiCharge method 10 val = 1
03-03 16:48:15.164  1859  3255 E DeviceGuardManagerService: bindLockRemoteService result = null
03-03 16:48:20.168  1859  3255 E DeviceGuardManagerService: bindLockRemoteService result = null
03-03 16:48:25.172  1859  3255 E DeviceGuardManagerService: bindLockRemoteService result = null
03-03 16:48:30.176  1859  3255 E DeviceGuardManagerService: bindLockRemoteService result = null
03-03 16:48:35.181  1859  3255 E DeviceGuardManagerService: bindLockRemoteService result = null
03-03 16:48:36.792  1859  3876 E AppOps  : attributionTag  not declared in manifest of com.instagram.android
03-03 16:48:36.793  1859  3876 E AppOps  : attributionTag  not declared in manifest of com.instagram.android
03-03 16:48:36.826  1859  2083 E BatteryStatsService: note final volume change AudioToPower BatteryStatsservices 10405 7530 201273 0.0
03-03 16:48:36.884  1859  2843 E JobScheduler.Background: Couldn't determine stopped state for unknown package: com.google.android.apps.turbo
03-03 16:48:36.884  1859  2843 E JobScheduler.Background: Couldn't determine stopped state for unknown package: com.google.android.apps.turbo
03-03 16:48:36.884  1859  2843 E JobScheduler.Background: Couldn't determine stopped state for unknown package: com.google.android.apps.turbo
03-03 16:48:36.884  1859  2843 E JobScheduler.Background: Couldn't determine stopped state for unknown package: com.google.android.apps.turbo
03-03 16:48:36.884  1859  2843 E JobScheduler.Background: Couldn't determine stopped state for unknown package: com.google.android.apps.turbo
03-03 16:48:37.085  1859  2083 E BatteryStatsService: note StopAudioToPower BatteryStatsservices10405 7530 201273 24718 2
03-03 16:48:40.186  1859  3255 E DeviceGuardManagerService: bindLockRemoteService result = null
03-03 16:48:44.609  1859  2843 E JobScheduler.Background: Couldn't determine stopped state for unknown package: com.google.android.apps.turbo
03-03 16:48:44.609  1859  2843 E JobScheduler.Background: Couldn't determine stopped state for unknown package: com.google.android.apps.turbo
03-03 16:48:44.609  1859  2843 E JobScheduler.Background: Couldn't determine stopped state for unknown package: com.google.android.apps.turbo
03-03 16:48:44.610  1859  2843 E JobScheduler.Background: Couldn't determine stopped state for unknown package: com.google.android.apps.turbo
03-03 16:48:44.610  1859  2843 E JobScheduler.Background: Couldn't determine stopped state for unknown package: com.google.android.apps.turbo
03-03 16:48:44.617  1859  1878 E IMiCharge: MiCharge method 9 val = 301
03-03 16:48:44.619  1859  1878 E IMiCharge: MiCharge method 10 val = 1
03-03 16:48:45.192  1859  3255 E DeviceGuardManagerService: bindLockRemoteService result = null
03-03 16:48:47.062  7530  7530 E TurboSchedMonitor: failed to find setSchedAffinity method com.instagram.android
03-03 16:48:47.065  7530  7530 E TurboSchedMonitor: failed to find setSchedAffinity method com.instagram.android
03-03 16:48:47.262  1859  2083 E BatteryStatsService: note track volume change AudioToPower BatteryStatsservices 10405 7530 201289 0.0 0.0
03-03 16:48:47.330  1859  2083 E BatteryStatsService: note track volume change AudioToPower BatteryStatsservices 10405 7530 201297 0.001 0.001
03-03 16:48:50.196  1859  3255 E DeviceGuardManagerService: bindLockRemoteService result = null
03-03 16:48:52.283  1859  2083 E BatteryStatsService: note track volume change AudioToPower BatteryStatsservices 10405 7530 201297 1.0 1.0
03-03 16:48:52.332  1859  4409 E AppOps  : attributionTag  not declared in manifest of com.instagram.android
03-03 16:48:52.333  1859  2083 E BatteryStatsService: note StartAudioToPower BatteryStatsservices10405 7530 201297 24721 2
03-03 16:48:52.333  1859  2083 E BatteryStatsService: note final volume change AudioToPower BatteryStatsservices 10405 7530 201297 0.044668663
03-03 16:48:52.334  1859  2822 E AppOps  : attributionTag  not declared in manifest of com.instagram.android
03-03 16:48:52.341  1859  2083 E BatteryStatsService: note device change AudioToPower BatteryStatsservices 10405 7530 201297 2
03-03 16:48:52.401  1859  2083 E BatteryStatsService: note track volume change AudioToPower BatteryStatsservices 10405 7530 201305 0.001 0.001
03-03 16:48:53.221  1859  4409 E AppOps  : attributionTag  not declared in manifest of com.instagram.android
03-03 16:48:53.224  1859  5972 E AppOps  : attributionTag  not declared in manifest of com.instagram.android
03-03 16:48:53.238  1859  2083 E BatteryStatsService: note final volume change AudioToPower BatteryStatsservices 10405 7530 201297 0.0
03-03 16:48:53.259  1859  3876 E AppOps  : attributionTag  not declared in manifest of com.instagram.android
03-03 16:48:53.262  1859  6896 E AppOps  : attributionTag  not declared in manifest of com.instagram.android
03-03 16:48:53.291  1859  3876 E AppOps  : attributionTag  not declared in manifest of com.instagram.android
03-03 16:48:53.293  1859  3876 E AppOps  : attributionTag  not declared in manifest of com.instagram.android
03-03 16:48:53.511  7530  7530 E TurboSchedMonitor: failed to find setSchedAffinity method com.instagram.android
03-03 16:48:53.511  7530  7530 E TurboSchedMonitor: failed to find setSchedAffinity method com.instagram.android
03-03 16:48:53.578  1859  2083 E BatteryStatsService: note StopAudioToPower BatteryStatsservices10405 7530 201297 24721 2
03-03 16:48:53.584  1859  2083 E BatteryStatsService: note track volume change AudioToPower BatteryStatsservices 10405 7530 201313 0.001 0.001
03-03 16:48:54.614  1859  2843 E JobScheduler.Background: Couldn't determine stopped state for unknown package: com.google.android.apps.turbo
03-03 16:48:54.614  1859  2843 E JobScheduler.Background: Couldn't determine stopped state for unknown package: com.google.android.apps.turbo
03-03 16:48:54.615  1859  2843 E JobScheduler.Background: Couldn't determine stopped state for unknown package: com.google.android.apps.turbo
03-03 16:48:54.615  1859  2843 E JobScheduler.Background: Couldn't determine stopped state for unknown package: com.google.android.apps.turbo
03-03 16:48:54.615  1859  2843 E JobScheduler.Background: Couldn't determine stopped state for unknown package: com.google.android.apps.turbo
03-03 16:48:55.201  1859  3255 E DeviceGuardManagerService: bindLockRemoteService result = null
03-03 16:48:55.374  1859  2083 E BatteryStatsService: note track volume change AudioToPower BatteryStatsservices 10405 7530 201313 1.0 1.0
03-03 16:48:55.547  1859  2822 E AppOps  : attributionTag  not declared in manifest of com.instagram.android
03-03 16:48:55.548  1859  5972 E AppOps  : attributionTag  not declared in manifest of com.instagram.android
03-03 16:48:55.553  1859  2083 E BatteryStatsService: note StartAudioToPower BatteryStatsservices10405 7530 201313 24723 2
03-03 16:48:55.553  1859  2083 E BatteryStatsService: note final volume change AudioToPower BatteryStatsservices 10405 7530 201313 0.044668663
03-03 16:48:55.573  1859  2083 E BatteryStatsService: note track volume change AudioToPower BatteryStatsservices 10405 7530 201321 0.0 0.0
03-03 16:48:55.584  1859  2083 E BatteryStatsService: note device change AudioToPower BatteryStatsservices 10405 7530 201313 2
03-03 16:48:55.887  1859  5972 E AppOps  : attributionTag  not declared in manifest of com.instagram.android
03-03 16:48:55.888  1859  3876 E AppOps  : attributionTag  not declared in manifest of com.instagram.android
03-03 16:48:55.917  1859  2083 E BatteryStatsService: note final volume change AudioToPower BatteryStatsservices 10405 7530 201313 0.0
03-03 16:48:55.962  1859  2083 E BatteryStatsService: note track volume change AudioToPower BatteryStatsservices 10405 7530 201305 1.0 1.0
03-03 16:48:55.997  1859  6896 E AppOps  : attributionTag  not declared in manifest of com.instagram.android
03-03 16:48:55.998  1859  2083 E BatteryStatsService: note StartAudioToPower BatteryStatsservices10405 7530 201305 24722 2
03-03 16:48:55.998  1859  5972 E AppOps  : attributionTag  not declared in manifest of com.instagram.android
03-03 16:48:56.040  1859  2083 E BatteryStatsService: note final volume change AudioToPower BatteryStatsservices 10405 7530 201305 0.044668663
03-03 16:48:56.042  1859  2083 E BatteryStatsService: note device change AudioToPower BatteryStatsservices 10405 7530 201305 2
03-03 16:48:56.116  1859  2083 E BatteryStatsService: note track volume change AudioToPower BatteryStatsservices 10405 7530 201329 0.001 0.001
03-03 16:48:56.170  1859  2083 E BatteryStatsService: note StopAudioToPower BatteryStatsservices10405 7530 201313 24723 2
03-03 16:48:56.692  1859  5972 E AppOps  : attributionTag  not declared in manifest of com.instagram.android
03-03 16:48:56.693  1859  6896 E AppOps  : attributionTag  not declared in manifest of com.instagram.android
03-03 16:48:56.725  1859  2083 E BatteryStatsService: note final volume change AudioToPower BatteryStatsservices 10405 7530 201305 0.0
03-03 16:48:56.792  1859  2083 E BatteryStatsService: note track volume change AudioToPower BatteryStatsservices 10405 7530 201329 1.0 1.0
03-03 16:48:56.854  1859  3469 E AppOps  : attributionTag  not declared in manifest of com.instagram.android
03-03 16:48:56.854  1859  2083 E BatteryStatsService: note StartAudioToPower BatteryStatsservices10405 7530 201329 24725 2
03-03 16:48:56.857  1859  3876 E AppOps  : attributionTag  not declared in manifest of com.instagram.android
03-03 16:48:56.893  1859  2083 E BatteryStatsService: note final volume change AudioToPower BatteryStatsservices 10405 7530 201329 0.044668663
03-03 16:48:56.894  1859  2083 E BatteryStatsService: note device change AudioToPower BatteryStatsservices 10405 7530 201329 2
03-03 16:48:56.961  1859  2083 E BatteryStatsService: note track volume change AudioToPower BatteryStatsservices 10405 7530 201337 0.001 0.001
03-03 16:48:56.978  1859  2083 E BatteryStatsService: note StopAudioToPower BatteryStatsservices10405 7530 201305 24722 2
03-03 16:48:57.076  1859  3469 E AppOps  : attributionTag  not declared in manifest of com.instagram.android
03-03 16:48:57.078  1859  3469 E AppOps  : attributionTag  not declared in manifest of com.instagram.android
03-03 16:48:57.106  1859  2083 E BatteryStatsService: note final volume change AudioToPower BatteryStatsservices 10405 7530 201329 0.0
03-03 16:48:57.154  1859  2083 E BatteryStatsService: note track volume change AudioToPower BatteryStatsservices 10405 7530 201337 1.0 1.0
03-03 16:48:57.197  1859  3469 E AppOps  : attributionTag  not declared in manifest of com.instagram.android
03-03 16:48:57.198  1859  2822 E AppOps  : attributionTag  not declared in manifest of com.instagram.android
03-03 16:48:57.198  1859  2083 E BatteryStatsService: note StartAudioToPower BatteryStatsservices10405 7530 201337 24726 2
03-03 16:48:57.234  1859  2083 E BatteryStatsService: note final volume change AudioToPower BatteryStatsservices 10405 7530 201337 0.044668663
03-03 16:48:57.240  1859  2083 E BatteryStatsService: note device change AudioToPower BatteryStatsservices 10405 7530 201337 2
03-03 16:48:57.365  1859  2083 E BatteryStatsService: note StopAudioToPower BatteryStatsservices10405 7530 201329 24725 2
03-03 16:48:57.423  1859  3469 E AppOps  : attributionTag  not declared in manifest of com.instagram.android
03-03 16:48:57.425  1859  5972 E AppOps  : attributionTag  not declared in manifest of com.instagram.android
03-03 16:48:57.450  1859  2083 E BatteryStatsService: note final volume change AudioToPower BatteryStatsservices 10405 7530 201337 0.0
03-03 16:48:57.640  1859  2083 E BatteryStatsService: note track volume change AudioToPower BatteryStatsservices 10405 7530 201321 1.0 1.0
03-03 16:48:57.663  1859  2083 E BatteryStatsService: note StartAudioToPower BatteryStatsservices10405 7530 201321 24724 2
03-03 16:48:57.664  1859  4409 E AppOps  : attributionTag  not declared in manifest of com.instagram.android
03-03 16:48:57.664  1859  4409 E AppOps  : attributionTag  not declared in manifest of com.instagram.android
03-03 16:48:57.707  1859  2083 E BatteryStatsService: note final volume change AudioToPower BatteryStatsservices 10405 7530 201321 0.044668663
03-03 16:48:57.707  1859  2083 E BatteryStatsService: note StopAudioToPower BatteryStatsservices10405 7530 201337 24726 2
03-03 16:48:57.707  1859  2083 E BatteryStatsService: note device change AudioToPower BatteryStatsservices 10405 7530 201321 2
03-03 16:48:57.774  1859  2083 E BatteryStatsService: note track volume change AudioToPower BatteryStatsservices 10405 7530 201345 0.001 0.001
03-03 16:48:59.559  1859  4409 E AppOps  : attributionTag  not declared in manifest of com.instagram.android
03-03 16:48:59.563  1859  4409 E AppOps  : attributionTag  not declared in manifest of com.instagram.android
03-03 16:48:59.582  1859  2083 E BatteryStatsService: note final volume change AudioToPower BatteryStatsservices 10405 7530 201321 0.0
03-03 16:48:59.837  1859  2083 E BatteryStatsService: note StopAudioToPower BatteryStatsservices10405 7530 201321 24724 2
03-03 16:49:00.205  1859  3255 E DeviceGuardManagerService: bindLockRemoteService result = null
03-03 16:49:05.209  1859  3255 E DeviceGuardManagerService: bindLockRemoteService result = null
03-03 16:49:10.215  1859  3255 E DeviceGuardManagerService: bindLockRemoteService result = null
03-03 16:49:14.627  1859  2843 E JobScheduler.Background: Couldn't determine stopped state for unknown package: com.google.android.apps.turbo
03-03 16:49:14.628  1859  2843 E JobScheduler.Background: Couldn't determine stopped state for unknown package: com.google.android.apps.turbo
03-03 16:49:14.628  1859  2843 E JobScheduler.Background: Couldn't determine stopped state for unknown package: com.google.android.apps.turbo
03-03 16:49:14.629  1859  2843 E JobScheduler.Background: Couldn't determine stopped state for unknown package: com.google.android.apps.turbo
03-03 16:49:14.629  1859  2843 E JobScheduler.Background: Couldn't determine stopped state for unknown package: com.google.android.apps.turbo
03-03 16:49:14.632  1859  1878 E IMiCharge: MiCharge method 9 val = 301
03-03 16:49:14.635  1859  1878 E IMiCharge: MiCharge method 10 val = 1
03-03 16:49:15.220  1859  3255 E DeviceGuardManagerService: bindLockRemoteService result = null
03-03 16:49:20.226  1859  3255 E DeviceGuardManagerService: bindLockRemoteService result = null
03-03 16:49:21.266  1859  3876 E AppOps  : attributionTag  not declared in manifest of com.instagram.android
03-03 16:49:21.272  1859  2083 E BatteryStatsService: note StartAudioToPower BatteryStatsservices10405 7530 201321 24724 2
03-03 16:49:21.273  1859  3876 E AppOps  : attributionTag  not declared in manifest of com.instagram.android
03-03 16:49:21.274  1859  2083 E BatteryStatsService: note final volume change AudioToPower BatteryStatsservices 10405 7530 201321 0.044668663
03-03 16:49:21.296  1859  2083 E BatteryStatsService: note device change AudioToPower BatteryStatsservices 10405 7530 201321 2
03-03 16:49:24.634  1859  2843 E JobScheduler.Background: Couldn't determine stopped state for unknown package: com.google.android.apps.turbo
03-03 16:49:24.634  1859  2843 E JobScheduler.Background: Couldn't determine stopped state for unknown package: com.google.android.apps.turbo
03-03 16:49:24.634  1859  2843 E JobScheduler.Background: Couldn't determine stopped state for unknown package: com.google.android.apps.turbo
03-03 16:49:24.634  1859  2843 E JobScheduler.Background: Couldn't determine stopped state for unknown package: com.google.android.apps.turbo
03-03 16:49:24.634  1859  2843 E JobScheduler.Background: Couldn't determine stopped state for unknown package: com.google.android.apps.turbo
03-03 16:49:25.232  1859  3255 E DeviceGuardManagerService: bindLockRemoteService result = null
03-03 16:49:29.046  1859  2843 E JobScheduler.Background: Couldn't determine stopped state for unknown package: com.google.android.apps.turbo
03-03 16:49:29.046  1859  2843 E JobScheduler.Background: Couldn't determine stopped state for unknown package: com.google.android.apps.turbo
03-03 16:49:29.046  1859  2843 E JobScheduler.Background: Couldn't determine stopped state for unknown package: com.google.android.apps.turbo
03-03 16:49:29.046  1859  2843 E JobScheduler.Background: Couldn't determine stopped state for unknown package: com.google.android.apps.turbo
03-03 16:49:29.046  1859  2843 E JobScheduler.Background: Couldn't determine stopped state for unknown package: com.google.android.apps.turbo
03-03 16:49:30.236  1859  3255 E DeviceGuardManagerService: bindLockRemoteService result = null
03-03 16:49:35.240  1859  3255 E DeviceGuardManagerService: bindLockRemoteService result = null
03-03 16:49:38.340  1859  3652 E AppOps  : attributionTag  not declared in manifest of com.instagram.android
03-03 16:49:38.341  1859  4409 E AppOps  : attributionTag  not declared in manifest of com.instagram.android
03-03 16:49:38.363  1859  2083 E BatteryStatsService: note final volume change AudioToPower BatteryStatsservices 10405 7530 201321 0.0
03-03 16:49:38.484  1859  2083 E BatteryStatsService: note track volume change AudioToPower BatteryStatsservices 10405 7530 201345 1.0 1.0
03-03 16:49:38.539  1859  3876 E AppOps  : attributionTag  not declared in manifest of com.instagram.android
03-03 16:49:38.541  1859  2083 E BatteryStatsService: note StartAudioToPower BatteryStatsservices10405 7530 201345 24727 2
03-03 16:49:38.542  1859  3652 E AppOps  : attributionTag  not declared in manifest of com.instagram.android
03-03 16:49:38.582  1859  2083 E BatteryStatsService: note final volume change AudioToPower BatteryStatsservices 10405 7530 201345 0.044668663
03-03 16:49:38.584  1859  2083 E BatteryStatsService: note device change AudioToPower BatteryStatsservices 10405 7530 201345 2
03-03 16:49:38.623  1859  2083 E BatteryStatsService: note StopAudioToPower BatteryStatsservices10405 7530 201321 24724 2
03-03 16:49:39.050  1859  2843 E JobScheduler.Background: Couldn't determine stopped state for unknown package: com.google.android.apps.turbo
03-03 16:49:39.050  1859  2843 E JobScheduler.Background: Couldn't determine stopped state for unknown package: com.google.android.apps.turbo
03-03 16:49:39.050  1859  2843 E JobScheduler.Background: Couldn't determine stopped state for unknown package: com.google.android.apps.turbo
03-03 16:49:39.050  1859  2843 E JobScheduler.Background: Couldn't determine stopped state for unknown package: com.google.android.apps.turbo
03-03 16:49:39.050  1859  2843 E JobScheduler.Background: Couldn't determine stopped state for unknown package: com.google.android.apps.turbo
03-03 16:49:39.871  1859  3652 E AppOps  : attributionTag  not declared in manifest of com.instagram.android
03-03 16:49:39.872  1859  3876 E AppOps  : attributionTag  not declared in manifest of com.instagram.android
03-03 16:49:39.900  1859  2083 E BatteryStatsService: note final volume change AudioToPower BatteryStatsservices 10405 7530 201345 0.0
03-03 16:49:40.156  1859  2083 E BatteryStatsService: note StopAudioToPower BatteryStatsservices10405 7530 201345 24727 2
03-03 16:49:40.233  1859  2083 E BatteryStatsService: note track volume change AudioToPower BatteryStatsservices 10405 7530 201353 0.001 0.001
03-03 16:49:40.244  1859  3255 E DeviceGuardManagerService: bindLockRemoteService result = null
03-03 16:49:44.640  1859  2843 E JobScheduler.Background: Couldn't determine stopped state for unknown package: com.google.android.apps.turbo
03-03 16:49:44.641  1859  2843 E JobScheduler.Background: Couldn't determine stopped state for unknown package: com.google.android.apps.turbo
03-03 16:49:44.641  1859  2843 E JobScheduler.Background: Couldn't determine stopped state for unknown package: com.google.android.apps.turbo
03-03 16:49:44.641  1859  2843 E JobScheduler.Background: Couldn't determine stopped state for unknown package: com.google.android.apps.turbo
03-03 16:49:44.641  1859  2843 E JobScheduler.Background: Couldn't determine stopped state for unknown package: com.google.android.apps.turbo
03-03 16:49:44.647  1859  1878 E IMiCharge: MiCharge method 9 val = 301
03-03 16:49:44.649  1859  1878 E IMiCharge: MiCharge method 10 val = 1
03-03 16:49:45.246  1859  3255 E DeviceGuardManagerService: bindLockRemoteService result = null
03-03 16:49:48.037  1859  2083 E BatteryStatsService: note track volume change AudioToPower BatteryStatsservices 10405 7530 201353 1.0 1.0
03-03 16:49:48.086  1859  3469 E AppOps  : attributionTag  not declared in manifest of com.instagram.android
03-03 16:49:48.086  1859  2083 E BatteryStatsService: note StartAudioToPower BatteryStatsservices10405 7530 201353 24728 2
03-03 16:49:48.086  1859  2083 E BatteryStatsService: note final volume change AudioToPower BatteryStatsservices 10405 7530 201353 0.044668663
03-03 16:49:48.086  1859  3469 E AppOps  : attributionTag  not declared in manifest of com.instagram.android
03-03 16:49:48.094  1859  2083 E BatteryStatsService: note device change AudioToPower BatteryStatsservices 10405 7530 201353 2
03-03 16:49:48.178  1859  2083 E BatteryStatsService: note track volume change AudioToPower BatteryStatsservices 10405 7530 201361 0.0 0.0
03-03 16:49:48.226  1859  2083 E BatteryStatsService: note track volume change AudioToPower BatteryStatsservices 10405 7530 201369 0.001 0.001
03-03 16:49:48.911  1859  4409 E AppOps  : attributionTag  not declared in manifest of com.instagram.android
03-03 16:49:48.912  1859  3469 E AppOps  : attributionTag  not declared in manifest of com.instagram.android
03-03 16:49:48.953  1859  2083 E BatteryStatsService: note final volume change AudioToPower BatteryStatsservices 10405 7530 201353 0.0
03-03 16:49:48.970  1859  5972 E AppOps  : attributionTag  not declared in manifest of com.instagram.android
03-03 16:49:48.973  1859  5972 E AppOps  : attributionTag  not declared in manifest of com.instagram.android
03-03 16:49:48.992  1859  4409 E AppOps  : attributionTag  not declared in manifest of com.instagram.android
03-03 16:49:48.992  1859  4409 E AppOps  : attributionTag  not declared in manifest of com.instagram.android
03-03 16:49:49.249  1859  2083 E BatteryStatsService: note StopAudioToPower BatteryStatsservices10405 7530 201353 24728 2
03-03 16:49:49.310  1859  2083 E BatteryStatsService: note track volume change AudioToPower BatteryStatsservices 10405 7530 201377 0.001 0.001
03-03 16:49:50.248  1859  3255 E DeviceGuardManagerService: bindLockRemoteService result = null
03-03 16:49:50.293  7530  7530 E TurboSchedMonitor: failed to find setSchedAffinity method com.instagram.android
03-03 16:49:50.295  7530  7530 E TurboSchedMonitor: failed to find setSchedAffinity method com.instagram.android
03-03 16:49:50.426  1859  6896 E TransitionChain: Mismatch between current collecting (TransitionRecord{3914b6c id=22674 type=OPEN flags=0x0 c=[
03-03 16:49:50.426  1859  6896 E TransitionChain:    ChangeInfo{fe32c96 container=Task{739377 #7836 type=standard A=10405:com.instagram.android} flags=0x0}
03-03 16:49:50.426  1859  6896 E TransitionChain:    ChangeInfo{d53e017 container=Display{#0 state=ON size=1220x2712 ROTATION_0} flags=0x0}
03-03 16:49:50.426  1859  6896 E TransitionChain:    ChangeInfo{3c79c04 container=DefaultTaskDisplayArea@164064817 flags=0x0}
03-03 16:49:50.426  1859  6896 E TransitionChain:    ChangeInfo{c9ed5ed container=ActivityRecord{190854453 u0 com.instagram.android/com.instagram.inappbrowser.fragments.BrowserLiteInMainProcessIGActivity t7836} flags=0x0}
03-03 16:49:50.426  1859  6896 E TransitionChain:    ChangeInfo{29fe3e9 container=ActivityRecord{221371409 u0 com.instagram.android/.activity.MainTabActivity t7836} flags=0x0}
03-03 16:49:50.426  1859  6896 E TransitionChain: ]
03-03 16:49:50.426  1859  6896 E TransitionChain: }) and chain (TransitionRecord{3914b6c id=22674 type=OPEN flags=0x0 c=[
03-03 16:49:50.426  1859  6896 E TransitionChain:    ChangeInfo{fe32c96 container=Task{739377 #7836 type=standard A=10405:com.instagram.android} flags=0x0}
03-03 16:49:50.426  1859  6896 E TransitionChain:    ChangeInfo{d53e017 container=Display{#0 state=ON size=1220x2712 ROTATION_0} flags=0x0}
03-03 16:49:50.426  1859  6896 E TransitionChain:    ChangeInfo{3c79c04 container=DefaultTaskDisplayArea@164064817 flags=0x0}
03-03 16:49:50.426  1859  6896 E TransitionChain:    ChangeInfo{c9ed5ed container=ActivityRecord{190854453 u0 com.instagram.android/com.instagram.inappbrowser.fragments.BrowserLiteInMainProcessIGActivity t7836} flags=0x0}
03-03 16:49:50.426  1859  6896 E TransitionChain:    ChangeInfo{29fe3e9 container=ActivityRecord{221371409 u0 com.instagram.android/.activity.MainTabActivity t7836} flags=0x0}
03-03 16:49:50.426  1859  6896 E TransitionChain: ]
03-03 16:49:50.426  1859  6896 E TransitionChain: })
03-03 16:49:50.428  1859  3652 E TransitionChain: Mismatch between current collecting (TransitionRecord{3914b6c id=22674 type=OPEN flags=0x0 c=[
03-03 16:49:50.428  1859  3652 E TransitionChain:    ChangeInfo{fe32c96 container=Task{739377 #7836 type=standard A=10405:com.instagram.android} flags=0x0}
03-03 16:49:50.428  1859  3652 E TransitionChain:    ChangeInfo{d53e017 container=Display{#0 state=ON size=1220x2712 ROTATION_0} flags=0x0}
