03-03 16:42:38.148  1859  5954 E TransitionChain: Can't collect into a chain with no transition
03-03 16:42:38.149  1859  3469 E WindowManager:  source = Task{96e889c #7842 type=standard A=10580:com.emberlock.app} excludeMiuiNavBar = true excludeMiuiStatusBar = true excludeIme = false excludeNavBar = true miuiNavSurfaceControl = Surface(name=NavigationBar Container of Task = 7842#426738)/@0xb7571ef miuiStatusSurfaceControl = Surface(name=StatusBar Container of Task = 7842#426739)/@0x79284fc
03-03 16:42:38.227  1859  2909 E HandwritingModeController: Cannot get requestId: Handwriting was not initialized.
03-03 16:42:39.111  1859  5972 E WindowManager:  source = Task{96e889c #7842 type=standard A=10580:com.emberlock.app} excludeMiuiNavBar = true excludeMiuiStatusBar = true excludeIme = false excludeNavBar = true miuiNavSurfaceControl = Surface(name=NavigationBar Container of Task = 7842#426738)/@0xb7571ef miuiStatusSurfaceControl = Surface(name=StatusBar Container of Task = 7842#426739)/@0x79284fc
03-03 16:42:39.846  1859  3255 E DeviceGuardManagerService: bindLockRemoteService result = null
03-03 16:42:40.320  1859  3243 E PerfShielderService: onScenarioChanged start type: 296 time:3098727939
03-03 16:42:40.346  1859  3876 E WindowOrganizerController: Trying to start a transition that isn't collecting. This probably means Shell took too long to respond to a request. WM State may be incorrect now, please file a bug
03-03 16:42:40.356  1859  3815 E TransitionChain: Can't collect into a chain with no transition
03-03 16:42:40.361  1859  5954 E TransitionChain: Can't collect into a chain with no transition
03-03 16:42:40.367  1859  3243 E PerfShielderService: onScenarioChanged end type: 296 time:3098727982, startTime : 3098727939
03-03 16:42:40.735  1859  1878 E IMiCharge: MiCharge method 32 val = 
03-03 16:42:40.737 10445 10634 E IMiCharge: MiCharge method 19 val = 0
03-03 16:42:40.738  1859  1878 E IMiCharge: MiCharge method 16 val = 0
03-03 16:42:40.741 10445 10445 E IMiCharge: MiCharge method 4 val = SDP
03-03 16:42:43.580  1859  3799 E VibratorManagerServiceImpl: vibrationThreadSetParameters
03-03 16:42:44.467  1859  2843 E JobScheduler.Background: Couldn't determine stopped state for unknown package: com.google.android.apps.turbo
03-03 16:42:44.468  1859  2843 E JobScheduler.Background: Couldn't determine stopped state for unknown package: com.google.android.apps.turbo
03-03 16:42:44.468  1859  2843 E JobScheduler.Background: Couldn't determine stopped state for unknown package: com.google.android.apps.turbo
03-03 16:42:44.469  1859  2843 E JobScheduler.Background: Couldn't determine stopped state for unknown package: com.google.android.apps.turbo
03-03 16:42:44.469  1859  2843 E JobScheduler.Background: Couldn't determine stopped state for unknown package: com.google.android.apps.turbo
03-03 16:42:44.469  1859  1878 E IMiCharge: MiCharge method 9 val = 288
03-03 16:42:44.472  1859  1878 E IMiCharge: MiCharge method 10 val = 2
03-03 16:42:44.702  1859  3812 E VibratorManagerServiceImpl: vibrationThreadSetParameters
03-03 16:42:44.851  1859  3255 E DeviceGuardManagerService: bindLockRemoteService result = null
03-03 16:42:45.361  3661 14110 E ActivityThread: Failed to find provider info for com.miui.personalassistant.servicedeliver.system.provider
03-03 16:42:46.209  1859  5972 E VibratorManagerServiceImpl: vibrationThreadSetParameters
03-03 16:42:46.806  1859  3876 E VibratorManagerServiceImpl: vibrationThreadSetParameters
03-03 16:42:46.824  1859  3813 E TransitionChain: Mismatch between current collecting (TransitionRecord{4e44e4c id=22652 type=CLOSE flags=0x0 c=[
03-03 16:42:46.824  1859  3813 E TransitionChain:    ChangeInfo{fe29f11 container=ActivityRecord{93327836 u0 com.whatsapp/.home.ui.HomeActivity t7838} flags=0x0}
03-03 16:42:46.824  1859  3813 E TransitionChain:    ChangeInfo{fd8ae95 container=Display{#0 state=ON size=1220x2712 ROTATION_0} flags=0x0}
03-03 16:42:46.824  1859  3813 E TransitionChain:    ChangeInfo{b1ebaa container=Task{88af925 #7838 type=standard A=10442:com.whatsapp} flags=0x0}
03-03 16:42:46.824  1859  3813 E TransitionChain:    ChangeInfo{10b539b container=DefaultTaskDisplayArea@164064817 flags=0x0}
03-03 16:42:46.824  1859  3813 E TransitionChain:    ChangeInfo{a2e0338 container=ActivityRecord{195307785 u0 com.whatsapp/.Conversation t7838 f}} flags=0x0}
03-03 16:42:46.824  1859  3813 E TransitionChain: ]
03-03 16:42:46.824  1859  3813 E TransitionChain: }) and chain (TransitionRecord{4e44e4c id=22652 type=CLOSE flags=0x0 c=[
03-03 16:42:46.824  1859  3813 E TransitionChain:    ChangeInfo{fe29f11 container=ActivityRecord{93327836 u0 com.whatsapp/.home.ui.HomeActivity t7838} flags=0x0}
03-03 16:42:46.824  1859  3813 E TransitionChain:    ChangeInfo{fd8ae95 container=Display{#0 state=ON size=1220x2712 ROTATION_0} flags=0x0}
03-03 16:42:46.824  1859  3813 E TransitionChain:    ChangeInfo{b1ebaa container=Task{88af925 #7838 type=standard A=10442:com.whatsapp} flags=0x0}
03-03 16:42:46.824  1859  3813 E TransitionChain:    ChangeInfo{10b539b container=DefaultTaskDisplayArea@164064817 flags=0x0}
03-03 16:42:46.824  1859  3813 E TransitionChain:    ChangeInfo{a2e0338 container=ActivityRecord{195307785 u0 com.whatsapp/.Conversation t7838 f}} flags=0x0}
03-03 16:42:46.824  1859  3813 E TransitionChain: ]
03-03 16:42:46.824  1859  3813 E TransitionChain: })
03-03 16:42:48.015  1859  3799 E TransitionChain: Mismatch between current collecting (TransitionRecord{a5e7dae id=22653 type=OPEN flags=0x0 c=[
03-03 16:42:48.015  1859  3799 E TransitionChain:    ChangeInfo{999d74 container=ActivityRecord{93327836 u0 com.whatsapp/.home.ui.HomeActivity t7838} flags=0x0}
03-03 16:42:48.015  1859  3799 E TransitionChain:    ChangeInfo{457cc8 container=Display{#0 state=ON size=1220x2712 ROTATION_0} flags=0x0}
03-03 16:42:48.015  1859  3799 E TransitionChain:    ChangeInfo{44b4161 container=ActivityRecord{119191375 u0 com.whatsapp/.Conversation t7838} flags=0x0}
03-03 16:42:48.015  1859  3799 E TransitionChain:    ChangeInfo{3fc9486 container=Task{88af925 #7838 type=standard A=10442:com.whatsapp} flags=0x0}
03-03 16:42:48.015  1859  3799 E TransitionChain:    ChangeInfo{d704147 container=DefaultTaskDisplayArea@164064817 flags=0x0}
03-03 16:42:48.015  1859  3799 E TransitionChain: ]
03-03 16:42:48.015  1859  3799 E TransitionChain: }) and chain (TransitionRecord{a5e7dae id=22653 type=OPEN flags=0x0 c=[
03-03 16:42:48.015  1859  3799 E TransitionChain:    ChangeInfo{999d74 container=ActivityRecord{93327836 u0 com.whatsapp/.home.ui.HomeActivity t7838} flags=0x0}
03-03 16:42:48.015  1859  3799 E TransitionChain:    ChangeInfo{457cc8 container=Display{#0 state=ON size=1220x2712 ROTATION_0} flags=0x0}
03-03 16:42:48.015  1859  3799 E TransitionChain:    ChangeInfo{44b4161 container=ActivityRecord{119191375 u0 com.whatsapp/.Conversation t7838} flags=0x0}
03-03 16:42:48.015  1859  3799 E TransitionChain:    ChangeInfo{3fc9486 container=Task{88af925 #7838 type=standard A=10442:com.whatsapp} flags=0x0}
03-03 16:42:48.015  1859  3799 E TransitionChain:    ChangeInfo{d704147 container=DefaultTaskDisplayArea@164064817 flags=0x0}
03-03 16:42:48.015  1859  3799 E TransitionChain: ]
03-03 16:42:48.015  1859  3799 E TransitionChain: })
03-03 16:42:48.017  1859  3799 E TransitionChain: Mismatch between current collecting (TransitionRecord{a5e7dae id=22653 type=OPEN flags=0x0 c=[
03-03 16:42:48.017  1859  3799 E TransitionChain:    ChangeInfo{999d74 container=ActivityRecord{93327836 u0 com.whatsapp/.home.ui.HomeActivity t7838} flags=0x0}
03-03 16:42:48.017  1859  3799 E TransitionChain:    ChangeInfo{457cc8 container=Display{#0 state=ON size=1220x2712 ROTATION_0} flags=0x0}
03-03 16:42:48.017  1859  3799 E TransitionChain:    ChangeInfo{44b4161 container=ActivityRecord{119191375 u0 com.whatsapp/.Conversation t7838} flags=0x0}
03-03 16:42:48.017  1859  3799 E TransitionChain:    ChangeInfo{3fc9486 container=Task{88af925 #7838 type=standard A=10442:com.whatsapp} flags=0x0}
03-03 16:42:48.017  1859  3799 E TransitionChain:    ChangeInfo{d704147 container=DefaultTaskDisplayArea@164064817 flags=0x0}
03-03 16:42:48.017  1859  3799 E TransitionChain: ]
03-03 16:42:48.017  1859  3799 E TransitionChain: }) and chain (TransitionRecord{a5e7dae id=22653 type=OPEN flags=0x0 c=[
03-03 16:42:48.017  1859  3799 E TransitionChain:    ChangeInfo{999d74 container=ActivityRecord{93327836 u0 com.whatsapp/.home.ui.HomeActivity t7838} flags=0x0}
03-03 16:42:48.017  1859  3799 E TransitionChain:    ChangeInfo{457cc8 container=Display{#0 state=ON size=1220x2712 ROTATION_0} flags=0x0}
03-03 16:42:48.017  1859  3799 E TransitionChain:    ChangeInfo{44b4161 container=ActivityRecord{119191375 u0 com.whatsapp/.Conversation t7838} flags=0x0}
03-03 16:42:48.017  1859  3799 E TransitionChain:    ChangeInfo{3fc9486 container=Task{88af925 #7838 type=standard A=10442:com.whatsapp} flags=0x0}
03-03 16:42:48.017  1859  3799 E TransitionChain:    ChangeInfo{d704147 container=DefaultTaskDisplayArea@164064817 flags=0x0}
03-03 16:42:48.017  1859  3799 E TransitionChain: ]
03-03 16:42:48.017  1859  3799 E TransitionChain: })
03-03 16:42:48.095  1859  3813 E TransitionChain: Can't collect into a chain with no transition
03-03 16:42:49.857  1859  3255 E DeviceGuardManagerService: bindLockRemoteService result = null
03-03 16:42:50.009  1859  2843 E JobScheduler.Background: Couldn't determine stopped state for unknown package: com.google.android.apps.turbo
03-03 16:42:50.009  1859  2843 E JobScheduler.Background: Couldn't determine stopped state for unknown package: com.google.android.apps.turbo
03-03 16:42:50.009  1859  2843 E JobScheduler.Background: Couldn't determine stopped state for unknown package: com.google.android.apps.turbo
03-03 16:42:50.009  1859  2843 E JobScheduler.Background: Couldn't determine stopped state for unknown package: com.google.android.apps.turbo
03-03 16:42:50.009  1859  2843 E JobScheduler.Background: Couldn't determine stopped state for unknown package: com.google.android.apps.turbo
03-03 16:42:54.471  1859  2843 E JobScheduler.Background: Couldn't determine stopped state for unknown package: com.google.android.apps.turbo
03-03 16:42:54.471  1859  2843 E JobScheduler.Background: Couldn't determine stopped state for unknown package: com.google.android.apps.turbo
03-03 16:42:54.471  1859  2843 E JobScheduler.Background: Couldn't determine stopped state for unknown package: com.google.android.apps.turbo
03-03 16:42:54.471  1859  2843 E JobScheduler.Background: Couldn't determine stopped state for unknown package: com.google.android.apps.turbo
03-03 16:42:54.471  1859  2843 E JobScheduler.Background: Couldn't determine stopped state for unknown package: com.google.android.apps.turbo
03-03 16:42:54.863  1859  3255 E DeviceGuardManagerService: bindLockRemoteService result = null
03-03 16:42:55.608  1859  3799 E VibratorManagerServiceImpl: vibrationThreadSetParameters
03-03 16:42:55.627  1859  5954 E TransitionChain: Mismatch between current collecting (TransitionRecord{b6c0d07 id=22654 type=CLOSE flags=0x0 c=[
03-03 16:42:55.627  1859  5954 E TransitionChain:    ChangeInfo{87aa9a0 container=ActivityRecord{93327836 u0 com.whatsapp/.home.ui.HomeActivity t7838} flags=0x0}
03-03 16:42:55.627  1859  5954 E TransitionChain:    ChangeInfo{363de34 container=Display{#0 state=ON size=1220x2712 ROTATION_0} flags=0x0}
03-03 16:42:55.627  1859  5954 E TransitionChain:    ChangeInfo{f71a45d container=ActivityRecord{119191375 u0 com.whatsapp/.Conversation t7838 f}} flags=0x0}
03-03 16:42:55.627  1859  5954 E TransitionChain:    ChangeInfo{6581d2 container=Task{88af925 #7838 type=standard A=10442:com.whatsapp} flags=0x0}
03-03 16:42:55.627  1859  5954 E TransitionChain:    ChangeInfo{33272a3 container=DefaultTaskDisplayArea@164064817 flags=0x0}
03-03 16:42:55.627  1859  5954 E TransitionChain: ]
03-03 16:42:55.627  1859  5954 E TransitionChain: }) and chain (TransitionRecord{b6c0d07 id=22654 type=CLOSE flags=0x0 c=[
03-03 16:42:55.627  1859  5954 E TransitionChain:    ChangeInfo{87aa9a0 container=ActivityRecord{93327836 u0 com.whatsapp/.home.ui.HomeActivity t7838} flags=0x0}
03-03 16:42:55.627  1859  5954 E TransitionChain:    ChangeInfo{363de34 container=Display{#0 state=ON size=1220x2712 ROTATION_0} flags=0x0}
03-03 16:42:55.627  1859  5954 E TransitionChain:    ChangeInfo{f71a45d container=ActivityRecord{119191375 u0 com.whatsapp/.Conversation t7838 f}} flags=0x0}
03-03 16:42:55.627  1859  5954 E TransitionChain:    ChangeInfo{6581d2 container=Task{88af925 #7838 type=standard A=10442:com.whatsapp} flags=0x0}
03-03 16:42:55.627  1859  5954 E TransitionChain:    ChangeInfo{33272a3 container=DefaultTaskDisplayArea@164064817 flags=0x0}
03-03 16:42:55.627  1859  5954 E TransitionChain: ]
03-03 16:42:55.627  1859  5954 E TransitionChain: })
03-03 16:42:57.605  1859  3469 E VibratorManagerServiceImpl: vibrationThreadSetParameters
03-03 16:42:57.628  1859  3469 E TransitionChain: Mismatch between current collecting (TransitionRecord{2fe9a06 id=22655 type=CLOSE flags=0x0 c=[
03-03 16:42:57.628  1859  3469 E TransitionChain:    ChangeInfo{f6cfa63 container=ActivityRecord{16687266 u0 com.miui.home/.launcher.Launcher t2} flags=0x0}
03-03 16:42:57.628  1859  3469 E TransitionChain:    ChangeInfo{142f660 container=Task{3de0c84 #2 type=home I=com.miui.home/.launcher.Launcher} flags=0x0}
03-03 16:42:57.628  1859  3469 E TransitionChain:    ChangeInfo{ff998c7 container=ActivityRecord{93327836 u0 com.whatsapp/.home.ui.HomeActivity t7838 f}} flags=0x0}
03-03 16:42:57.628  1859  3469 E TransitionChain:    ChangeInfo{abcdef4 container=Display{#0 state=ON size=1220x2712 ROTATION_0} flags=0x0}
03-03 16:42:57.628  1859  3469 E TransitionChain:    ChangeInfo{ed45719 container=Task{8491f0d #1 type=home} flags=0x0}
03-03 16:42:57.628  1859  3469 E TransitionChain:    ChangeInfo{311761d container=Task{88af925 #7838 type=standard A=10442:com.whatsapp} flags=0x0}
03-03 16:42:57.628  1859  3469 E TransitionChain:    ChangeInfo{7da5092 container=DefaultTaskDisplayArea@164064817 flags=0x0}
03-03 16:42:57.628  1859  3469 E TransitionChain: ]
03-03 16:42:57.628  1859  3469 E TransitionChain: }) and chain (TransitionRecord{2fe9a06 id=22655 type=CLOSE flags=0x0 c=[
03-03 16:42:57.628  1859  3469 E TransitionChain:    ChangeInfo{f6cfa63 container=ActivityRecord{16687266 u0 com.miui.home/.launcher.Launcher t2} flags=0x0}
03-03 16:42:57.628  1859  3469 E TransitionChain:    ChangeInfo{142f660 container=Task{3de0c84 #2 type=home I=com.miui.home/.launcher.Launcher} flags=0x0}
03-03 16:42:57.628  1859  3469 E TransitionChain:    ChangeInfo{ff998c7 container=ActivityRecord{93327836 u0 com.whatsapp/.home.ui.HomeActivity t7838 f}} flags=0x0}
03-03 16:42:57.628  1859  3469 E TransitionChain:    ChangeInfo{abcdef4 container=Display{#0 state=ON size=1220x2712 ROTATION_0} flags=0x0}
03-03 16:42:57.628  1859  3469 E TransitionChain:    ChangeInfo{ed45719 container=Task{8491f0d #1 type=home} flags=0x0}
03-03 16:42:57.628  1859  3469 E TransitionChain:    ChangeInfo{311761d container=Task{88af925 #7838 type=standard A=10442:com.whatsapp} flags=0x0}
03-03 16:42:57.628  1859  3469 E TransitionChain:    ChangeInfo{7da5092 container=DefaultTaskDisplayArea@164064817 flags=0x0}
03-03 16:42:57.628  1859  3469 E TransitionChain: ]
03-03 16:42:57.628  1859  3469 E TransitionChain: })
03-03 16:42:57.668  1859  1937 E WindowManager:  source = Task{88af925 #7838 type=standard A=10442:com.whatsapp} excludeMiuiNavBar = true excludeMiuiStatusBar = true excludeIme = false excludeNavBar = true miuiNavSurfaceControl = Surface(name=NavigationBar Container of Task = 7838#426554)/@0x2b38afa miuiStatusSurfaceControl = Surface(name=StatusBar Container of Task = 7838#426555)/@0x74e7b08
03-03 16:42:57.680  1859  1937 E TransitionController: Set visible without transition WallpaperWindowToken{1960830 showWhenLocked=true} playing=true caller=com.android.server.wm.WallpaperControllerImpl.updateWallpaperTokens:181 
03-03 16:42:57.694  1859  3652 E TransitionChain: Can't collect into a chain with no transition
03-03 16:42:58.661  1859  3243 E PerfShielderService: onScenarioChanged start type: 330 time:3098746281
03-03 16:42:58.663  1859  3243 E PerfShielderService: onScenarioChanged end type: 330 time:3098746283, startTime : 3098746281
03-03 16:42:59.718  1859  3876 E VibratorManagerServiceImpl: vibrationThreadSetParameters
03-03 16:42:59.868  1859  3255 E DeviceGuardManagerService: bindLockRemoteService result = null
03-03 16:43:01.211  1859  2843 E JobScheduler.Background: Couldn't determine stopped state for unknown package: com.google.android.apps.turbo
03-03 16:43:01.211  1859  2843 E JobScheduler.Background: Couldn't determine stopped state for unknown package: com.google.android.apps.turbo
03-03 16:43:01.211  1859  2843 E JobScheduler.Background: Couldn't determine stopped state for unknown package: com.google.android.apps.turbo
03-03 16:43:01.211  1859  2843 E JobScheduler.Background: Couldn't determine stopped state for unknown package: com.google.android.apps.turbo
03-03 16:43:01.211  1859  2843 E JobScheduler.Background: Couldn't determine stopped state for unknown package: com.google.android.apps.turbo
03-03 16:43:01.335  1859  3243 E PerfShielderService: onScenarioChanged start type: 331 time:3098748954
03-03 16:43:01.336  1859  3243 E PerfShielderService: onScenarioChanged end type: 331 time:3098748955, startTime : 3098748954
03-03 16:43:03.640  1859  3243 E PerfShielderService: onScenarioChanged start type: 296 time:3098751258
03-03 16:43:03.662  1859  3812 E WindowOrganizerController: Trying to start a transition that isn't collecting. This probably means Shell took too long to respond to a request. WM State may be incorrect now, please file a bug
03-03 16:43:03.673  1859  4409 E TransitionChain: Can't collect into a chain with no transition
03-03 16:43:03.682  1859  3243 E PerfShielderService: onScenarioChanged end type: 296 time:3098751296, startTime : 3098751258
03-03 16:43:03.702  1859  3652 E TransitionChain: Can't collect into a chain with no transition
03-03 16:43:03.995  1859  3799 E TransitionChain: Can't collect into a chain with no transition
03-03 16:43:04.872  1859  3255 E DeviceGuardManagerService: bindLockRemoteService result = null
03-03 16:43:07.130  1859  3812 E TransitionChain: Can't collect into a chain with no transition
03-03 16:43:07.147  1859  3799 E VibratorManagerServiceImpl: vibrationThreadSetParameters
03-03 16:43:07.187  1859  2083 E BatteryStatsService: note track volume change AudioToPower BatteryStatsservices 10405 7530 201225 0.0 0.0
03-03 16:43:08.677  3661 14110 E ActivityThread: Failed to find provider info for com.miui.personalassistant.servicedeliver.system.provider
03-03 16:43:08.786  1859  5972 E VibratorManagerServiceImpl: vibrationThreadSetParameters
03-03 16:43:08.811  1859  3815 E TransitionChain: Mismatch between current collecting (TransitionRecord{88a374 id=22657 type=CLOSE flags=0x0 overrideAnimOptions={t=CUSTOM enterResId=2130772062 changeResId=0 exitResId=2130772063 mUserId=0} c=[
03-03 16:43:08.811  1859  3815 E TransitionChain:    ChangeInfo{bb3209d container=Task{739377 #7836 type=standard A=10405:com.instagram.android} flags=0x0}
03-03 16:43:08.811  1859  3815 E TransitionChain:    ChangeInfo{5a2e912 container=Display{#0 state=ON size=1220x2712 ROTATION_0} flags=0x0}
03-03 16:43:08.811  1859  3815 E TransitionChain:    ChangeInfo{f4ce8e3 container=DefaultTaskDisplayArea@164064817 flags=0x0}
03-03 16:43:08.811  1859  3815 E TransitionChain:    ChangeInfo{54682e0 container=ActivityRecord{170789477 u0 com.instagram.android/com.instagram.modal.ModalActivity t7836 f}} flags=0x0}
03-03 16:43:08.811  1859  3815 E TransitionChain:    ChangeInfo{a42845e container=ActivityRecord{221371409 u0 com.instagram.android/.activity.MainTabActivity t7836} flags=0x0}
03-03 16:43:08.811  1859  3815 E TransitionChain: ]
03-03 16:43:08.811  1859  3815 E TransitionChain: }) and chain (TransitionRecord{88a374 id=22657 type=CLOSE flags=0x0 overrideAnimOptions={t=CUSTOM enterResId=2130772062 changeResId=0 exitResId=2130772063 mUserId=0} c=[
03-03 16:43:08.811  1859  3815 E TransitionChain:    ChangeInfo{bb3209d container=Task{739377 #7836 type=standard A=10405:com.instagram.android} flags=0x0}
03-03 16:43:08.811  1859  3815 E TransitionChain:    ChangeInfo{5a2e912 container=Display{#0 state=ON size=1220x2712 ROTATION_0} flags=0x0}
03-03 16:43:08.811  1859  3815 E TransitionChain:    ChangeInfo{f4ce8e3 container=DefaultTaskDisplayArea@164064817 flags=0x0}
03-03 16:43:08.811  1859  3815 E TransitionChain:    ChangeInfo{54682e0 container=ActivityRecord{170789477 u0 com.instagram.android/com.instagram.modal.ModalActivity t7836 f}} flags=0x0}
03-03 16:43:08.811  1859  3815 E TransitionChain:    ChangeInfo{a42845e container=ActivityRecord{221371409 u0 com.instagram.android/.activity.MainTabActivity t7836} flags=0x0}
03-03 16:43:08.811  1859  3815 E TransitionChain: ]
03-03 16:43:08.811  1859  3815 E TransitionChain: })
03-03 16:43:09.877  1859  3255 E DeviceGuardManagerService: bindLockRemoteService result = null
03-03 16:43:10.009  1859  2083 E BatteryStatsService: note track volume change AudioToPower BatteryStatsservices 10405 7530 201233 0.0 0.0
03-03 16:43:10.518  1859  3875 E TransitionChain: Mismatch between current collecting (TransitionRecord{cd733a5 id=22658 type=OPEN flags=0x0 c=[
03-03 16:43:10.518  1859  3875 E TransitionChain:    ChangeInfo{2c96b07 container=Task{739377 #7836 type=standard A=10405:com.instagram.android} flags=0x0}
03-03 16:43:10.518  1859  3875 E TransitionChain:    ChangeInfo{cc8e434 container=Display{#0 state=ON size=1220x2712 ROTATION_0} flags=0x0}
03-03 16:43:10.518  1859  3875 E TransitionChain:    ChangeInfo{b49325d container=DefaultTaskDisplayArea@164064817 flags=0x0}
03-03 16:43:10.518  1859  3875 E TransitionChain:    ChangeInfo{c70f7d2 container=ActivityRecord{268137338 u0 com.instagram.android/com.instagram.modal.ModalActivity t7836} flags=0x0}
03-03 16:43:10.518  1859  3875 E TransitionChain: ]
03-03 16:43:10.518  1859  3875 E TransitionChain: }) and chain (TransitionRecord{cd733a5 id=22658 type=OPEN flags=0x0 c=[
03-03 16:43:10.518  1859  3875 E TransitionChain:    ChangeInfo{2c96b07 container=Task{739377 #7836 type=standard A=10405:com.instagram.android} flags=0x0}
03-03 16:43:10.518  1859  3875 E TransitionChain:    ChangeInfo{cc8e434 container=Display{#0 state=ON size=1220x2712 ROTATION_0} flags=0x0}
03-03 16:43:10.518  1859  3875 E TransitionChain:    ChangeInfo{b49325d container=DefaultTaskDisplayArea@164064817 flags=0x0}
03-03 16:43:10.518  1859  3875 E TransitionChain:    ChangeInfo{c70f7d2 container=ActivityRecord{268137338 u0 com.instagram.android/com.instagram.modal.ModalActivity t7836} flags=0x0}
03-03 16:43:10.518  1859  3875 E TransitionChain: ]
03-03 16:43:10.518  1859  3875 E TransitionChain: })
03-03 16:43:10.533  1859  3652 E TransitionChain: Mismatch between current collecting (TransitionRecord{cd733a5 id=22658 type=OPEN flags=0x0 c=[
03-03 16:43:10.533  1859  3652 E TransitionChain:    ChangeInfo{2c96b07 container=Task{739377 #7836 type=standard A=10405:com.instagram.android} flags=0x0}
03-03 16:43:10.533  1859  3652 E TransitionChain:    ChangeInfo{cc8e434 container=Display{#0 state=ON size=1220x2712 ROTATION_0} flags=0x0}
03-03 16:43:10.533  1859  3652 E TransitionChain:    ChangeInfo{b49325d container=DefaultTaskDisplayArea@164064817 flags=0x0}
03-03 16:43:10.533  1859  3652 E TransitionChain:    ChangeInfo{607b0a3 container=ActivityRecord{221371409 u0 com.instagram.android/.activity.MainTabActivity t7836} flags=0x0}
03-03 16:43:10.533  1859  3652 E TransitionChain:    ChangeInfo{c70f7d2 container=ActivityRecord{268137338 u0 com.instagram.android/com.instagram.modal.ModalActivity t7836} flags=0x0}
03-03 16:43:10.533  1859  3652 E TransitionChain: ]
03-03 16:43:10.533  1859  3652 E TransitionChain: }) and chain (TransitionRecord{cd733a5 id=22658 type=OPEN flags=0x0 c=[
03-03 16:43:10.533  1859  3652 E TransitionChain:    ChangeInfo{2c96b07 container=Task{739377 #7836 type=standard A=10405:com.instagram.android} flags=0x0}
03-03 16:43:10.533  1859  3652 E TransitionChain:    ChangeInfo{cc8e434 container=Display{#0 state=ON size=1220x2712 ROTATION_0} flags=0x0}
03-03 16:43:10.533  1859  3652 E TransitionChain:    ChangeInfo{b49325d container=DefaultTaskDisplayArea@164064817 flags=0x0}
03-03 16:43:10.533  1859  3652 E TransitionChain:    ChangeInfo{607b0a3 container=ActivityRecord{221371409 u0 com.instagram.android/.activity.MainTabActivity t7836} flags=0x0}
03-03 16:43:10.533  1859  3652 E TransitionChain:    ChangeInfo{c70f7d2 container=ActivityRecord{268137338 u0 com.instagram.android/com.instagram.modal.ModalActivity t7836} flags=0x0}
03-03 16:43:10.533  1859  3652 E TransitionChain: ]
03-03 16:43:10.533  1859  3652 E TransitionChain: })
03-03 16:43:10.648  1859  2843 E JobScheduler.Background: Couldn't determine stopped state for unknown package: com.google.android.apps.turbo
03-03 16:43:10.648  1859  2843 E JobScheduler.Background: Couldn't determine stopped state for unknown package: com.google.android.apps.turbo
03-03 16:43:10.648  1859  2843 E JobScheduler.Background: Couldn't determine stopped state for unknown package: com.google.android.apps.turbo
03-03 16:43:10.648  1859  2843 E JobScheduler.Background: Couldn't determine stopped state for unknown package: com.google.android.apps.turbo
03-03 16:43:10.648  1859  2843 E JobScheduler.Background: Couldn't determine stopped state for unknown package: com.google.android.apps.turbo
03-03 16:43:10.656  1859  1937 E WindowManager:  source = ActivityRecord{221371409 u0 com.instagram.android/.activity.MainTabActivity t7836} excludeMiuiNavBar = false excludeMiuiStatusBar = false excludeIme = false excludeNavBar = true miuiNavSurfaceControl = null miuiStatusSurfaceControl = null
03-03 16:43:10.660  7530  7530 E TurboSchedMonitor: failed to find setSchedAffinity method com.instagram.android
03-03 16:43:10.664  7530  7530 E TurboSchedMonitor: failed to find setSchedAffinity method com.instagram.android
03-03 16:43:10.670  1859  3469 E TransitionChain: Can't collect into a chain with no transition
03-03 16:43:12.007  1859  3812 E TransitionChain: Mismatch between current collecting (TransitionRecord{6c6de8c id=22659 type=OPEN flags=0x0 c=[
03-03 16:43:12.007  1859  3812 E TransitionChain:    ChangeInfo{37f26b6 container=Task{739377 #7836 type=standard A=10405:com.instagram.android} flags=0x0}
03-03 16:43:12.007  1859  3812 E TransitionChain:    ChangeInfo{1b31fb7 container=Display{#0 state=ON size=1220x2712 ROTATION_0} flags=0x0}
03-03 16:43:12.007  1859  3812 E TransitionChain:    ChangeInfo{b787324 container=ActivityRecord{113482197 u0 com.instagram.android/com.instagram.modal.TransparentModalActivity t7836} flags=0x0}
03-03 16:43:12.007  1859  3812 E TransitionChain:    ChangeInfo{7362e8d container=DefaultTaskDisplayArea@164064817 flags=0x0}
03-03 16:43:12.007  1859  3812 E TransitionChain: ]
03-03 16:43:12.007  1859  3812 E TransitionChain: }) and chain (TransitionRecord{6c6de8c id=22659 type=OPEN flags=0x0 c=[
03-03 16:43:12.007  1859  3812 E TransitionChain:    ChangeInfo{37f26b6 container=Task{739377 #7836 type=standard A=10405:com.instagram.android} flags=0x0}
03-03 16:43:12.007  1859  3812 E TransitionChain:    ChangeInfo{1b31fb7 container=Display{#0 state=ON size=1220x2712 ROTATION_0} flags=0x0}
03-03 16:43:12.007  1859  3812 E TransitionChain:    ChangeInfo{b787324 container=ActivityRecord{113482197 u0 com.instagram.android/com.instagram.modal.TransparentModalActivity t7836} flags=0x0}
03-03 16:43:12.007  1859  3812 E TransitionChain:    ChangeInfo{7362e8d container=DefaultTaskDisplayArea@164064817 flags=0x0}
03-03 16:43:12.007  1859  3812 E TransitionChain: ]
03-03 16:43:12.007  1859  3812 E TransitionChain: })
03-03 16:43:12.023  1859  3812 E TransitionChain: Mismatch between current collecting (TransitionRecord{6c6de8c id=22659 type=OPEN flags=0x0 c=[
03-03 16:43:12.023  1859  3812 E TransitionChain:    ChangeInfo{37f26b6 container=Task{739377 #7836 type=standard A=10405:com.instagram.android} flags=0x0}
03-03 16:43:12.023  1859  3812 E TransitionChain:    ChangeInfo{1b31fb7 container=Display{#0 state=ON size=1220x2712 ROTATION_0} flags=0x0}
03-03 16:43:12.023  1859  3812 E TransitionChain:    ChangeInfo{b787324 container=ActivityRecord{113482197 u0 com.instagram.android/com.instagram.modal.TransparentModalActivity t7836} flags=0x0}
03-03 16:43:12.023  1859  3812 E TransitionChain:    ChangeInfo{7362e8d container=DefaultTaskDisplayArea@164064817 flags=0x0}
03-03 16:43:12.023  1859  3812 E TransitionChain: ]
03-03 16:43:12.023  1859  3812 E TransitionChain: }) and chain (TransitionRecord{6c6de8c id=22659 type=OPEN flags=0x0 c=[
03-03 16:43:12.023  1859  3812 E TransitionChain:    ChangeInfo{37f26b6 container=Task{739377 #7836 type=standard A=10405:com.instagram.android} flags=0x0}
03-03 16:43:12.023  1859  3812 E TransitionChain:    ChangeInfo{1b31fb7 container=Display{#0 state=ON size=1220x2712 ROTATION_0} flags=0x0}
03-03 16:43:12.023  1859  3812 E TransitionChain:    ChangeInfo{b787324 container=ActivityRecord{113482197 u0 com.instagram.android/com.instagram.modal.TransparentModalActivity t7836} flags=0x0}
03-03 16:43:12.023  1859  3812 E TransitionChain:    ChangeInfo{7362e8d container=DefaultTaskDisplayArea@164064817 flags=0x0}
03-03 16:43:12.023  1859  3812 E TransitionChain: ]
03-03 16:43:12.023  1859  3812 E TransitionChain: })
03-03 16:43:12.029  1859  6896 E TransitionChain: Mismatch between current collecting (TransitionRecord{6c6de8c id=22659 type=OPEN flags=0x0 c=[
03-03 16:43:12.029  1859  6896 E TransitionChain:    ChangeInfo{37f26b6 container=Task{739377 #7836 type=standard A=10405:com.instagram.android} flags=0x0}
03-03 16:43:12.029  1859  6896 E TransitionChain:    ChangeInfo{1b31fb7 container=Display{#0 state=ON size=1220x2712 ROTATION_0} flags=0x0}
03-03 16:43:12.029  1859  6896 E TransitionChain:    ChangeInfo{b787324 container=ActivityRecord{113482197 u0 com.instagram.android/com.instagram.modal.TransparentModalActivity t7836} flags=0x0}
03-03 16:43:12.029  1859  6896 E TransitionChain:    ChangeInfo{7362e8d container=DefaultTaskDisplayArea@164064817 flags=0x0}
03-03 16:43:12.029  1859  6896 E TransitionChain: ]
03-03 16:43:12.029  1859  6896 E TransitionChain: }) and chain (TransitionRecord{6c6de8c id=22659 type=OPEN flags=0x0 c=[
03-03 16:43:12.029  1859  6896 E TransitionChain:    ChangeInfo{37f26b6 container=Task{739377 #7836 type=standard A=10405:com.instagram.android} flags=0x0}
03-03 16:43:12.029  1859  6896 E TransitionChain:    ChangeInfo{1b31fb7 container=Display{#0 state=ON size=1220x2712 ROTATION_0} flags=0x0}
03-03 16:43:12.029  1859  6896 E TransitionChain:    ChangeInfo{b787324 container=ActivityRecord{113482197 u0 com.instagram.android/com.instagram.modal.TransparentModalActivity t7836} flags=0x0}
03-03 16:43:12.029  1859  6896 E TransitionChain:    ChangeInfo{7362e8d container=DefaultTaskDisplayArea@164064817 flags=0x0}
03-03 16:43:12.029  1859  6896 E TransitionChain: ]
03-03 16:43:12.029  1859  6896 E TransitionChain: })
03-03 16:43:12.040  1859  3812 E TransitionChain: Mismatch between current collecting (TransitionRecord{6c6de8c id=22659 type=OPEN flags=0x0 overrideAnimOptions={t=CUSTOM enterResId=2130772036 changeResId=0 exitResId=2130772087 mUserId=0} c=[
03-03 16:43:12.040  1859  3812 E TransitionChain:    ChangeInfo{37f26b6 container=Task{739377 #7836 type=standard A=10405:com.instagram.android} flags=0x0}
03-03 16:43:12.040  1859  3812 E TransitionChain:    ChangeInfo{1b31fb7 container=Display{#0 state=ON size=1220x2712 ROTATION_0} flags=0x0}
03-03 16:43:12.040  1859  3812 E TransitionChain:    ChangeInfo{b787324 container=ActivityRecord{113482197 u0 com.instagram.android/com.instagram.modal.TransparentModalActivity t7836} flags=0x0}
03-03 16:43:12.040  1859  3812 E TransitionChain:    ChangeInfo{7362e8d container=DefaultTaskDisplayArea@164064817 flags=0x0}
03-03 16:43:12.040  1859  3812 E TransitionChain: ]
03-03 16:43:12.040  1859  3812 E TransitionChain: }) and chain (TransitionRecord{6c6de8c id=22659 type=OPEN flags=0x0 overrideAnimOptions={t=CUSTOM enterResId=2130772036 changeResId=0 exitResId=2130772087 mUserId=0} c=[
03-03 16:43:12.040  1859  3812 E TransitionChain:    ChangeInfo{37f26b6 container=Task{739377 #7836 type=standard A=10405:com.instagram.android} flags=0x0}
03-03 16:43:12.040  1859  3812 E TransitionChain:    ChangeInfo{1b31fb7 container=Display{#0 state=ON size=1220x2712 ROTATION_0} flags=0x0}
03-03 16:43:12.040  1859  3812 E TransitionChain:    ChangeInfo{b787324 container=ActivityRecord{113482197 u0 com.instagram.android/com.instagram.modal.TransparentModalActivity t7836} flags=0x0}
03-03 16:43:12.040  1859  3812 E TransitionChain:    ChangeInfo{7362e8d container=DefaultTaskDisplayArea@164064817 flags=0x0}
03-03 16:43:12.040  1859  3812 E TransitionChain: ]
03-03 16:43:12.040  1859  3812 E TransitionChain: })
03-03 16:43:12.157  1859  3799 E TransitionChain: Can't collect into a chain with no transition
03-03 16:43:12.265  1859  2083 E BatteryStatsService: note track volume change AudioToPower BatteryStatsservices 10405 7530 201241 1.0 1.0
03-03 16:43:12.313  1859  2818 E AppOps  : attributionTag  not declared in manifest of com.instagram.android
03-03 16:43:12.314  1859  2818 E AppOps  : attributionTag  not declared in manifest of com.instagram.android
03-03 16:43:12.318  1859  2083 E BatteryStatsService: note StartAudioToPower BatteryStatsservices10405 7530 201241 24714 2
03-03 16:43:12.327  1859  2083 E BatteryStatsService: note device change AudioToPower BatteryStatsservices 10405 7530 201241 2
03-03 16:43:12.424  1859  2083 E BatteryStatsService: note final volume change AudioToPower BatteryStatsservices 10405 7530 201241 0.39810798
03-03 16:43:14.480  1859  2843 E JobScheduler.Background: Couldn't determine stopped state for unknown package: com.google.android.apps.turbo
03-03 16:43:14.480  1859  2843 E JobScheduler.Background: Couldn't determine stopped state for unknown package: com.google.android.apps.turbo
03-03 16:43:14.480  1859  2843 E JobScheduler.Background: Couldn't determine stopped state for unknown package: com.google.android.apps.turbo
03-03 16:43:14.480  1859  2843 E JobScheduler.Background: Couldn't determine stopped state for unknown package: com.google.android.apps.turbo
03-03 16:43:14.480  1859  2843 E JobScheduler.Background: Couldn't determine stopped state for unknown package: com.google.android.apps.turbo
03-03 16:43:14.481  1859  1878 E IMiCharge: MiCharge method 9 val = 292
03-03 16:43:14.482  1859  1878 E IMiCharge: MiCharge method 10 val = 1
03-03 16:43:14.880  1859  3255 E DeviceGuardManagerService: bindLockRemoteService result = null
03-03 16:43:16.630  1859  2083 E BatteryStatsService: note final volume change AudioToPower BatteryStatsservices 10405 7530 201241 0.28183907
03-03 16:43:16.972  1859  2083 E BatteryStatsService: note final volume change AudioToPower BatteryStatsservices 10405 7530 201241 0.22387284
03-03 16:43:18.082  1859  2083 E BatteryStatsService: note final volume change AudioToPower BatteryStatsservices 10405 7530 201241 0.15848996
03-03 16:43:19.884  1859  3255 E DeviceGuardManagerService: bindLockRemoteService result = null
03-03 16:43:24.487  1859  2843 E JobScheduler.Background: Couldn't determine stopped state for unknown package: com.google.android.apps.turbo
03-03 16:43:24.488  1859  2843 E JobScheduler.Background: Couldn't determine stopped state for unknown package: com.google.android.apps.turbo
03-03 16:43:24.488  1859  2843 E JobScheduler.Background: Couldn't determine stopped state for unknown package: com.google.android.apps.turbo
03-03 16:43:24.488  1859  2843 E JobScheduler.Background: Couldn't determine stopped state for unknown package: com.google.android.apps.turbo
03-03 16:43:24.488  1859  2843 E JobScheduler.Background: Couldn't determine stopped state for unknown package: com.google.android.apps.turbo
03-03 16:43:24.891  1859  3255 E DeviceGuardManagerService: bindLockRemoteService result = null
03-03 16:43:29.896  1859  3255 E DeviceGuardManagerService: bindLockRemoteService result = null
03-03 16:43:34.900  1859  3255 E DeviceGuardManagerService: bindLockRemoteService result = null
03-03 16:43:39.912  1859  3255 E DeviceGuardManagerService: bindLockRemoteService result = null
03-03 16:43:40.655  1859  2843 E JobScheduler.Background: Couldn't determine stopped state for unknown package: com.google.android.apps.turbo
03-03 16:43:40.655  1859  2843 E JobScheduler.Background: Couldn't determine stopped state for unknown package: com.google.android.apps.turbo
03-03 16:43:40.655  1859  2843 E JobScheduler.Background: Couldn't determine stopped state for unknown package: com.google.android.apps.turbo
03-03 16:43:40.655  1859  2843 E JobScheduler.Background: Couldn't determine stopped state for unknown package: com.google.android.apps.turbo
03-03 16:43:40.656  1859  2843 E JobScheduler.Background: Couldn't determine stopped state for unknown package: com.google.android.apps.turbo
03-03 16:43:42.615  1859  2083 E BatteryStatsService: note final volume change AudioToPower BatteryStatsservices 10405 7530 201241 0.22387284
03-03 16:43:42.870  1859  2083 E BatteryStatsService: note final volume change AudioToPower BatteryStatsservices 10405 7530 201241 0.28183907
03-03 16:43:44.484  1859  2843 E JobScheduler.Background: Couldn't determine stopped state for unknown package: com.google.android.apps.turbo
03-03 16:43:44.484  1859  2843 E JobScheduler.Background: Couldn't determine stopped state for unknown package: com.google.android.apps.turbo
03-03 16:43:44.484  1859  2843 E JobScheduler.Background: Couldn't determine stopped state for unknown package: com.google.android.apps.turbo
03-03 16:43:44.484  1859  2843 E JobScheduler.Background: Couldn't determine stopped state for unknown package: com.google.android.apps.turbo
03-03 16:43:44.484  1859  2843 E JobScheduler.Background: Couldn't determine stopped state for unknown package: com.google.android.apps.turbo
03-03 16:43:44.491  1859  1878 E IMiCharge: MiCharge method 9 val = 296
03-03 16:43:44.493  1859  1878 E IMiCharge: MiCharge method 10 val = 1
03-03 16:43:44.916  1859  3255 E DeviceGuardManagerService: bindLockRemoteService result = null
03-03 16:43:49.920  1859  3255 E DeviceGuardManagerService: bindLockRemoteService result = null
03-03 16:43:54.486  1859  2843 E JobScheduler.Background: Couldn't determine stopped state for unknown package: com.google.android.apps.turbo
03-03 16:43:54.486  1859  2843 E JobScheduler.Background: Couldn't determine stopped state for unknown package: com.google.android.apps.turbo
03-03 16:43:54.486  1859  2843 E JobScheduler.Background: Couldn't determine stopped state for unknown package: com.google.android.apps.turbo
03-03 16:43:54.486  1859  2843 E JobScheduler.Background: Couldn't determine stopped state for unknown package: com.google.android.apps.turbo
03-03 16:43:54.486  1859  2843 E JobScheduler.Background: Couldn't determine stopped state for unknown package: com.google.android.apps.turbo
03-03 16:43:54.924  1859  3255 E DeviceGuardManagerService: bindLockRemoteService result = null
03-03 16:43:59.928  1859  3255 E DeviceGuardManagerService: bindLockRemoteService result = null
03-03 16:44:00.190  1859  1878 E IMiCharge: MiCharge method 32 val = 
03-03 16:44:00.192  1859  1878 E IMiCharge: MiCharge method 16 val = 0
03-03 16:44:00.197 10445 14897 E IMiCharge: MiCharge method 19 val = 0
03-03 16:44:00.200 10445 10445 E IMiCharge: MiCharge method 4 val = SDP
03-03 16:44:04.932  1859  3255 E DeviceGuardManagerService: bindLockRemoteService result = null
03-03 16:44:09.937  1859  3255 E DeviceGuardManagerService: bindLockRemoteService result = null
03-03 16:44:12.285  1859  2843 E JobScheduler.Background: Couldn't determine stopped state for unknown package: com.google.android.apps.turbo
03-03 16:44:12.285  1859  2843 E JobScheduler.Background: Couldn't determine stopped state for unknown package: com.google.android.apps.turbo
03-03 16:44:12.285  1859  2843 E JobScheduler.Background: Couldn't determine stopped state for unknown package: com.google.android.apps.turbo
03-03 16:44:12.285  1859  2843 E JobScheduler.Background: Couldn't determine stopped state for unknown package: com.google.android.apps.turbo
03-03 16:44:12.285  1859  2843 E JobScheduler.Background: Couldn't determine stopped state for unknown package: com.google.android.apps.turbo
03-03 16:44:14.498  1859  1878 E IMiCharge: MiCharge method 9 val = 299
03-03 16:44:14.500  1859  1878 E IMiCharge: MiCharge method 10 val = 1
03-03 16:44:14.940  1859  3255 E DeviceGuardManagerService: bindLockRemoteService result = null
03-03 16:44:19.945  1859  3255 E DeviceGuardManagerService: bindLockRemoteService result = null
03-03 16:44:24.950  1859  3255 E DeviceGuardManagerService: bindLockRemoteService result = null
03-03 16:44:29.956  1859  3255 E DeviceGuardManagerService: bindLockRemoteService result = null
03-03 16:44:31.841  1859  2843 E JobScheduler.Background: Couldn't determine stopped state for unknown package: com.google.android.apps.turbo
03-03 16:44:31.841  1859  2843 E JobScheduler.Background: Couldn't determine stopped state for unknown package: com.google.android.apps.turbo
03-03 16:44:31.841  1859  2843 E JobScheduler.Background: Couldn't determine stopped state for unknown package: com.google.android.apps.turbo
03-03 16:44:31.841  1859  2843 E JobScheduler.Background: Couldn't determine stopped state for unknown package: com.google.android.apps.turbo
03-03 16:44:31.841  1859  2843 E JobScheduler.Background: Couldn't determine stopped state for unknown package: com.google.android.apps.turbo
03-03 16:44:34.962  1859  3255 E DeviceGuardManagerService: bindLockRemoteService result = null
03-03 16:44:39.966  1859  3255 E DeviceGuardManagerService: bindLockRemoteService result = null
03-03 16:44:44.506  1859  2843 E JobScheduler.Background: Couldn't determine stopped state for unknown package: com.google.android.apps.turbo
03-03 16:44:44.506  1859  2843 E JobScheduler.Background: Couldn't determine stopped state for unknown package: com.google.android.apps.turbo
03-03 16:44:44.506  1859  2843 E JobScheduler.Background: Couldn't determine stopped state for unknown package: com.google.android.apps.turbo
03-03 16:44:44.506  1859  2843 E JobScheduler.Background: Couldn't determine stopped state for unknown package: com.google.android.apps.turbo
03-03 16:44:44.506  1859  2843 E JobScheduler.Background: Couldn't determine stopped state for unknown package: com.google.android.apps.turbo
03-03 16:44:44.514  1859  1878 E IMiCharge: MiCharge method 9 val = 300
03-03 16:44:44.516  1859  1878 E IMiCharge: MiCharge method 10 val = 1
03-03 16:44:44.969  1859  3255 E DeviceGuardManagerService: bindLockRemoteService result = null
03-03 16:44:49.975  1859  3255 E DeviceGuardManagerService: bindLockRemoteService result = null
03-03 16:44:54.508  1859  2843 E JobScheduler.Background: Couldn't determine stopped state for unknown package: com.google.android.apps.turbo
03-03 16:44:54.508  1859  2843 E JobScheduler.Background: Couldn't determine stopped state for unknown package: com.google.android.apps.turbo
03-03 16:44:54.508  1859  2843 E JobScheduler.Background: Couldn't determine stopped state for unknown package: com.google.android.apps.turbo
03-03 16:44:54.508  1859  2843 E JobScheduler.Background: Couldn't determine stopped state for unknown package: com.google.android.apps.turbo
03-03 16:44:54.508  1859  2843 E JobScheduler.Background: Couldn't determine stopped state for unknown package: com.google.android.apps.turbo
03-03 16:44:54.980  1859  3255 E DeviceGuardManagerService: bindLockRemoteService result = null
03-03 16:44:59.984  1859  3255 E DeviceGuardManagerService: bindLockRemoteService result = null
03-03 16:45:04.988  1859  3255 E DeviceGuardManagerService: bindLockRemoteService result = null
03-03 16:45:09.992  1859  3255 E DeviceGuardManagerService: bindLockRemoteService result = null
03-03 16:45:14.525  1859  2843 E JobScheduler.Background: Couldn't determine stopped state for unknown package: com.google.android.apps.turbo
03-03 16:45:14.525  1859  2843 E JobScheduler.Background: Couldn't determine stopped state for unknown package: com.google.android.apps.turbo
03-03 16:45:14.525  1859  2843 E JobScheduler.Background: Couldn't determine stopped state for unknown package: com.google.android.apps.turbo
03-03 16:45:14.525  1859  2843 E JobScheduler.Background: Couldn't determine stopped state for unknown package: com.google.android.apps.turbo
03-03 16:45:14.526  1859  2843 E JobScheduler.Background: Couldn't determine stopped state for unknown package: com.google.android.apps.turbo
03-03 16:45:14.526  1859  1878 E IMiCharge: MiCharge method 9 val = 301
03-03 16:45:14.529  1859  1878 E IMiCharge: MiCharge method 10 val = 1
03-03 16:45:14.999  1859  3255 E DeviceGuardManagerService: bindLockRemoteService result = null
03-03 16:45:18.605  1859  5972 E VibratorManagerServiceImpl: vibrationThreadSetParameters
03-03 16:45:18.621  1859  6896 E AppOps  : attributionTag  not declared in manifest of com.instagram.android
03-03 16:45:18.621  1859  3469 E AppOps  : attributionTag  not declared in manifest of com.instagram.android
03-03 16:45:18.641  1859  3469 E TransitionChain: Can't collect into a chain with no transition
03-03 16:45:18.656  1859  2083 E BatteryStatsService: note final volume change AudioToPower BatteryStatsservices 10405 7530 201241 0.0
03-03 16:45:18.916  1859  2083 E BatteryStatsService: note StopAudioToPower BatteryStatsservices10405 7530 201241 24714 2
03-03 16:45:19.060  1859  6896 E TransitionChain: Can't collect into a chain with no transition
03-03 16:45:19.508  1859  2843 E JobScheduler.SSRU: Job is being prepared but doesn't have a pre-existing accountToJobMap
03-03 16:45:19.688 16872 16872 E MiuiPreloadClassImpl: invoke error.
03-03 16:45:19.825 16872 16872 E TurboSchedMonitor: failed to find setSchedAffinity method com.life360.android.safetymapd
03-03 16:45:19.830 16872 16872 E TurboSchedMonitor: failed to find setSchedAffinity method com.life360.android.safetymapd
03-03 16:45:19.851 16872 16872 E TurboSchedMonitor: failed to find setSchedAffinity method com.life360.android.safetymapd
03-03 16:45:19.852 16872 16872 E TurboSchedMonitor: failed to find setSchedAffinity method com.life360.android.safetymapd
03-03 16:45:19.861 16872 16872 E TurboSchedMonitor: failed to find setSchedAffinity method com.life360.android.safetymapd
03-03 16:45:19.868 16872 16872 E TurboSchedMonitor: failed to find setSchedAffinity method com.life360.android.safetymapd
03-03 16:45:19.896 16872 16872 E TurboSchedMonitor: failed to find setSchedAffinity method com.life360.android.safetymapd
03-03 16:45:19.897 16872 16872 E TurboSchedMonitor: failed to find setSchedAffinity method com.life360.android.safetymapd
03-03 16:45:19.936 16872 16872 E TurboSchedMonitor: failed to find setSchedAffinity method com.life360.android.safetymapd
03-03 16:45:19.996 16872 16872 E TurboSchedMonitor: failed to find setSchedAffinity method com.life360.android.safetymapd
03-03 16:45:20.004  1859  3255 E DeviceGuardManagerService: bindLockRemoteService result = null
03-03 16:45:20.043 16872 16872 E TurboSchedMonitor: failed to find setSchedAffinity method com.life360.android.safetymapd
03-03 16:45:20.044 16872 16872 E TurboSchedMonitor: failed to find setSchedAffinity method com.life360.android.safetymapd
03-03 16:45:20.052 16872 16872 E TurboSchedMonitor: failed to find setSchedAffinity method com.life360.android.safetymapd
03-03 16:45:20.054 16872 16872 E TurboSchedMonitor: failed to find setSchedAffinity method com.life360.android.safetymapd
03-03 16:45:20.054 16872 16872 E TurboSchedMonitor: failed to find setSchedAffinity method com.life360.android.safetymapd
03-03 16:45:20.056 16872 16872 E TurboSchedMonitor: failed to find setSchedAffinity method com.life360.android.safetymapd
03-03 16:45:20.058 16872 16872 E TurboSchedMonitor: failed to find setSchedAffinity method com.life360.android.safetymapd
03-03 16:45:20.059 16872 16872 E TurboSchedMonitor: failed to find setSchedAffinity method com.life360.android.safetymapd
03-03 16:45:20.067 16872 16872 E TurboSchedMonitor: failed to find setSchedAffinity method com.life360.android.safetymapd
03-03 16:45:20.068 16872 16872 E TurboSchedMonitor: failed to find setSchedAffinity method com.life360.android.safetymapd
03-03 16:45:20.073  1859  3085 E NotificationVibratorHelper: Error creating vibration waveform with pattern: [0]
03-03 16:45:20.074  1859  3085 E NotificationVibratorHelper: Error creating vibration waveform with pattern: [0]
03-03 16:45:20.077  1859  3085 E NotificationVibratorHelper: Error creating vibration waveform with pattern: [0]
03-03 16:45:20.077  1859  3085 E NotificationVibratorHelper: Error creating vibration waveform with pattern: [0]
03-03 16:45:20.097 16872 16872 E TurboSchedMonitor: failed to find setSchedAffinity method com.life360.android.safetymapd
03-03 16:45:20.098 16872 16872 E TurboSchedMonitor: failed to find setSchedAffinity method com.life360.android.safetymapd
03-03 16:45:20.111 16872 16872 E TurboSchedMonitor: failed to find setSchedAffinity method com.life360.android.safetymapd
03-03 16:45:20.112 16872 16872 E TurboSchedMonitor: failed to find setSchedAffinity method com.life360.android.safetymapd
03-03 16:45:20.112 16872 16872 E TurboSchedMonitor: failed to find setSchedAffinity method com.life360.android.safetymapd
03-03 16:45:20.112 16872 16872 E TurboSchedMonitor: failed to find setSchedAffinity method com.life360.android.safetymapd
03-03 16:45:20.120 16872 16872 E TurboSchedMonitor: failed to find setSchedAffinity method com.life360.android.safetymapd
